[www.w3cschool.cn/html/index.html]
[backblue.gif]
[fade.gif]
[index.html]
[www.w3cschool.cn/statics/plugins/font-awesome/css/font-awesome.min.css]
[www.w3cschool.cn/statics/css/w3.css]
[www.w3cschool.cn/statics/css/style-kn-project-view.css]
[www.w3cschool.cn/statics/css/style-theme.css]
[www.w3cschool.cn/statics/css/project.css]
[www.w3cschool.cn/plugins/highlight/styles/default.css]
[www.w3cschool.cn/plugins/highlight/highlight.pack.js]
[www.w3cschool.cn/statics/js/jquery-1.8.3.min.js]
[www.w3cschool.cn/statics/plugins/jquery-slimscroll/jquery.slimscroll.min.js]
[7nsts.w3cschool.cn/images/w3c/header-logo.png]
[www.w3cschool.cn/statics/js/project.leftbox.js]
[7nsts.w3cschool.cn/images/w3c/app-qrcode2.png]
[7nsts.w3cschool.cn/images/w3c/w3cschool.png]
[7n.w3cschool.cn/attachments/avatar2/avatar_14.jpg]
[www.w3cschool.cn/attachments/cover/cover_html.png]
[www.w3cschool.cn/html/topic.html]
[www.w3cschool.cn/html/html-tutorial.html]
[www.w3cschool.cn/html/html-intro.html]
[www.w3cschool.cn/html/list/index.html]
[www.w3cschool.cn/html/html-editors.html]
[www.w3cschool.cn/html/html-basic.html]
[www.w3cschool.cn/html/html-elements.html]
[www.w3cschool.cn/html/html-attributes.html]
[www.w3cschool.cn/html/html-heading.html]
[www.w3cschool.cn/html/html-paragraphs.html]
[www.w3cschool.cn/html/html-formatting.html]
[www.w3cschool.cn/html/html-links.html]
[www.w3cschool.cn/html/html-head.html]
[www.w3cschool.cn/html/html-css.html]
[www.w3cschool.cn/html/html-images.html]
[www.w3cschool.cn/html/html-tables.html]
[www.w3cschool.cn/html/html-lists.html]
[www.w3cschool.cn/html/html-blocks.html]
[www.w3cschool.cn/html/html-layouts.html]
[www.w3cschool.cn/html/html-form.html]
[www.w3cschool.cn/html/html-iframes.html]
[www.w3cschool.cn/html/html-colors.html]
[www.w3cschool.cn/html/html-colornames.html]
[www.w3cschool.cn/html/html-colorvalues.html]
[www.w3cschool.cn/html/html-scripts.html]
[www.w3cschool.cn/html/html-entities.html]
[www.w3cschool.cn/html/html-url.html]
[www.w3cschool.cn/html/html-quicklist.html]
[www.w3cschool.cn/html/html-summary.html]
[www.w3cschool.cn/html/html-xhtml.html]
[www.w3cschool.cn/html/html-media.html]
[www.w3cschool.cn/html/html-object.html]
[www.w3cschool.cn/html/html-sounds.html]
[www.w3cschool.cn/html/html-videos.html]
[www.w3cschool.cn/html/html-examples.html]
[www.w3cschool.cn/html/html-html_examples.html]
[www.w3cschool.cn/html/html-html_quiz.html]
[www.w3cschool.cn/html/html-codecamp.html]
[www.w3cschool.cn/html/html-css-index.html]
[www.w3cschool.cn/html/html-space.html]
[www.w3cschool.cn/html/html-code.html]
[www.w3cschool.cn/html/html-Label.html]
[www.w3cschool.cn/html/html-template.html]
[www.w3cschool.cn/html/html-textbox.html]
[www.w3cschool.cn/html/html-scrollbar.html]
[www.w3cschool.cn/html/html-copyright.html]
[www.w3cschool.cn/html/html-cui11xk2.html]
[www.w3cschool.cn/attachments/avatar2/avatar_2.jpg]
[www.w3cschool.cn/attachments/image/20170526/1495798408306247.jpg]
[www.w3cschool.cn/html/html-css-resource-link.html]
[www.w3cschool.cn/html/html-css-meta.html]
[www.w3cschool.cn/html/html-css-document.html]
[www.w3cschool.cn/html/question-10231638.html]
[www.w3cschool.cn/html/question-10231585.html]
[www.w3cschool.cn/html/question-10231673.html]
[www.w3cschool.cn/html/question-10231663.html]
[www.w3cschool.cn/html/question-10231665.html]
[www.w3cschool.cn/html/question-10231594.html]
[www.w3cschool.cn/html/question-10231351.html]
[www.w3cschool.cn/html/question-10231661.html]
[www.w3cschool.cn/html/question-10231667.html]
[www.w3cschool.cn/html/question-10231675.html]
[www.w3cschool.cn/html/dict.html]
[www.w3cschool.cn/attachments/image/20181018/1539830574172884.png]
[www.w3cschool.cn/html/index-2.html]
[7nsts.w3cschool.cn/images/w3c/w3cschool.jpg]
[www.w3cschool.cn/plugins/ueditor/third-party/SyntaxHighlighter/shCore.min.js]
[www.w3cschool.cn/statics/js/commonfooter.js]
[www.w3cschool.cn/statics/js/project.view.js]
[www.w3cschool.cn/statics/core/ajaxdo.core.js]
[www.w3cschool.cn/statics/js/paypraise.js]
[www.w3cschool.cn/html/index.html]
[www.w3cschool.cn/statics/plugins/font-awesome/css/font-awesome.min.css]
[7nsts.w3cschool.cn/images/w3c/icon-n.png]
[www.w3cschool.cn/plugins/baidushare/js/share6e53.js]
[7nsts.w3cschool.cn/images/w3c/icon-h.gif]
[7nsts.w3cschool.cn/images/w3c/vip-sicon0.png]
[7nsts.w3cschool.cn/images/w3c/vip-sicon1.png]
[7nsts.w3cschool.cn/images/w3c/vip-sicon2.png]
[7nsts.w3cschool.cn/yimages/icon-angle-down1.png]
[7nsts.w3cschool.cn/images/w3c/header-app1b99.png]
[7nsts.w3cschool.cn/yimages/icons.png]
[7nsts.w3cschool.cn/yimages/icon-home1.png]
[7nsts.w3cschool.cn/yimages/icon-cog1.png]
[7nsts.w3cschool.cn/yimages/icon-key1.png]
[7nsts.w3cschool.cn/yimages/icon-note1dde8.png]
[7nsts.w3cschool.cn/yimages/icon-user1.png]
[7nsts.w3cschool.cn/yimages/icon-home2.png]
[7nsts.w3cschool.cn/yimages/icon-cog2.png]
[7nsts.w3cschool.cn/yimages/icon-key2.png]
[7nsts.w3cschool.cn/yimages/icon-note2dde8.png]
[7nsts.w3cschool.cn/yimages/icon-user2.png]
[7nsts.w3cschool.cn/images/w3c/notice-icon.png]
[7nsts.w3cschool.cn/yimages/share-more.png]
[7nsts.w3cschool.cn/images/w3c/icon-home.png]
[7nsts.w3cschool.cn/yimages/pass.png]
[7nsts.w3cschool.cn/images/w3c/sns-sprite.png]
[7nsts.w3cschool.cn/images/w3c/success.png]
[7nsts.w3cschool.cn/images/w3c/error.png]
[7nsts.w3cschool.cn/images/w3c/content-group.png]
[7nsts.w3cschool.cn/yimages/question-icon.png]
[7nsts.w3cschool.cn/images/w3c/icon-article.png]
[7nsts.w3cschool.cn/images/w3c/close-btn.png]
[7nsts.w3cschool.cn/yimages/register_bg.png]
[7nsts.w3cschool.cn/yimages/vip_ico.png]
[7nsts.w3cschool.cn/yimages/qr-img.png]
[7nsts.w3cschool.cn/yimages/backgrounds.32.png]
[7nsts.w3cschool.cn/yimages/qqkf.jpg]
[7nsts.w3cschool.cn/yimages/qqkf_hv.jpg]
[7nsts.w3cschool.cn/yimages/jyfk.jpg]
[7nsts.w3cschool.cn/yimages/jyfk_hv.jpg]
[www.w3cschool.cn/statics/css/w3.css]
[www.w3cschool.cn/statics/yimages/tree1.gif]
[www.w3cschool.cn/statics/yimages/tree2.gif]
[www.w3cschool.cn/statics/yimages/tree2_view.gif]
[www.w3cschool.cn/statics/yimages/jia.png]
[www.w3cschool.cn/statics/yimages/jian.png]
[www.w3cschool.cn/statics/yimages/scroll.png]
[www.w3cschool.cn/statics/yimages/close.png]
[www.w3cschool.cn/statics/img/star-off.png]
[www.w3cschool.cn/statics/img/star-on.png]
[www.w3cschool.cn/statics/css/style-kn-project-view.css]
[www.w3cschool.cn/statics/css/style-theme.css]
[www.w3cschool.cn/statics/yimages/compatible_ie.gif]
[www.w3cschool.cn/statics/yimages/compatible_firefox.gif]
[www.w3cschool.cn/statics/yimages/compatible_chrome.gif]
[www.w3cschool.cn/statics/yimages/compatible_safari.gif]
[www.w3cschool.cn/statics/yimages/compatible_opera.gif]
[www.w3cschool.cn/statics/yimages/compatible_ie2020.gif]
[www.w3cschool.cn/statics/yimages/precompatible_ie5920.gif]
[www.w3cschool.cn/statics/yimages/compatible_firefox2020.gif]
[www.w3cschool.cn/statics/yimages/precompatible_firefox5920.gif]
[www.w3cschool.cn/statics/yimages/compatible_chrome2020.gif]
[www.w3cschool.cn/statics/yimages/precompatible_chrome5920.gif]
[www.w3cschool.cn/statics/yimages/compatible_safari2020.gif]
[www.w3cschool.cn/statics/yimages/precompatible_safari5920.gif]
[www.w3cschool.cn/statics/yimages/compatible_opera2020.gif]
[www.w3cschool.cn/statics/yimages/precompatible_opera5920.gif]
[www.w3cschool.cn/statics/css/project.css]
[www.w3cschool.cn/plugins/highlight/styles/default.css]
[www.w3cschool.cn/html/list4658.html]
[www.w3cschool.cn/html/list9ba9.html]
[www.w3cschool.cn/html/listfdb0.html]
[www.w3cschool.cn/html/listaf4d.html]
[www.w3cschool.cn/html/listc575.html]
[www.w3cschool.cn/html/list235c.html]
[www.w3cschool.cn/attachments/image/20180906/1536214488358385.png]
[7n.w3cschool.cn/statics/images/w3c/w3cschool743e.png]
[7n.w3cschool.cn/statics/images/w3c/w3cschool743e.jpg]
[www.w3cschool.cn/html/list/index.html]
[www.w3cschool.cn/statics/css/question.css]
[www.w3cschool.cn/statics/yimages/positionred.png]
[www.w3cschool.cn/html/topic0e61.html]
[www.w3cschool.cn/html/topicee8d.html]
[www.w3cschool.cn/html/topice706.html]
[www.w3cschool.cn/attachments/avatar2/avatar_19151.png]
[www.w3cschool.cn/attachments/avatar2/avatar_75.jpg]
[www.w3cschool.cn/attachments/avatar2/avatar_101.jpg]
[www.w3cschool.cn/attachments/avatar2/avatar_73.jpg]
[www.w3cschool.cn/attachments/avatar2/avatar_98.jpg]
[www.w3cschool.cn/attachments/avatar2/avatar_14965.png]
[www.w3cschool.cn/attachments/avatar2/avatar_10308.jpg]
[www.w3cschool.cn/attachments/avatar2/avatar_70.jpg]
[www.w3cschool.cn/html/question-10231664.html]
[www.w3cschool.cn/attachments/avatar2/avatar_71.jpg]
[www.w3cschool.cn/html/question-10231662.html]
[www.w3cschool.cn/attachments/avatar2/avatar_20579.jpg]
[www.w3cschool.cn/html/question-10231650.html]
[www.w3cschool.cn/html/topic.html]
[www.w3cschool.cn/statics/js/question.js]
[www.w3cschool.cn/html/241bxf21.html]
[www.w3cschool.cn/attachments/image/20181019/1539919615700323.png]
[www.w3cschool.cn/html/html-tutorial.html]
[www.w3cschool.cn/html/html5-mathml.html]
[7n.w3cschool.cn/statics/images/course/lamp.jpg]
[7n.w3cschool.cn/statics/images/course/pic_ie.jpg]
[www.w3cschool.cn/html/html-intro.html]
[7n.w3cschool.cn/attachments/image/20171114/1510648515556688.png]
[7n.w3cschool.cn/attachments/image/20160401/1459508361230197.png]
[7n.w3cschool.cn/attachments/image/20161102/1478054943670784.jpg]
[7n.w3cschool.cn/attachments/day_161102/201611021051228029.png]
[7n.w3cschool.cn/attachments/image/20161102/1478055506771730.jpg]
[7n.w3cschool.cn/attachments/day_161102/201611021058423696.png]
[7n.w3cschool.cn/attachments/image/20161102/1478055722875420.jpg]
[7n.w3cschool.cn/attachments/day_161102/201611021102288399.png]
[7n.w3cschool.cn/attachments/image/20161102/1478055955617027.jpg]
[7n.w3cschool.cn/attachments/day_161102/201611021106194883.png]
[www.w3cschool.cn/html/html-editors.html]
[www.w3cschool.cn/html/html-basic.html]
[www.w3cschool.cn/html/default.htm_这是_来自HTML]
[www.w3cschool.cn/html/html-elements.html]
[7n.w3cschool.cn/statics/images/course/lamp.gif]
[www.w3cschool.cn/html/html-attributes.html]
[7n.w3cschool.cn/statics/images/course/tryitimg.gif]
[www.w3cschool.cn/html/html-heading.html]
[www.w3cschool.cn/html/html-paragraphs.html]
[www.w3cschool.cn/html/html-formatting.html]
[www.w3cschool.cn/html/html-links.html]
[www.w3cschool.cn/html/html-head.html]
[www.w3cschool.cn/attachments/day_161103/201611031601501661.png]
[www.w3cschool.cn/attachments/day_161103/201611031601501547.png]
[www.w3cschool.cn/attachments/day_161103/201611031601506100.png]
[7n.w3cschool.cn/attachments/image/20161104/1478228837541626.jpg]
[7n.w3cschool.cn/attachments/image/20161104/1478228880324099.jpg]
[7n.w3cschool.cn/attachments/image/20161104/1478228898547376.jpg]
[7n.w3cschool.cn/attachments/image/20161104/1478228937824818.jpg]
[7n.w3cschool.cn/attachments/image/20161104/1478228958587028.jpg]
[7n.w3cschool.cn/attachments/image/20161104/1478228995751857.jpg]
[www.w3cschool.cn/html/html-css.html]
[7n.w3cschool.cn/statics/images/course/pulpit.jpg]
[www.w3cschool.cn/html/html-images.html]
[www.w3cschool.cn/html/html-tables.html]
[www.w3cschool.cn/html/html-lists.html]
[www.w3cschool.cn/html/html-blocks.html]
[www.w3cschool.cn/html/html-layouts.html]
[7n.w3cschool.cn/attachments/day_161107/201611071429158384.png]
[7n.w3cschool.cn/statics/images/course/tryitpic.gif]
[www.w3cschool.cn/html/html-form.html]
[www.w3cschool.cn/html/URL__/iframe_]
[www.w3cschool.cn/html/html-iframes.html]
[www.w3cschool.cn/html/html-colors.html]
[www.w3cschool.cn/html/html-colornames.html]
[www.w3cschool.cn/html/html-colorvalues.html]
[www.w3cschool.cn/statics/images/course/lamp.gif]
[www.w3cschool.cn/html/html-scripts.html]
[www.w3cschool.cn/html/html-entities.html]
[www.w3cschool.cn/html/html-url.html]
[www.w3cschool.cn/html/html-quicklist.html]
[www.w3cschool.cn/html/html-summary.html]
[www.w3cschool.cn/html/9odg1ptd.html]
[www.w3cschool.cn/html/html-xhtml.html]
[www.w3cschool.cn/html/1pdjxf21.html]
[7n.w3cschool.cn/statics/images/course/pic_video.jpg]
[www.w3cschool.cn/html/html-media.html]
[www.w3cschool.cn/html/html-object.html]
[www.w3cschool.cn/html/html-sounds.html]
[www.w3cschool.cn/html/html-videos.html]
[www.w3cschool.cn/html/html-examples.html]
[www.w3cschool.cn/html/html-html_examples.html]
[www.w3cschool.cn/html/html-html_quiz.html]
[www.w3cschool.cn/html/y12r1210.html]
[www.w3cschool.cn/html/html-codecamp.html]
[www.w3cschool.cn/html/html-fj7r22x9.html]
[www.w3cschool.cn/html/html-css-element.html]
[www.w3cschool.cn/html/html-css-attribute.html]
[www.w3cschool.cn/html/html-css-structure.html]
[www.w3cschool.cn/html/html-css-entities.html]
[www.w3cschool.cn/html/html-css-style.html]
[www.w3cschool.cn/html/html-css-favicon.html]
[www.w3cschool.cn/html/html-css-script.html]
[www.w3cschool.cn/html/html-css-basic-tags.html]
[www.w3cschool.cn/html/html-css-content.html]
[www.w3cschool.cn/html/html-css-hyperlinks.html]
[www.w3cschool.cn/html/html-css-format.html]
[www.w3cschool.cn/html/html-css-list.html]
[www.w3cschool.cn/html/html-css-figure.html]
[www.w3cschool.cn/html/html-css-image.html]
[www.w3cschool.cn/html/html-css-iframe.html]
[www.w3cschool.cn/html/html-css-table.html]
[www.w3cschool.cn/html/html-css-table-header.html]
[www.w3cschool.cn/html/html-css-table-column.html]
[www.w3cschool.cn/html/html-css-table-span.html]
[www.w3cschool.cn/html/html-css-table-caption.html]
[www.w3cschool.cn/html/html-css-table-borders.html]
[www.w3cschool.cn/html/html-css-form.html]
[www.w3cschool.cn/html/html-css-form-encoding.html]
[www.w3cschool.cn/html/html-css-form-attribute.html]
[www.w3cschool.cn/html/html-css-form-label.html]
[www.w3cschool.cn/html/html-css-form-fieldset.html]
[www.w3cschool.cn/html/html-css-form-button.html]
[www.w3cschool.cn/html/html-css-form-input.html]
[www.w3cschool.cn/html/html-css-form-input-type.html]
[www.w3cschool.cn/html/html-css-form-select.html]
[www.w3cschool.cn/html/html-css-form-textarea.html]
[www.w3cschool.cn/html/html-css-form-output.html]
[www.w3cschool.cn/html/html-css-form-input-validation.html]
[www.w3cschool.cn/html/html-css-object.html]
[www.w3cschool.cn/html/html-css-progress.html]
[www.w3cschool.cn/html/html-css-meter.html]
[www.w3cschool.cn/html/html-css-index.html]
[www.w3cschool.cn/html/html-7c4s1zxz.html]
[7n.w3cschool.cn/attachments/image/20161101/1477993032301450.jpg]
[www.w3cschool.cn/html/html-space.html]
[www.w3cschool.cn/html/4flh1s7s.html]
[7n.w3cschool.cn/attachments/image/20161102/1478070946803086.jpg]
[7n.w3cschool.cn/attachments/image/20161102/1478070997155371.jpg]
[7n.w3cschool.cn/attachments/image/20161102/1478071046585990.jpg]
[7n.w3cschool.cn/attachments/image/20161102/1478071116447862.jpg]
[www.w3cschool.cn/html/html-code.html]
[www.w3cschool.cn/html/地址]
[7n.w3cschool.cn/statics/images/logo.png]
[www.w3cschool.cn/html/图片路径]
[www.w3cschool.cn/html/html-Label.html]
[7n.w3cschool.cn/attachments/image/20161103/1478141091243306.jpg]
[7n.w3cschool.cn/attachments/image/20161103/1478141225448571.jpg]
[7n.w3cschool.cn/attachments/image/20161103/1478141478197842.jpg]
[7n.w3cschool.cn/attachments/image/20161103/1478141639608808.jpg]
[7n.w3cschool.cn/attachments/image/20161103/1478142178602089.jpg]
[7n.w3cschool.cn/attachments/image/20161103/1478142283284999.jpg]
[7n.w3cschool.cn/attachments/image/20161103/1478142442106782.jpg]
[7n.w3cschool.cn/attachments/image/20161103/1478142503525686.jpg]
[7n.w3cschool.cn/attachments/image/20161103/1478142660725171.jpg]
[7n.w3cschool.cn/attachments/image/20161103/1478142735566234.jpg]
[7n.w3cschool.cn/attachments/image/20161103/1478142807924876.jpg]
[7n.w3cschool.cn/attachments/image/20161103/1478142883713030.jpg]
[7n.w3cschool.cn/attachments/image/20161103/1478142968350148.jpg]
[7n.w3cschool.cn/attachments/image/20161103/1478143154575436.jpg]
[7n.w3cschool.cn/attachments/image/20161103/1478143349933835.jpg]
[7n.w3cschool.cn/attachments/image/20161103/1478143526759595.jpg]
[7n.w3cschool.cn/attachments/image/20161103/1478143727434784.jpg]
[7n.w3cschool.cn/attachments/image/20161103/1478143805141885.jpg]
[7n.w3cschool.cn/attachments/image/20161103/1478143857422301.jpg]
[7n.w3cschool.cn/attachments/image/20161103/1478143925243022.jpg]
[www.w3cschool.cn/html/html-template.html]
[7n.w3cschool.cn/attachments/day_161104/201611041116189819.jpg]
[7n.w3cschool.cn/attachments/image/20161104/1478232046443522.jpg]
[7n.w3cschool.cn/attachments/day_161104/201611041123118039.jpg]
[7n.w3cschool.cn/attachments/image/20161104/1478231990538725.jpg]
[7n.w3cschool.cn/attachments/image/20161104/1478232013272322.jpg]
[www.w3cschool.cn/html/html-textbox.html]
[7n.w3cschool.cn/attachments/image/20161104/1478247777921885.jpg]
[img.my.csdn.net/uploads/201201/31/0_13280475138Ul6.gif_; filename_=utf-8' '0_13280475138Ul6.gif]
[7n.w3cschool.cn/attachments/image/20161104/1478247804123760.jpg]
[7n.w3cschool.cn/attachments/image/20161104/1478247861541581.jpg]
[www.w3cschool.cn/html/html-scrollbar.html]
[7n.w3cschool.cn/attachments/day_161104/201611041806062475.png]
[7n.w3cschool.cn/attachments/image/20161104/1478253993217907.jpg]
[www.w3cschool.cn/html/html-copyright.html]
[7n.w3cschool.cn/attachments/image/20171117/1510913702556695.png]
[7n.w3cschool.cn/attachments/image/20171117/1510913804746683.png]
[7n.w3cschool.cn/attachments/image/20171117/1510913823284757.png]
[7n.w3cschool.cn/attachments/image/20171117/1510913555118340.png]
[7n.w3cschool.cn/attachments/image/20171117/1510913563674454.png]
[www.w3cschool.cn/html/html-cui11xk2.html]
[www.w3cschool.cn/html/html-css-resource-link.html]
[www.w3cschool.cn/html/html-css-meta.html]
[www.w3cschool.cn/html/html-css-document.html]
[www.w3cschool.cn/attachments/avatar2/avatar_105.jpg]
[www.w3cschool.cn/attachments/day_161121/201611211117125464.png]
[www.w3cschool.cn/attachments/avatar2/avatar_60691.jpg]
[www.w3cschool.cn/attachments/avatar2/avatar_191633.png]
[www.w3cschool.cn/attachments/avatar2/avatar_12139.jpg]
[www.w3cschool.cn/attachments/avatar2/avatar_98387.jpg]
[www.w3cschool.cn/attachments/avatar2/avatar_38265.jpg]
[www.w3cschool.cn/attachments/avatar2/avatar_13342.jpg]
[www.w3cschool.cn/attachments/avatar2/avatar_54677.jpg]
[www.w3cschool.cn/attachments/avatar2/avatar_497809.jpg]
[www.w3cschool.cn/attachments/avatar2/avatar_574753.jpg]
[www.w3cschool.cn/attachments/avatar2/avatar_558111.jpg]
[www.w3cschool.cn/attachments/avatar2/avatar_12263.jpg]
[www.w3cschool.cn/attachments/avatar2/avatar_25760.jpg]
[www.w3cschool.cn/attachments/avatar2/avatar_10197.jpg]
[www.w3cschool.cn/attachments/avatar2/avatar_11545.jpg]
[www.w3cschool.cn/attachments/avatar2/avatar_132267.png]
[www.w3cschool.cn/attachments/avatar2/avatar_310597.jpg]
[www.w3cschool.cn/attachments/avatar2/avatar_145876.jpg]
[www.w3cschool.cn/attachments/avatar2/avatar_407593.jpg]
[www.w3cschool.cn/attachments/avatar2/avatar_375370.jpg]
[www.w3cschool.cn/attachments/avatar2/avatar_25712.jpg]
[www.w3cschool.cn/attachments/avatar2/avatar_21897.jpg]
[www.w3cschool.cn/html/question-1023163838ad.html]
[www.w3cschool.cn/html/question-10231638.html]
[www.w3cschool.cn/plugins/ueditor/third-party/SyntaxHighlighter/shCore.js]
[www.w3cschool.cn/statics/js/share.js]
[www.w3cschool.cn/attachments/day_161028/201610281209509318.png]
[www.w3cschool.cn/attachments/avatar2/avatar_72.jpg]
[www.w3cschool.cn/html/html-forms.html]
[www.w3cschool.cn/attachments/avatar2/avatar_50966.jpg]
[www.w3cschool.cn/attachments/avatar2/avatar_41083.png]
[www.w3cschool.cn/attachments/avatar2/avatar_117563.jpg]
[www.w3cschool.cn/attachments/avatar2/avatar_173672.jpg]
[www.w3cschool.cn/attachments/avatar2/avatar_216312.jpg]
[www.w3cschool.cn/attachments/avatar2/avatar_319357.png]
[www.w3cschool.cn/attachments/avatar2/avatar_447775.jpg]
[www.w3cschool.cn/attachments/avatar2/avatar_607602.jpg]
[www.w3cschool.cn/html/question-10231585.html]
[www.w3cschool.cn/attachments/avatar2/avatar_96.jpg]
[www.w3cschool.cn/attachments/day_161201/201612011637248313.png]
[www.w3cschool.cn/attachments/avatar2/avatar_277981.jpg]
[www.w3cschool.cn/attachments/avatar2/avatar_26122.jpg]
[www.w3cschool.cn/attachments/avatar2/avatar_21784.jpg]
[www.w3cschool.cn/attachments/avatar2/avatar_261152.jpg]
[www.w3cschool.cn/attachments/avatar2/avatar_31174.jpg]
[www.w3cschool.cn/attachments/avatar2/avatar_530301.jpg]
[www.w3cschool.cn/attachments/avatar2/avatar_665908.jpg]
[www.w3cschool.cn/html/question-10231673.html]
[www.w3cschool.cn/attachments/avatar2/avatar_149.jpg]
[www.w3cschool.cn/attachments/day_161129/201611291125267601.png]
[www.w3cschool.cn/attachments/day_161129/201611291126534471.png]
[www.w3cschool.cn/attachments/day_161129/201611291129347086.png]
[www.w3cschool.cn/attachments/avatar2/avatar_19782.jpg]
[www.w3cschool.cn/attachments/avatar2/avatar_37214.png]
[www.w3cschool.cn/attachments/avatar2/avatar_584152.jpg]
[www.w3cschool.cn/html/question-10231663.html]
[www.w3cschool.cn/attachments/avatar2/avatar_161.jpg]
[www.w3cschool.cn/attachments/avatar2/avatar_11011.jpg]
[www.w3cschool.cn/attachments/avatar2/avatar_209580.jpg]
[www.w3cschool.cn/html/question-10231665.html]
[www.w3cschool.cn/attachments/avatar2/avatar_18.jpg]
[www.w3cschool.cn/attachments/avatar2/avatar_74285.jpg]
[www.w3cschool.cn/attachments/avatar2/avatar_309417.jpg]
[www.w3cschool.cn/html/question-10231594.html]
[www.w3cschool.cn/attachments/avatar2/avatar_12222.jpg]
[www.w3cschool.cn/html/question-10231351.html]
[www.w3cschool.cn/attachments/avatar2/avatar_99.jpg]
[www.w3cschool.cn/html/question-10231661.html]
[www.w3cschool.cn/attachments/avatar2/avatar_650207.jpg]
[www.w3cschool.cn/html/question-10231667.html]
[www.w3cschool.cn/attachments/day_161201/201612011722348638.png]
[www.w3cschool.cn/attachments/day_161201/201612011753411880.png]
[www.w3cschool.cn/attachments/day_161201/201612011758259676.png]
[www.w3cschool.cn/attachments/avatar2/avatar_15465.jpg]
[www.w3cschool.cn/html/question-10231675.html]
[apps.bdimg.com/libs/bootstrap/3.1.1/css/bootstrap.min.css]
[www.w3cschool.cn/html/dict.html]
[www.w3cschool.cn/html/index-2.html]
[7nsts.w3cschool.cn/images/w3c/icon-copy.html]
[www.w3cschool.cn/statics/css/dict_view.css]
[www.w3cschool.cn/html/list4658.html]
[www.w3cschool.cn/html/list9ba9.html]
[www.w3cschool.cn/html/listfdb0.html]
[www.w3cschool.cn/html/listaf4d.html]
[www.w3cschool.cn/html/list2679.html]
[www.w3cschool.cn/html/html-brge22wl.html]
[www.w3cschool.cn/html/html-s5o81zz3.html]
[www.w3cschool.cn/html/html-cx1k1zym.html]
[www.w3cschool.cn/html/html-i43a1zyj.html]
[www.w3cschool.cn/html/listc575.html]
[www.w3cschool.cn/html/list235c.html]
[www.w3cschool.cn/html/html-r9f41zya.html]
[www.w3cschool.cn/statics/yimages/thumbs-up.png]
[www.w3cschool.cn/statics/yimages/thumbs-down.png]
[www.w3cschool.cn/statics/yimages/share.png]
[www.w3cschool.cn/statics/yimages/comment-icon.png]
[www.w3cschool.cn/statics/yimages/icon-focus.png]
[www.w3cschool.cn/statics/css/question.css]
[www.w3cschool.cn/html/topic0e61.html]
[www.w3cschool.cn/html/topicee8d.html]
[www.w3cschool.cn/html/topice706.html]
[www.w3cschool.cn/html/question-10231664.html]
[www.w3cschool.cn/attachments/day_161129/201611291047109761.png]
[www.w3cschool.cn/html/question-10231662.html]
[www.w3cschool.cn/attachments/day_161128/201611281143476675.png]
[www.w3cschool.cn/attachments/day_161128/201611281812495323.png]
[www.w3cschool.cn/html/question-10231650.html]
[www.w3cschool.cn/html/241bxf21.html]
[7n.w3cschool.cn/attachments/image/20171009/1507531796172532.png]
[7n.w3cschool.cn/attachments/image/20171009/1507531804978550.png]
[7n.w3cschool.cn/attachments/image/20171009/1507531814300238.png]
[www.w3cschool.cn/html/html5-mathml.html]
[www.w3cschool.cn/html/default.html]
[www.w3cschool.cn/html/URL__/iframe_.html]
[www.w3cschool.cn/html/9odg1ptd.html]
[www.w3cschool.cn/html/1pdjxf21.html]
[www.w3cschool.cn/html/y12r1210.html]
[www.w3cschool.cn/html/html-fj7r22x9.html]
[www.w3cschool.cn/html/html-css-element.html]
[www.w3cschool.cn/html/_/index.html__CSS_/a_]
[www.w3cschool.cn/html/html-css-attribute.html]
[www.w3cschool.cn/html/html-css-structure.html]
[www.w3cschool.cn/html/html-css-entities.html]
[www.w3cschool.cn/html/html-css-style.html]
[www.w3cschool.cn/html/html-css-favicon.html]
[www.w3cschool.cn/html/html-css-script.html]
[www.w3cschool.cn/html/html-css-basic-tags.html]
[www.w3cschool.cn/html/html-css-content.html]
[www.w3cschool.cn/html/html-css-hyperlinks.html]
[www.w3cschool.cn/html/html-css-format.html]
[www.w3cschool.cn/html/html-css-list.html]
[7n.w3cschool.cn/attachments/image/20170112/1484192724397677.png]
[www.w3cschool.cn/html/html-css-figure.html]
[www.w3cschool.cn/html/html-css-image.html]
[www.w3cschool.cn/html/html-css-iframe.html]
[www.w3cschool.cn/html/html-css-table.html]
[www.w3cschool.cn/html/html-css-table-header.html]
[www.w3cschool.cn/html/html-css-table-column.html]
[www.w3cschool.cn/html/html-css-table-span.html]
[www.w3cschool.cn/html/html-css-table-caption.html]
[www.w3cschool.cn/html/html-css-table-borders.html]
[www.w3cschool.cn/html/html-css-form.html]
[www.w3cschool.cn/html/html-css-form-encoding.html]
[www.w3cschool.cn/html/html-css-form-attribute.html]
[www.w3cschool.cn/html/html-css-form-label.html]
[www.w3cschool.cn/html/html-css-form-fieldset.html]
[www.w3cschool.cn/html/html-css-form-button.html]
[www.w3cschool.cn/html/html-css-form-input.html]
[www.w3cschool.cn/html/html-css-form-input-type.html]
[www.w3cschool.cn/html/html-css-form-select.html]
[www.w3cschool.cn/html/html-css-form-textarea.html]
[www.w3cschool.cn/html/html-css-form-output.html]
[www.w3cschool.cn/html/html-css-form-input-validation.html]
[www.w3cschool.cn/html/html-css-object.html]
[www.w3cschool.cn/html/html-css-progress.html]
[www.w3cschool.cn/html/html-css-meter.html]
[www.w3cschool.cn/html/html-7c4s1zxz.html]
[www.w3cschool.cn/html/4flh1s7s.html]
[www.w3cschool.cn/html/地址.html]
[www.w3cschool.cn/html/图片路径.html]
[www.w3cschool.cn/attachments/avatar2/avatar_565996.jpg]
[www.w3cschool.cn/html/question-1023163838ad.html]
[www.w3cschool.cn/html/html-forms.html]
[apps.bdimg.com/libs/bootstrap/3.1.1/css/bootstrap.min.css]
[www.w3cschool.cn/html/question-102316383450.html]
[www.w3cschool.cn/statics/images/background.jpg]
[www.w3cschool.cn/statics/css/dict_view.css]
[www.w3cschool.cn/html/list2679.html]
[www.w3cschool.cn/html/html-brge22wl.html]
[www.w3cschool.cn/html/html-s5o81zz3.html]
[www.w3cschool.cn/html/html-cx1k1zym.html]
[www.w3cschool.cn/html/html-i43a1zyj.html]
[www.w3cschool.cn/html/html-r9f41zya.html]
[www.w3cschool.cn/html/_/index.html__CSS_/a_.html]
[www.w3cschool.cn/html/question-102316383450.html]
