[www.w3cschool.cn/jquery/index.html]
[backblue.gif]
[fade.gif]
[index.html]
[www.w3cschool.cn/statics/plugins/font-awesome/css/font-awesome.min.css]
[www.w3cschool.cn/statics/css/w3.css]
[www.w3cschool.cn/statics/css/style-kn-project-view.css]
[www.w3cschool.cn/statics/css/style-theme.css]
[www.w3cschool.cn/statics/css/project.css]
[www.w3cschool.cn/plugins/highlight/styles/default.css]
[www.w3cschool.cn/plugins/highlight/highlight.pack.js]
[www.w3cschool.cn/statics/js/jquery-1.8.3.min.js]
[www.w3cschool.cn/statics/plugins/jquery-slimscroll/jquery.slimscroll.min.js]
[www.w3cschool.cn/statics/js/project.leftbox.js]
[7nsts.w3cschool.cn/images/w3c/header-logo.png]
[7nsts.w3cschool.cn/images/w3c/app-qrcode2.png]
[7nsts.w3cschool.cn/images/w3c/w3cschool.png]
[7n.w3cschool.cn/attachments/avatar2/avatar_14.jpg]
[www.w3cschool.cn/attachments/cover/cover_jquery.png]
[www.w3cschool.cn/jquery/topic.html]
[www.w3cschool.cn/jquery/rdl9cfnk.html]
[www.w3cschool.cn/jquery/jquery-intro.html]
[www.w3cschool.cn/jquery/list/index.html]
[www.w3cschool.cn/jquery/jquery-install.html]
[www.w3cschool.cn/jquery/jquery-syntax.html]
[www.w3cschool.cn/jquery/xs75ofnl.html]
[www.w3cschool.cn/jquery/jquery-events.html]
[www.w3cschool.cn/jquery/jquery-hide-show.html]
[www.w3cschool.cn/jquery/jquery-fade.html]
[www.w3cschool.cn/jquery/jquery-slide.html]
[www.w3cschool.cn/jquery/jquery-animate.html]
[www.w3cschool.cn/jquery/jquery-stop.html]
[www.w3cschool.cn/jquery/jquery-callback.html]
[www.w3cschool.cn/jquery/jquery-chaining.html]
[www.w3cschool.cn/jquery/jquery-dom-get.html]
[www.w3cschool.cn/jquery/jquery-dom-set.html]
[www.w3cschool.cn/jquery/jquery-dom-add.html]
[www.w3cschool.cn/jquery/jquery-dom-remove.html]
[www.w3cschool.cn/jquery/jquery-css-classes.html]
[www.w3cschool.cn/jquery/jquery-css.html]
[www.w3cschool.cn/jquery/jquery-dimensions.html]
[www.w3cschool.cn/jquery/jquery-traversing.html]
[www.w3cschool.cn/jquery/jquery-traversing-ancestors.html]
[www.w3cschool.cn/jquery/jquery-traversing-descendants.html]
[www.w3cschool.cn/jquery/jquery-traversing-siblings.html]
[www.w3cschool.cn/jquery/jquery-traversing-filtering.html]
[www.w3cschool.cn/jquery/jquery-ajax-intro.html]
[www.w3cschool.cn/jquery/jquery-ajax-load.html]
[www.w3cschool.cn/jquery/jquery-ajax-get-post.html]
[www.w3cschool.cn/jquery/jquery-noconflict.html]
[www.w3cschool.cn/jquery/jquery-examples.html]
[www.w3cschool.cn/jquery/jquery-codecamp.html]
[www.w3cschool.cn/jquery/jquery-ref-selectors.html]
[www.w3cschool.cn/jquery/jquery-ref-events.html]
[www.w3cschool.cn/jquery/jquery-ref-effects.html]
[www.w3cschool.cn/jquery/jquery-ref-html.html]
[www.w3cschool.cn/jquery/jquery-ref-traversing.html]
[www.w3cschool.cn/jquery/jquery-ref-ajax.html]
[www.w3cschool.cn/jquery/jquery-ref-misc.html]
[www.w3cschool.cn/jquery/jquery-ref-prop.html]
[www.w3cschool.cn/jquery/kv69gfnm.html]
[www.w3cschool.cn/jquery/urwo2fnn.html]
[www.w3cschool.cn/jquery/lbu6efno.html]
[www.w3cschool.cn/jquery/jquery-plugin-message.html]
[www.w3cschool.cn/jquery/jquery-plugin-password-validation.html]
[www.w3cschool.cn/jquery/jquery-plugin-prettydate.html]
[www.w3cschool.cn/jquery/oavjnfnr.html]
[www.w3cschool.cn/jquery/jquery-plugin-treeview.html]
[www.w3cschool.cn/jquery/jquery-loading.html]
[www.w3cschool.cn/jquery/jquery-menu.html]
[www.w3cschool.cn/jquery/jquery-form.html]
[www.w3cschool.cn/jquery/jquery-paging.html]
[www.w3cschool.cn/jquery/jquery-jquery3newfeature.html]
[www.w3cschool.cn/attachments/avatar2/avatar_2.jpg]
[www.w3cschool.cn/attachments/image/20170526/1495798543110560.png]
[www.w3cschool.cn/jquery/dom-element-methods-toarray.html]
[www.w3cschool.cn/jquery/dom-element-methods-size.html]
[www.w3cschool.cn/jquery/dom-element-methods-index.html]
[www.w3cschool.cn/jquery/dom-element-methods-get.html]
[www.w3cschool.cn/jquery/event-unload.html]
[www.w3cschool.cn/attachments/image/20181029/1540806332661630.png]
[7nsts.w3cschool.cn/images/w3c/w3cschool.jpg]
[www.w3cschool.cn/plugins/ueditor/third-party/SyntaxHighlighter/shCore.min.js]
[www.w3cschool.cn/statics/js/commonfooter.js]
[www.w3cschool.cn/statics/js/project.view.js]
[www.w3cschool.cn/statics/core/ajaxdo.core.js]
[www.w3cschool.cn/statics/js/paypraise.js]
[www.w3cschool.cn/jquery/index.html]
[www.w3cschool.cn/statics/plugins/font-awesome/css/font-awesome.min.css]
[7nsts.w3cschool.cn/images/w3c/icon-n.png]
[www.w3cschool.cn/plugins/baidushare/js/share6e53.js]
[7nsts.w3cschool.cn/images/w3c/icon-h.gif]
[7nsts.w3cschool.cn/images/w3c/vip-sicon0.png]
[7nsts.w3cschool.cn/images/w3c/vip-sicon1.png]
[7nsts.w3cschool.cn/images/w3c/vip-sicon2.png]
[7nsts.w3cschool.cn/yimages/icon-angle-down1.png]
[7nsts.w3cschool.cn/images/w3c/header-app1b99.png]
[7nsts.w3cschool.cn/yimages/icons.png]
[7nsts.w3cschool.cn/yimages/icon-home1.png]
[7nsts.w3cschool.cn/yimages/icon-cog1.png]
[7nsts.w3cschool.cn/yimages/icon-key1.png]
[7nsts.w3cschool.cn/yimages/icon-note1dde8.png]
[7nsts.w3cschool.cn/yimages/icon-user1.png]
[7nsts.w3cschool.cn/yimages/icon-home2.png]
[7nsts.w3cschool.cn/yimages/icon-cog2.png]
[7nsts.w3cschool.cn/yimages/icon-key2.png]
[7nsts.w3cschool.cn/yimages/icon-note2dde8.png]
[7nsts.w3cschool.cn/yimages/icon-user2.png]
[7nsts.w3cschool.cn/images/w3c/notice-icon.png]
[7nsts.w3cschool.cn/yimages/share-more.png]
[7nsts.w3cschool.cn/images/w3c/icon-home.png]
[7nsts.w3cschool.cn/yimages/pass.png]
[7nsts.w3cschool.cn/images/w3c/sns-sprite.png]
[7nsts.w3cschool.cn/images/w3c/success.png]
[7nsts.w3cschool.cn/images/w3c/error.png]
[7nsts.w3cschool.cn/images/w3c/content-group.png]
[7nsts.w3cschool.cn/yimages/question-icon.png]
[7nsts.w3cschool.cn/images/w3c/icon-article.png]
[7nsts.w3cschool.cn/images/w3c/close-btn.png]
[7nsts.w3cschool.cn/yimages/register_bg.png]
[7nsts.w3cschool.cn/yimages/vip_ico.png]
[7nsts.w3cschool.cn/yimages/qr-img.png]
[7nsts.w3cschool.cn/yimages/backgrounds.32.png]
[7nsts.w3cschool.cn/yimages/qqkf.jpg]
[7nsts.w3cschool.cn/yimages/qqkf_hv.jpg]
[7nsts.w3cschool.cn/yimages/jyfk.jpg]
[7nsts.w3cschool.cn/yimages/jyfk_hv.jpg]
[www.w3cschool.cn/statics/css/w3.css]
[www.w3cschool.cn/statics/yimages/tree1.gif]
[www.w3cschool.cn/statics/yimages/tree2.gif]
[www.w3cschool.cn/statics/yimages/tree2_view.gif]
[www.w3cschool.cn/statics/yimages/jia.png]
[www.w3cschool.cn/statics/yimages/jian.png]
[www.w3cschool.cn/statics/yimages/scroll.png]
[www.w3cschool.cn/statics/yimages/close.png]
[www.w3cschool.cn/statics/img/star-off.png]
[www.w3cschool.cn/statics/img/star-on.png]
[www.w3cschool.cn/statics/css/style-kn-project-view.css]
[www.w3cschool.cn/statics/css/style-theme.css]
[www.w3cschool.cn/statics/yimages/compatible_ie.gif]
[www.w3cschool.cn/statics/yimages/compatible_firefox.gif]
[www.w3cschool.cn/statics/yimages/compatible_chrome.gif]
[www.w3cschool.cn/statics/yimages/compatible_safari.gif]
[www.w3cschool.cn/statics/yimages/compatible_opera.gif]
[www.w3cschool.cn/statics/yimages/compatible_ie2020.gif]
[www.w3cschool.cn/statics/yimages/precompatible_ie5920.gif]
[www.w3cschool.cn/statics/yimages/compatible_firefox2020.gif]
[www.w3cschool.cn/statics/yimages/precompatible_firefox5920.gif]
[www.w3cschool.cn/statics/yimages/compatible_chrome2020.gif]
[www.w3cschool.cn/statics/yimages/precompatible_chrome5920.gif]
[www.w3cschool.cn/statics/yimages/compatible_safari2020.gif]
[www.w3cschool.cn/statics/yimages/precompatible_safari5920.gif]
[www.w3cschool.cn/statics/yimages/compatible_opera2020.gif]
[www.w3cschool.cn/statics/yimages/precompatible_opera5920.gif]
[www.w3cschool.cn/statics/css/project.css]
[www.w3cschool.cn/plugins/highlight/styles/default.css]
[www.w3cschool.cn/attachments/image/20180906/1536214488358385.png]
[7n.w3cschool.cn/statics/images/w3c/w3cschool743e.png]
[7n.w3cschool.cn/statics/images/w3c/w3cschool743e.jpg]
[www.w3cschool.cn/jquery/list/index.html]
[www.w3cschool.cn/statics/css/question.css]
[www.w3cschool.cn/statics/yimages/positionred.png]
[www.w3cschool.cn/attachments/avatar2/avatar_10392.jpg]
[www.w3cschool.cn/jquery/topic.html]
[www.w3cschool.cn/statics/js/question.js]
[www.w3cschool.cn/attachments/image/20181019/1539919615700323.png]
[www.w3cschool.cn/jquery/rdl9cfnk.html]
[7n.w3cschool.cn/statics/images/course/lamp.jpg]
[www.w3cschool.cn/jquery/jquery-intro.html]
[www.w3cschool.cn/jquery/jquery-install.html]
[www.w3cschool.cn/jquery/jquery-syntax.html]
[www.w3cschool.cn/jquery/xs75ofnl.html]
[www.w3cschool.cn/jquery/jquery-events.html]
[www.w3cschool.cn/jquery/jquery-hide-show.html]
[www.w3cschool.cn/jquery/jquery-fade.html]
[www.w3cschool.cn/jquery/jquery-slide.html]
[www.w3cschool.cn/jquery/jquery-animate.html]
[www.w3cschool.cn/jquery/jquery-stop.html]
[www.w3cschool.cn/jquery/jquery-callback.html]
[www.w3cschool.cn/jquery/jquery-chaining.html]
[www.w3cschool.cn/jquery/jquery-dom-get.html]
[www.w3cschool.cn/jquery/jquery-dom-set.html]
[www.w3cschool.cn/jquery/jquery-dom-add.html]
[www.w3cschool.cn/jquery/jquery-dom-remove.html]
[www.w3cschool.cn/jquery/jquery-css-classes.html]
[www.w3cschool.cn/jquery/jquery-css.html]
[7n.w3cschool.cn/statics/images/course/img_jquerydim.gif]
[www.w3cschool.cn/jquery/jquery-dimensions.html]
[7n.w3cschool.cn/statics/images/course/img_travtree.png]
[www.w3cschool.cn/jquery/jquery-traversing.html]
[www.w3cschool.cn/jquery/jquery-traversing-ancestors.html]
[www.w3cschool.cn/jquery/jquery-traversing-descendants.html]
[www.w3cschool.cn/jquery/jquery-traversing-siblings.html]
[www.w3cschool.cn/jquery/jquery-traversing-filtering.html]
[www.w3cschool.cn/jquery/jquery-ajax-intro.html]
[www.w3cschool.cn/jquery/jquery-ajax-load.html]
[www.w3cschool.cn/jquery/jquery-ajax-get-post.html]
[www.w3cschool.cn/jquery/jquery-noconflict.html]
[www.w3cschool.cn/jquery/jquery-examples.html]
[www.w3cschool.cn/jquery/jquery-codecamp.html]
[www.w3cschool.cn/jquery/jquery-ref-selectors.html]
[www.w3cschool.cn/jquery/jquery-ref-events.html]
[www.w3cschool.cn/jquery/jquery-ref-effects.html]
[www.w3cschool.cn/jquery/jquery-ref-html.html]
[www.w3cschool.cn/jquery/jquery-ref-traversing.html]
[www.w3cschool.cn/jquery/jquery-ref-ajax.html]
[www.w3cschool.cn/jquery/jquery-ref-misc.html]
[www.w3cschool.cn/jquery/jquery-ref-prop.html]
[www.w3cschool.cn/jquery/kv69gfnm.html]
[www.w3cschool.cn/jquery/urwo2fnn.html]
[www.w3cschool.cn/jquery/lbu6efno.html]
[www.w3cschool.cn/jquery/jquery-plugin-message.html]
[www.w3cschool.cn/jquery/jquery-plugin-password-validation.html]
[www.w3cschool.cn/jquery/jquery-plugin-prettydate.html]
[www.w3cschool.cn/jquery/oavjnfnr.html]
[7n.w3cschool.cn/attachments/image/20180118/1516268065582428.png]
[www.w3cschool.cn/jquery/jquery-plugin-treeview.html]
[7n.w3cschool.cn/attachments/day_161128/201611281508378607.jpg]
[7n.w3cschool.cn/attachments/day_161128/201611281515311620.png]
[7n.w3cschool.cn/attachments/day_161128/201611281518597476.png]
[7n.w3cschool.cn/attachments/day_161128/201611281529117543.png]
[7n.w3cschool.cn/attachments/day_161128/201611281532245418.png]
[7n.w3cschool.cn/attachments/day_161128/201611281534383845.png]
[7n.w3cschool.cn/attachments/day_161128/201611281536355989.png]
[7n.w3cschool.cn/attachments/day_161128/201611281539254235.png]
[7n.w3cschool.cn/attachments/day_161128/201611281541218372.png]
[7n.w3cschool.cn/attachments/day_161128/201611281543101809.png]
[7n.w3cschool.cn/attachments/day_161128/201611281547252455.png]
[7n.w3cschool.cn/attachments/day_161128/201611281551186141.png]
[7n.w3cschool.cn/attachments/day_161128/201611281554009110.png]
[www.w3cschool.cn/jquery/jquery-loading.html]
[7n.w3cschool.cn/attachments/day_161128/201611281729497587.png]
[7n.w3cschool.cn/attachments/day_161128/201611281736215116.jpg]
[7n.w3cschool.cn/attachments/day_161128/201611281742256081.jpg]
[7n.w3cschool.cn/attachments/day_161128/201611281746492892.png]
[7n.w3cschool.cn/attachments/day_161128/201611281757005693.png]
[7n.w3cschool.cn/attachments/day_161128/201611281800557280.png]
[7n.w3cschool.cn/attachments/day_161128/201611281803129448.png]
[7n.w3cschool.cn/attachments/day_161128/201611281804583110.png]
[7n.w3cschool.cn/attachments/day_161128/201611281806495441.png]
[7n.w3cschool.cn/attachments/day_161128/201611281809503671.png]
[7n.w3cschool.cn/attachments/day_161128/201611281812084807.png]
[7n.w3cschool.cn/attachments/day_161128/201611281814177615.png]
[7n.w3cschool.cn/attachments/day_161128/201611281818271293.png]
[www.w3cschool.cn/jquery/jquery-menu.html]
[7n.w3cschool.cn/attachments/day_161129/201611291113299041.png]
[7n.w3cschool.cn/attachments/day_161129/201611291127433080.jpg]
[7n.w3cschool.cn/attachments/day_161129/201611291138019935.jpg]
[7n.w3cschool.cn/attachments/day_161129/201611291145282906.jpg]
[7n.w3cschool.cn/attachments/day_161129/201611291147362746.jpg]
[7n.w3cschool.cn/attachments/day_161129/201611291149568362.jpg]
[7n.w3cschool.cn/attachments/day_161129/201611291156439769.jpg]
[7n.w3cschool.cn/attachments/day_161129/201611291403218364.png]
[7n.w3cschool.cn/attachments/day_161129/201611291411063747.png]
[7n.w3cschool.cn/attachments/day_161129/201611291417497399.jpg]
[7n.w3cschool.cn/attachments/day_161129/201611291420053737.png]
[7n.w3cschool.cn/attachments/day_161129/201611291422503938.png]
[www.w3cschool.cn/jquery/jquery-form.html]
[7n.w3cschool.cn/attachments/day_161129/201611291533141977.png]
[7n.w3cschool.cn/attachments/day_161129/201611291546097745.jpg]
[7n.w3cschool.cn/attachments/day_161129/201611291556388599.png]
[7n.w3cschool.cn/attachments/day_161129/201611291608102992.png]
[7n.w3cschool.cn/attachments/day_161129/201611291625444742.png]
[7n.w3cschool.cn/attachments/day_161129/201611291641545113.jpg]
[7n.w3cschool.cn/attachments/day_161129/201611291650507185.png]
[7n.w3cschool.cn/attachments/day_161129/201611291656229806.png]
[www.w3cschool.cn/jquery/jquery-paging.html]
[www.w3cschool.cn/jquery/jquery-jquery3newfeature.html]
[www.w3cschool.cn/jquery/dom-element-methods-toarray.html]
[www.w3cschool.cn/jquery/dom-element-methods-size.html]
[www.w3cschool.cn/jquery/dom-element-methods-index.html]
[www.w3cschool.cn/jquery/dom-element-methods-get.html]
[7n.w3cschool.cn/statics/images/course/up.gif]
[www.w3cschool.cn/jquery/event-unload.html]
[www.w3cschool.cn/jquery/jquery-reference.html]
[www.w3cschool.cn/jquery/event-focusout.html]
[www.w3cschool.cn/jquery/event-load.html]
[www.w3cschool.cn/jquery/jquery-ref-core.html]
[www.w3cschool.cn/jquery/question-10231634.html]
[www.w3cschool.cn/jquery/dict.html]
[www.w3cschool.cn/jquery/index-2.html]
[7nsts.w3cschool.cn/images/w3c/icon-copy.html]
[www.w3cschool.cn/jquery/sel-multiple-elements.html]
[www.w3cschool.cn/jquery/html-before.html]
[www.w3cschool.cn/jquery/ajax-post.html]
[www.w3cschool.cn/jquery/list4658.html]
[www.w3cschool.cn/jquery/list9ba9.html]
[www.w3cschool.cn/jquery/listfdb0.html]
[www.w3cschool.cn/jquery/listaf4d.html]
[www.w3cschool.cn/jquery/listc575.html]
[www.w3cschool.cn/jquery/list235c.html]
[www.w3cschool.cn/jquery/listfdfa.html]
[www.w3cschool.cn/jquery/list0b08.html]
[www.w3cschool.cn/jquery/list1448.html]
[www.w3cschool.cn/jquery/listfa9c.html]
[www.w3cschool.cn/statics/yimages/thumbs-up.png]
[www.w3cschool.cn/statics/yimages/thumbs-down.png]
[www.w3cschool.cn/statics/yimages/share.png]
[www.w3cschool.cn/statics/yimages/comment-icon.png]
[www.w3cschool.cn/statics/yimages/icon-focus.png]
[www.w3cschool.cn/statics/css/question.css]
[www.w3cschool.cn/jquery/topic0e61.html]
[www.w3cschool.cn/jquery/topicee8d.html]
[www.w3cschool.cn/jquery/topice706.html]
[www.w3cschool.cn/jquery/9mzx1f21.html]
[www.w3cschool.cn/jquery/event-mouseleave.html]
[www.w3cschool.cn/jquery/pxu61f21.html]
[www.w3cschool.cn/jquery/eff-toggle.html]
[www.w3cschool.cn/jquery/effect-animate.html]
[www.w3cschool.cn/jquery/r1uo2f21.html]
[www.w3cschool.cn/jquery/jquery-ref-manipulation.html]
[www.w3cschool.cn/jquery/jquery-ref-attributes.html]
[www.w3cschool.cn/jquery/jquery-ref-css.html]
[www.w3cschool.cn/jquery/html-attr.html]
[www.w3cschool.cn/jquery/jszx1jo2.html]
[www.w3cschool.cn/jquery/html-append.html]
[www.w3cschool.cn/jquery/html-prepend.html]
[www.w3cschool.cn/jquery/html-after.html]
[www.w3cschool.cn/jquery/html-remove.html]
[www.w3cschool.cn/jquery/html-empty.html]
[www.w3cschool.cn/jquery/html-addclass.html]
[www.w3cschool.cn/jquery/html-removeclass.html]
[www.w3cschool.cn/jquery/html-toggleclass.html]
[www.w3cschool.cn/jquery/css-width.html]
[www.w3cschool.cn/jquery/css-height.html]
[www.w3cschool.cn/jquery/html-innerwidth.html]
[www.w3cschool.cn/jquery/html-innerheight.html]
[www.w3cschool.cn/jquery/html-outerwidth.html]
[www.w3cschool.cn/jquery/html-outerheight.html]
[www.w3cschool.cn/jquery/s9fh7f21.html]
[www.w3cschool.cn/jquery/3rfw1jop.html]
[www.w3cschool.cn/jquery/traversing-parent.html]
[www.w3cschool.cn/jquery/traversing-parents.html]
[www.w3cschool.cn/jquery/traversing-parentsuntil.html]
[www.w3cschool.cn/jquery/traversing-children.html]
[www.w3cschool.cn/jquery/traversing-find.html]
[www.w3cschool.cn/jquery/traversing-first.html]
[www.w3cschool.cn/jquery/traversing-last.html]
[www.w3cschool.cn/jquery/traversing-eq.html]
[www.w3cschool.cn/jquery/traversing-filter.html]
[www.w3cschool.cn/jquery/traversing-not.html]
[www.w3cschool.cn/jquery/xcsguf21.html]
[www.w3cschool.cn/jquery/ajax-ajax.html]
[www.w3cschool.cn/jquery/ajax-get.html]
[www.w3cschool.cn/jquery/b9u2ff21.html]
[www.w3cschool.cn/jquery/core-noconflict.html]
[www.w3cschool.cn/jquery/event-ready.html]
[www.w3cschool.cn/jquery/ajxusf21.html]
[www.w3cschool.cn/jquery/xq7pif21.html]
[www.w3cschool.cn/jquery/jq-sel-all.html]
[www.w3cschool.cn/jquery/jq-sel-id.html]
[www.w3cschool.cn/jquery/jq-sel-class.html]
[www.w3cschool.cn/jquery/sel-multiple-classes.html]
[www.w3cschool.cn/jquery/jq-sel-element.html]
[www.w3cschool.cn/jquery/sel-first.html]
[www.w3cschool.cn/jquery/sel-last.html]
[www.w3cschool.cn/jquery/sel-even.html]
[www.w3cschool.cn/jquery/sel-odd.html]
[www.w3cschool.cn/jquery/jq-sel-firstchild.html]
[www.w3cschool.cn/jquery/sel-firstoftype.html]
[www.w3cschool.cn/jquery/sel-lastchild.html]
[www.w3cschool.cn/jquery/sel-lastoftype.html]
[www.w3cschool.cn/jquery/sel-nthchild.html]
[www.w3cschool.cn/jquery/sel-nthlastchild.html]
[www.w3cschool.cn/jquery/sel-nthoftype.html]
[www.w3cschool.cn/jquery/sel-nthlastoftype.html]
[www.w3cschool.cn/jquery/sel-onlychild.html]
[www.w3cschool.cn/jquery/sel-onlyoftype.html]
[www.w3cschool.cn/jquery/sel-parent-child.html]
[www.w3cschool.cn/jquery/sel-parent-descendant.html]
[www.w3cschool.cn/jquery/sel-previous-next.html]
[www.w3cschool.cn/jquery/sel-previous-siblings.html]
[www.w3cschool.cn/jquery/sel-eq.html]
[www.w3cschool.cn/jquery/sel-gt.html]
[www.w3cschool.cn/jquery/sel-lt.html]
[www.w3cschool.cn/jquery/jq-sel-not.html]
[www.w3cschool.cn/jquery/sel-header.html]
[www.w3cschool.cn/jquery/sel-animated.html]
[www.w3cschool.cn/jquery/jq-sel-focus.html]
[www.w3cschool.cn/jquery/sel-contains.html]
[www.w3cschool.cn/jquery/sel-has.html]
[www.w3cschool.cn/jquery/jq-sel-empty.html]
[www.w3cschool.cn/jquery/sel-parent.html]
[www.w3cschool.cn/jquery/sel-hidden.html]
[www.w3cschool.cn/jquery/sel-visible.html]
[www.w3cschool.cn/jquery/jq-sel-root.html]
[www.w3cschool.cn/jquery/jq-sel-lang.html]
[www.w3cschool.cn/jquery/jq-sel-attribute.html]
[www.w3cschool.cn/jquery/sel-attribute-equal-value.html]
[www.w3cschool.cn/jquery/sel-attribute-notequal-value.html]
[www.w3cschool.cn/jquery/sel-attribute-end-value.html]
[www.w3cschool.cn/jquery/sel-attribute-prefix-value.html]
[www.w3cschool.cn/jquery/sel-attribute-beginning-value.html]
[www.w3cschool.cn/jquery/sel-attribute-contains-value.html]
[www.w3cschool.cn/jquery/sel-attribute-contains-string-value.html]
[www.w3cschool.cn/jquery/sel-input.html]
[www.w3cschool.cn/jquery/sel-input-text.html]
[www.w3cschool.cn/jquery/sel-input-password.html]
[www.w3cschool.cn/jquery/sel-input-checkbox.html]
[www.w3cschool.cn/jquery/sel-input-submit.html]
[www.w3cschool.cn/jquery/sel-input-reset.html]
[www.w3cschool.cn/jquery/sel-input-button.html]
[www.w3cschool.cn/jquery/sel-input-image.html]
[www.w3cschool.cn/jquery/sel-input-file.html]
[www.w3cschool.cn/jquery/sel-input-enabled.html]
[www.w3cschool.cn/jquery/sel-input-disabled.html]
[www.w3cschool.cn/jquery/sel-input-selected.html]
[www.w3cschool.cn/jquery/sel-input-checked.html]
[www.w3cschool.cn/jquery/event-bind.html]
[www.w3cschool.cn/jquery/event-blur.html]
[www.w3cschool.cn/jquery/event-change.html]
[www.w3cschool.cn/jquery/event-click.html]
[www.w3cschool.cn/jquery/event-dblclick.html]
[www.w3cschool.cn/jquery/event-delegate.html]
[www.w3cschool.cn/jquery/event-die.html]
[www.w3cschool.cn/jquery/event-error.html]
[www.w3cschool.cn/jquery/jq-event-currenttarget.html]
[www.w3cschool.cn/jquery/event-data.html]
[www.w3cschool.cn/jquery/event-delegatetarget.html]
[www.w3cschool.cn/jquery/event-isdefaultprevented.html]
[www.w3cschool.cn/jquery/event-isimmediatepropagationstopped.html]
[www.w3cschool.cn/jquery/event-ispropagationstopped.html]
[www.w3cschool.cn/jquery/event-namespace.html]
[www.w3cschool.cn/jquery/event-pagex.html]
[www.w3cschool.cn/jquery/event-pagey.html]
[www.w3cschool.cn/jquery/event-preventdefault.html]
[www.w3cschool.cn/jquery/jq-event-relatedtarget.html]
[www.w3cschool.cn/jquery/event-result.html]
[www.w3cschool.cn/jquery/event-stopimmediatepropagation.html]
[www.w3cschool.cn/jquery/event-stoppropagation.html]
[www.w3cschool.cn/jquery/jq-event-target.html]
[www.w3cschool.cn/jquery/jq-event-timestamp.html]
[www.w3cschool.cn/jquery/jq-event-type.html]
[www.w3cschool.cn/jquery/event-which.html]
[www.w3cschool.cn/jquery/event-focus.html]
[www.w3cschool.cn/jquery/event-focusin.html]
[www.w3cschool.cn/jquery/event-hover.html]
[www.w3cschool.cn/jquery/event-keydown.html]
[www.w3cschool.cn/jquery/event-keypress.html]
[www.w3cschool.cn/jquery/event-keyup.html]
[www.w3cschool.cn/jquery/event-live.html]
[www.w3cschool.cn/jquery/event-mousedown.html]
[www.w3cschool.cn/jquery/event-mouseenter.html]
[www.w3cschool.cn/jquery/event-mousemove.html]
[www.w3cschool.cn/jquery/event-mouseout.html]
[www.w3cschool.cn/jquery/event-mouseover.html]
[www.w3cschool.cn/jquery/event-mouseup.html]
[www.w3cschool.cn/jquery/event-off.html]
[www.w3cschool.cn/jquery/event-on.html]
[www.w3cschool.cn/jquery/event-one.html]
[www.w3cschool.cn/jquery/event-proxy.html]
[www.w3cschool.cn/jquery/event-resize.html]
[www.w3cschool.cn/jquery/event-scroll.html]
[www.w3cschool.cn/jquery/event-select.html]
[www.w3cschool.cn/jquery/event-submit.html]
[www.w3cschool.cn/jquery/event-toggle.html]
[www.w3cschool.cn/jquery/event-trigger.html]
[www.w3cschool.cn/jquery/event-triggerhandler.html]
[www.w3cschool.cn/jquery/event-unbind.html]
[www.w3cschool.cn/jquery/event-undelegate.html]
[www.w3cschool.cn/jquery/eff-animate.html]
[www.w3cschool.cn/jquery/eff-clearqueue.html]
[www.w3cschool.cn/jquery/eff-delay.html]
[www.w3cschool.cn/jquery/eff-dequeue.html]
[www.w3cschool.cn/jquery/eff-fadein.html]
[www.w3cschool.cn/jquery/eff-fadeout.html]
[www.w3cschool.cn/jquery/eff-fadeto.html]
[www.w3cschool.cn/jquery/eff-fadetoggle.html]
[www.w3cschool.cn/jquery/eff-finish.html]
[www.w3cschool.cn/jquery/eff-hide.html]
[www.w3cschool.cn/jquery/eff-queue.html]
[www.w3cschool.cn/jquery/eff-show.html]
[www.w3cschool.cn/jquery/eff-slidedown.html]
[www.w3cschool.cn/jquery/eff-slidetoggle.html]
[www.w3cschool.cn/jquery/eff-slideup.html]
[www.w3cschool.cn/jquery/eff-stop.html]
[www.w3cschool.cn/jquery/html-appendto.html]
[www.w3cschool.cn/jquery/html-clone.html]
[www.w3cschool.cn/jquery/html-detach.html]
[www.w3cschool.cn/jquery/html-hasclass.html]
[www.w3cschool.cn/jquery/html-html.html]
[www.w3cschool.cn/jquery/html-insertafter.html]
[www.w3cschool.cn/jquery/html-insertbefore.html]
[www.w3cschool.cn/jquery/css-offset.html]
[www.w3cschool.cn/jquery/css-offsetparent.html]
[www.w3cschool.cn/jquery/css-position.html]
[www.w3cschool.cn/jquery/html-prependto.html]
[www.w3cschool.cn/jquery/html-prop.html]
[www.w3cschool.cn/jquery/html-removeattr.html]
[www.w3cschool.cn/jquery/html-removeprop.html]
[www.w3cschool.cn/jquery/html-replaceall.html]
[www.w3cschool.cn/jquery/html-replacewith.html]
[www.w3cschool.cn/jquery/css-scrollleft.html]
[www.w3cschool.cn/jquery/css-scrolltop.html]
[www.w3cschool.cn/jquery/html-text.html]
[www.w3cschool.cn/jquery/html-unwrap.html]
[www.w3cschool.cn/jquery/html-val.html]
[www.w3cschool.cn/jquery/html-wrap.html]
[www.w3cschool.cn/jquery/html-wrapall.html]
[www.w3cschool.cn/jquery/html-wrapinner.html]
[www.w3cschool.cn/jquery/traversing-add.html]
[www.w3cschool.cn/jquery/traversing-closest.html]
[www.w3cschool.cn/jquery/traversing-contents.html]
[www.w3cschool.cn/jquery/traversing-each.html]
[www.w3cschool.cn/jquery/traversing-has.html]
[www.w3cschool.cn/jquery/traversing-is.html]
[www.w3cschool.cn/jquery/traversing-next.html]
[www.w3cschool.cn/jquery/traversing-nextall.html]
[www.w3cschool.cn/jquery/traversing-nextuntil.html]
[www.w3cschool.cn/jquery/traversing-offsetparent.html]
[www.w3cschool.cn/jquery/traversing-prev.html]
[www.w3cschool.cn/jquery/traversing-prevall.html]
[www.w3cschool.cn/jquery/traversing-prevuntil.html]
[www.w3cschool.cn/jquery/traversing-siblings.html]
[www.w3cschool.cn/jquery/traversing-slice.html]
[www.w3cschool.cn/jquery/ajax-ajaxsetup.html]
[www.w3cschool.cn/jquery/ajax-getjson.html]
[www.w3cschool.cn/jquery/ajax-getscript.html]
[www.w3cschool.cn/jquery/ajax-param.html]
[www.w3cschool.cn/jquery/ajax-ajaxcomplete.html]
[www.w3cschool.cn/jquery/ajax-ajaxerror.html]
[www.w3cschool.cn/jquery/ajax-ajaxsend.html]
[www.w3cschool.cn/jquery/ajax-ajaxstart.html]
[www.w3cschool.cn/jquery/ajax-ajaxstop.html]
[www.w3cschool.cn/jquery/ajax-ajaxsuccess.html]
[www.w3cschool.cn/jquery/ajax-load.html]
[www.w3cschool.cn/jquery/ajax-serialize.html]
[www.w3cschool.cn/jquery/ajax-serializearray.html]
[www.w3cschool.cn/jquery/misc-data.html]
[www.w3cschool.cn/jquery/misc-each.html]
[www.w3cschool.cn/jquery/misc-get.html]
[www.w3cschool.cn/jquery/misc-index.html]
[www.w3cschool.cn/jquery/misc-noconflict.html]
[www.w3cschool.cn/jquery/misc-param.html]
[www.w3cschool.cn/jquery/misc-removedata.html]
[www.w3cschool.cn/jquery/misc-size.html]
[www.w3cschool.cn/jquery/misc-toarray.html]
[www.w3cschool.cn/jquery/prop-context.html]
[www.w3cschool.cn/jquery/prop-jquery.html]
[www.w3cschool.cn/jquery/prop-jquery-fx-interval.html]
[www.w3cschool.cn/jquery/prop-jquery-fx-off.html]
[www.w3cschool.cn/jquery/prop-jquery-support.html]
[www.w3cschool.cn/jquery/prop-length.html]
[www.w3cschool.cn/jquery/hdweaf21.html]
[www.w3cschool.cn/jquery/73ud1ug7.html]
[files.jb51.net/file_images/article/201405/20145129021376936ea.html]
[www.w3cschool.cn/jquery/jquery-ref-dom-element-methods.html]
