[www.fooish.com/jquery/index.html]
[backblue.gif]
[fade.gif]
[index.html]
[cdnjs.cloudflare.com/ajax/libs/normalize/4.1.1/normalize.min.css]
[cdnjs.cloudflare.com/ajax/libs/highlight.js/9.12.0/styles/github.min.css]
[www.fooish.com/assets/css/base-305d0c54fd.css]
[ajax.googleapis.com/ajax/libs/jquery/1.12.4/jquery.min.js]
[cdnjs.cloudflare.com/ajax/libs/highlight.js/9.12.0/highlight.min.js]
[cdnjs.cloudflare.com/ajax/libs/jquery.sticky/1.0.3/jquery.sticky.min.js]
[cdnjs.cloudflare.com/ajax/libs/lodash.js/4.17.4/lodash.min.js]
[www.fooish.com/jquery/basics.html]
[www.fooish.com/jquery/selectors.html]
[www.fooish.com/jquery/attributes-and-css.html]
[www.fooish.com/jquery/traversing.html]
[www.fooish.com/jquery/dom-manipulation.html]
[www.fooish.com/jquery/events.html]
[www.fooish.com/jquery/effects.html]
[www.fooish.com/jquery/ajax.html]
[www.fooish.com/jquery/data.html]
[www.fooish.com/jquery/deferred.html]
[pagead2.googlesyndication.com/pagead/js/f.txt]
[www.fooish.com/assets/js/base-03c70f4725.js]
[www.fooish.com/jquery/index.html]
[www.google-analytics.com/analytics.js]
[www.fooish.com/assets/img/fooish.jpg]
[cdnjs.cloudflare.com/ajax/libs/normalize/4.1.1/normalize.min.css]
[cdnjs.cloudflare.com/ajax/libs/highlight.js/9.12.0/styles/github.min.css]
[www.fooish.com/assets/css/base-305d0c54fd.css]
[www.fooish.com/jquery/basics.html]
[www.fooish.com/jquery/selectors.html]
[www.fooish.com/jquery/attributes-and-css.html]
[www.fooish.com/jquery/traversing.html]
[www.fooish.com/jquery/dom-manipulation.html]
[www.fooish.com/jquery/events.html]
[www.fooish.com/jquery/effects.html]
[www.fooish.com/jquery/ajax.html]
[www.fooish.com/jquery/data.html]
[www.fooish.com/jquery/deferred.html]
[www.fooish.com/assets/img/jquery/parent-children-siblings.png]
