[www.ifreesite.com/color/index.html]
[backblue.gif]
[fade.gif]
[index.html]
[yui-s.yahooapis.com/3.18.1/build/yui/yui-min.js]
[www.ifreesite.com/1-theme/swfjs/showhide.js]
[www.ifreesite.com/1-theme/swfjs/disnone.js]
[www.ifreesite.com/1-theme/ifreesite/style.css]
[www.ifreesite.com/1-theme/ifreesite/style-mini.css]
[www.ifreesite.com/1-theme/popup/highslide.css]
[www.ifreesite.com/1-theme/popup/highslide-full.js]
[ajax.googleapis.com/ajax/libs/swfobject/2.1/swfobject.js]
[www.ifreesite.com/1-theme/popup/graphics/close.png]
[pagead2.googlesyndication.com/pagead/js/f.txt]
[www.ifreesite.com/1-theme/ifreesite/image/ia.png]
[www.ifreesite.com/1-theme/ifreesite/image/ib.png]
[www.ifreesite.com/1-theme/ifreesite/image/ic.png]
[www.ifreesite.com/color/imagejs/color-min.png]
[www.ifreesite.com/color/online-color-picker.html]
[www.ifreesite.com/color/web-color-code.html]
[www.ifreesite.com/color/hue-color.html]
[www.ifreesite.com/color/html-color-code.html]
[www.ifreesite.com/color/color-code-converter.html]
[static.addtoany.com/menu/page.js]
[www.ifreesite.com/cdn-cgi/challenge-platform/scripts/jsd/main.js]
[www.ifreesite.com/color/index.html]
[www.ifreesite.com/cdn-cgi/challenge-platform/h/g/scripts/jsd/74bd6362/main.js]
[www.ifreesite.com/1-theme/ifreesite/image/shorturl.png]
[www.ifreesite.com/1-theme/ifreesite/image/listicon.png]
[www.ifreesite.com/1-theme/ifreesite/image/checks.png]
[www.ifreesite.com/1-theme/ifreesite/image/informations.png]
[www.ifreesite.com/1-theme/ifreesite/image/information.png]
[www.ifreesite.com/1-theme/ifreesite/image/isale.png]
[www.ifreesite.com/1-theme/ifreesite/image/info.png]
[www.ifreesite.com/1-theme/ifreesite/style.css]
[www.ifreesite.com/lucky-draw/lucky-draw.png]
[www.ifreesite.com/numerology/numerology.jpg]
[www.ifreesite.com/1-theme/ifreesite/style-mini.css]
[www.ifreesite.com/1-theme/popup/graphics/fullexpand.gif]
[www.ifreesite.com/1-theme/popup/graphics/loader.white.gif]
[www.ifreesite.com/1-theme/popup/graphics/controlbar-white.gif]
[www.ifreesite.com/1-theme/popup/graphics/resize.gif]
[www.ifreesite.com/1-theme/popup/graphics/closeX.png]
[www.ifreesite.com/1-theme/popup/graphics/controlbar-black-border.gif]
[www.ifreesite.com/1-theme/popup/graphics/icon.gif]
[www.ifreesite.com/1-theme/popup/graphics/controlbar-white-small.gif]
[www.ifreesite.com/1-theme/popup/graphics/controlbar-text-buttons.png]
[www.ifreesite.com/1-theme/popup/graphics/scrollarrows.png]
[www.ifreesite.com/1-theme/popup/highslide.css]
[www.ifreesite.com/color/online-color-picker.html]
[www.ifreesite.com/color/web-color-code.html]
[www.ifreesite.com/color/hue-color.html]
[www.ifreesite.com/color/html-color-code.html]
[www.ifreesite.com/color/color-code-converter.html]
[www.ifreesite.com/color/imagejs/hexrgba.js]
