[www.w3cschool.cn/javascript/index.html]
[backblue.gif]
[fade.gif]
[index.html]
[www.w3cschool.cn/statics/plugins/font-awesome/css/font-awesome.min.css]
[www.w3cschool.cn/statics/css/w3.css]
[www.w3cschool.cn/statics/css/style-kn-project-view.css]
[www.w3cschool.cn/statics/css/style-theme.css]
[www.w3cschool.cn/statics/css/project.css]
[www.w3cschool.cn/plugins/highlight/styles/default.css]
[www.w3cschool.cn/plugins/highlight/highlight.pack.js]
[www.w3cschool.cn/statics/js/jquery-1.8.3.min.js]
[www.w3cschool.cn/statics/plugins/jquery-slimscroll/jquery.slimscroll.min.js]
[7nsts.w3cschool.cn/images/w3c/header-logo.png]
[www.w3cschool.cn/statics/js/project.leftbox.js]
[7nsts.w3cschool.cn/images/w3c/app-qrcode2.png]
[7nsts.w3cschool.cn/images/w3c/w3cschool.png]
[7n.w3cschool.cn/attachments/avatar2/avatar_14.jpg]
[www.w3cschool.cn/attachments/cover/cover_javascript.png]
[www.w3cschool.cn/javascript/topic.html]
[www.w3cschool.cn/javascript/list/index.html]
[www.w3cschool.cn/javascript/js-tutorial.html]
[www.w3cschool.cn/javascript/js-intro.html]
[www.w3cschool.cn/javascript/javascript-skillmap.html]
[www.w3cschool.cn/javascript/js-howto.html]
[www.w3cschool.cn/javascript/js-output.html]
[www.w3cschool.cn/javascript/js-syntax.html]
[www.w3cschool.cn/javascript/js-statements.html]
[www.w3cschool.cn/javascript/js-comments.html]
[www.w3cschool.cn/javascript/js-variables.html]
[www.w3cschool.cn/javascript/js-datatypes.html]
[www.w3cschool.cn/javascript/js-functions.html]
[www.w3cschool.cn/javascript/js-scope.html]
[www.w3cschool.cn/javascript/js-events.html]
[www.w3cschool.cn/javascript/js-strings.html]
[www.w3cschool.cn/javascript/js-operators.html]
[www.w3cschool.cn/javascript/js-comparisons.html]
[www.w3cschool.cn/javascript/wopi12hp.html]
[www.w3cschool.cn/javascript/js-if-else.html]
[www.w3cschool.cn/javascript/js-switch.html]
[www.w3cschool.cn/javascript/js-loop-for.html]
[www.w3cschool.cn/javascript/js-loop-while.html]
[www.w3cschool.cn/javascript/js-break.html]
[www.w3cschool.cn/javascript/js-type-conversion.html]
[www.w3cschool.cn/javascript/js-regexp.html]
[www.w3cschool.cn/javascript/js-errors.html]
[www.w3cschool.cn/javascript/js-debugging.html]
[www.w3cschool.cn/javascript/js-form-validation.html]
[www.w3cschool.cn/javascript/js-reserved.html]
[www.w3cschool.cn/javascript/js-json.html]
[www.w3cschool.cn/javascript/js-void.html]
[www.w3cschool.cn/javascript/javascript-conventions.html]
[www.w3cschool.cn/javascript/js-function-definition.html]
[www.w3cschool.cn/javascript/js-function-parameters.html]
[www.w3cschool.cn/javascript/js-function-invocation.html]
[www.w3cschool.cn/javascript/js-function-closures.html]
[www.w3cschool.cn/javascript/js-htmldom.html]
[www.w3cschool.cn/javascript/js-htmldom-html.html]
[www.w3cschool.cn/javascript/js-htmldom-css.html]
[www.w3cschool.cn/javascript/js-htmldom-events.html]
[www.w3cschool.cn/javascript/js-htmldom-eventlistener.html]
[www.w3cschool.cn/javascript/js-htmldom-elements.html]
[www.w3cschool.cn/javascript/js-objects.html]
[www.w3cschool.cn/javascript/js-obj-number.html]
[www.w3cschool.cn/javascript/js-obj-string.html]
[www.w3cschool.cn/javascript/js-obj-date.html]
[www.w3cschool.cn/javascript/js-obj-array.html]
[www.w3cschool.cn/javascript/js-obj-boolean.html]
[www.w3cschool.cn/javascript/js-obj-math.html]
[www.w3cschool.cn/javascript/js-obj-regexp.html]
[www.w3cschool.cn/javascript/yji712hr.html]
[www.w3cschool.cn/javascript/javascript-execcommand.html]
[www.w3cschool.cn/javascript/js-window.html]
[www.w3cschool.cn/javascript/js-window-screen.html]
[www.w3cschool.cn/javascript/js-window-location.html]
[www.w3cschool.cn/javascript/js-window-history.html]
[www.w3cschool.cn/javascript/js-window-navigator.html]
[www.w3cschool.cn/javascript/js-popup.html]
[www.w3cschool.cn/javascript/js-timing.html]
[www.w3cschool.cn/attachments/avatar2/avatar_2.jpg]
[www.w3cschool.cn/attachments/image/20170526/1495798487624763.jpg]
[www.w3cschool.cn/attachments/image/20181018/1539830574172884.png]
[7nsts.w3cschool.cn/images/w3c/w3cschool.jpg]
[www.w3cschool.cn/plugins/ueditor/third-party/SyntaxHighlighter/shCore.min.js]
[www.w3cschool.cn/statics/js/commonfooter.js]
[www.w3cschool.cn/statics/js/project.view.js]
[www.w3cschool.cn/statics/core/ajaxdo.core.js]
[www.w3cschool.cn/statics/js/paypraise.js]
[www.w3cschool.cn/javascript/index.html]
[www.w3cschool.cn/statics/plugins/font-awesome/css/font-awesome.min.css]
[7nsts.w3cschool.cn/images/w3c/icon-n.png]
[www.w3cschool.cn/plugins/baidushare/js/share6e53.js]
[7nsts.w3cschool.cn/images/w3c/icon-h.gif]
[7nsts.w3cschool.cn/images/w3c/vip-sicon0.png]
[7nsts.w3cschool.cn/images/w3c/vip-sicon1.png]
[7nsts.w3cschool.cn/images/w3c/vip-sicon2.png]
[7nsts.w3cschool.cn/yimages/icon-angle-down1.png]
[7nsts.w3cschool.cn/images/w3c/header-app1b99.png]
[7nsts.w3cschool.cn/yimages/icons.png]
[7nsts.w3cschool.cn/yimages/icon-home1.png]
[7nsts.w3cschool.cn/yimages/icon-cog1.png]
[7nsts.w3cschool.cn/yimages/icon-key1.png]
[7nsts.w3cschool.cn/yimages/icon-note1dde8.png]
[7nsts.w3cschool.cn/yimages/icon-user1.png]
[7nsts.w3cschool.cn/yimages/icon-home2.png]
[7nsts.w3cschool.cn/yimages/icon-cog2.png]
[7nsts.w3cschool.cn/yimages/icon-key2.png]
[7nsts.w3cschool.cn/yimages/icon-note2dde8.png]
[7nsts.w3cschool.cn/yimages/icon-user2.png]
[7nsts.w3cschool.cn/images/w3c/notice-icon.png]
[7nsts.w3cschool.cn/yimages/share-more.png]
[7nsts.w3cschool.cn/images/w3c/icon-home.png]
[7nsts.w3cschool.cn/yimages/pass.png]
[7nsts.w3cschool.cn/images/w3c/sns-sprite.png]
[7nsts.w3cschool.cn/images/w3c/success.png]
[7nsts.w3cschool.cn/images/w3c/error.png]
[7nsts.w3cschool.cn/images/w3c/content-group.png]
[7nsts.w3cschool.cn/yimages/question-icon.png]
[7nsts.w3cschool.cn/images/w3c/icon-article.png]
[7nsts.w3cschool.cn/images/w3c/close-btn.png]
[7nsts.w3cschool.cn/yimages/register_bg.png]
[7nsts.w3cschool.cn/yimages/vip_ico.png]
[7nsts.w3cschool.cn/yimages/qr-img.png]
[7nsts.w3cschool.cn/yimages/backgrounds.32.png]
[7nsts.w3cschool.cn/yimages/qqkf.jpg]
[7nsts.w3cschool.cn/yimages/qqkf_hv.jpg]
[7nsts.w3cschool.cn/yimages/jyfk.jpg]
[7nsts.w3cschool.cn/yimages/jyfk_hv.jpg]
[www.w3cschool.cn/statics/css/w3.css]
[www.w3cschool.cn/statics/yimages/tree1.gif]
[www.w3cschool.cn/statics/yimages/tree2.gif]
[www.w3cschool.cn/statics/yimages/tree2_view.gif]
[www.w3cschool.cn/statics/yimages/jia.png]
[www.w3cschool.cn/statics/yimages/jian.png]
[www.w3cschool.cn/statics/yimages/scroll.png]
[www.w3cschool.cn/statics/yimages/close.png]
[www.w3cschool.cn/statics/img/star-off.png]
[www.w3cschool.cn/statics/img/star-on.png]
[www.w3cschool.cn/statics/css/style-kn-project-view.css]
[www.w3cschool.cn/statics/css/style-theme.css]
[www.w3cschool.cn/statics/yimages/compatible_ie.gif]
[www.w3cschool.cn/statics/yimages/compatible_firefox.gif]
[www.w3cschool.cn/statics/yimages/compatible_chrome.gif]
[www.w3cschool.cn/statics/yimages/compatible_safari.gif]
[www.w3cschool.cn/statics/yimages/compatible_opera.gif]
[www.w3cschool.cn/statics/yimages/compatible_ie2020.gif]
[www.w3cschool.cn/statics/yimages/precompatible_ie5920.gif]
[www.w3cschool.cn/statics/yimages/compatible_firefox2020.gif]
[www.w3cschool.cn/statics/yimages/precompatible_firefox5920.gif]
[www.w3cschool.cn/statics/yimages/compatible_chrome2020.gif]
[www.w3cschool.cn/statics/yimages/precompatible_chrome5920.gif]
[www.w3cschool.cn/statics/yimages/compatible_safari2020.gif]
[www.w3cschool.cn/statics/yimages/precompatible_safari5920.gif]
[www.w3cschool.cn/statics/yimages/compatible_opera2020.gif]
[www.w3cschool.cn/statics/yimages/precompatible_opera5920.gif]
[www.w3cschool.cn/statics/css/project.css]
[www.w3cschool.cn/plugins/highlight/styles/default.css]
[www.w3cschool.cn/attachments/image/20180906/1536214488358385.png]
[7n.w3cschool.cn/statics/images/w3c/w3cschool743e.png]
[7n.w3cschool.cn/statics/images/w3c/w3cschool743e.jpg]
[www.w3cschool.cn/javascript/list/index.html]
[www.w3cschool.cn/statics/css/question.css]
[www.w3cschool.cn/statics/yimages/positionred.png]
[www.w3cschool.cn/attachments/avatar2/avatar_331.jpg]
[www.w3cschool.cn/attachments/avatar2/avatar_10009.jpg]
[www.w3cschool.cn/attachments/avatar2/avatar_225.jpg]
[www.w3cschool.cn/attachments/avatar2/avatar_208298.jpg]
[www.w3cschool.cn/attachments/avatar2/avatar_56.jpg]
[www.w3cschool.cn/attachments/avatar2/avatar_10045.jpg]
[www.w3cschool.cn/attachments/avatar2/avatar_95.jpg]
[www.w3cschool.cn/attachments/avatar2/avatar_50.jpg]
[www.w3cschool.cn/attachments/avatar2/avatar_11841.jpg]
[www.w3cschool.cn/attachments/avatar2/avatar_53.jpg]
[www.w3cschool.cn/attachments/avatar2/avatar_11476.jpg]
[www.w3cschool.cn/javascript/topic.html]
[www.w3cschool.cn/statics/js/question.js]
[7n.w3cschool.cn/statics/images/course/lamp.jpg]
[www.w3cschool.cn/attachments/image/20181019/1539919615700323.png]
[www.w3cschool.cn/javascript/js-tutorial.html]
[7n.w3cschool.cn/statics/images/course/pic_bulboff.gif]
[www.w3cschool.cn/javascript/js-intro.html]
[www.w3cschool.cn/attachments/image/20170306/1488780841257569.gif]
[7n.w3cschool.cn/attachments/image/20170306/1488780841257569.gif]
[www.w3cschool.cn/attachments/image/20160910/1473476925658848.gif]
[7n.w3cschool.cn/attachments/image/20171209/1512802772947435.png]
[www.w3cschool.cn/attachments/image/20160910/1473476935836031.gif]
[7n.w3cschool.cn/attachments/image/20160910/1473476935836031.gif]
[www.w3cschool.cn/attachments/image/20160910/1473476945739921.gif]
[7n.w3cschool.cn/attachments/image/20160910/1473476945739921.gif]
[7n.w3cschool.cn/attachments/image/20180205/1517813267879178.png]
[www.w3cschool.cn/attachments/image/20160910/1473476952296809.gif]
[7n.w3cschool.cn/attachments/image/20160910/1473476952296809.gif]
[www.w3cschool.cn/attachments/image/20160910/1473476960662589.gif]
[7n.w3cschool.cn/attachments/image/20160910/1473476960662589.gif]
[www.w3cschool.cn/attachments/image/20160910/1473476968735757.gif]
[www.w3cschool.cn/attachments/image/20160910/1473476975191386.gif]
[7n.w3cschool.cn/attachments/image/20160910/1473476975191386.gif]
[www.w3cschool.cn/attachments/image/20160910/1473476981856911.gif]
[7n.w3cschool.cn/attachments/image/20160910/1473476981856911.gif]
[www.w3cschool.cn/attachments/image/20160910/1473476987139357.gif]
[7n.w3cschool.cn/attachments/image/20160910/1473476987139357.gif]
[www.w3cschool.cn/javascript/javascript-skillmap.html]
[www.w3cschool.cn/javascript/js-howto.html]
[www.w3cschool.cn/javascript/js-output.html]
[www.w3cschool.cn/javascript/js-syntax.html]
[www.w3cschool.cn/javascript/js-statements.html]
[www.w3cschool.cn/javascript/js-comments.html]
[7n.w3cschool.cn/attachments/image/20160809/1470709822216279.gif]
[www.w3cschool.cn/javascript/js-variables.html]
[7n.w3cschool.cn/attachments/image/20160809/1470710140220491.gif]
[www.w3cschool.cn/javascript/js-datatypes.html]
[7n.w3cschool.cn/attachments/image/20160809/1470709911288582.gif]
[www.w3cschool.cn/javascript/js-functions.html]
[www.w3cschool.cn/javascript/js-scope.html]
[www.w3cschool.cn/javascript/js-events.html]
[www.w3cschool.cn/javascript/js-strings.html]
[7n.w3cschool.cn/attachments/image/20170921/1505989160659350.gif]
[www.w3cschool.cn/javascript/js-operators.html]
[www.w3cschool.cn/javascript/js-comparisons.html]
[7n.w3cschool.cn/attachments/image/20160809/1470710031660821.gif]
[www.w3cschool.cn/javascript/wopi12hp.html]
[7n.w3cschool.cn/statics/images/course/tryitimg.gif]
[www.w3cschool.cn/javascript/js-if-else.html]
[www.w3cschool.cn/javascript/js-switch.html]
[www.w3cschool.cn/javascript/js-loop-for.html]
[www.w3cschool.cn/javascript/js-loop-while.html]
[www.w3cschool.cn/javascript/js-break.html]
[www.w3cschool.cn/javascript/js-type-conversion.html]
[7n.w3cschool.cn/attachments/image/20180801/1533116648247532.png]
[7n.w3cschool.cn/attachments/image/20160809/1470710362109508.gif]
[www.w3cschool.cn/javascript/js-regexp.html]
[www.w3cschool.cn/javascript/js-errors.html]
[www.w3cschool.cn/javascript/js-debugging.html]
[www.w3cschool.cn/javascript/js-form-validation.html]
[www.w3cschool.cn/javascript/js-reserved.html]
[www.w3cschool.cn/javascript/js-json.html]
[www.w3cschool.cn/javascript/js-void.html]
[7n.w3cschool.cn/attachments/image/20180801/1533117294499774.png]
[www.w3cschool.cn/javascript/javascript-conventions.html]
[www.w3cschool.cn/javascript/js-function-definition.html]
[www.w3cschool.cn/javascript/js-function-parameters.html]
[www.w3cschool.cn/javascript/js-function-invocation.html]
[www.w3cschool.cn/javascript/js-function-closures.html]
[7n.w3cschool.cn/statics/images/course/pic_htmltree.gif]
[7n.w3cschool.cn/attachments/image/20160809/1470709730442234.gif]
[www.w3cschool.cn/javascript/js-htmldom.html]
[7n.w3cschool.cn/attachments/image/20160225/1456400088158632.jpg]
[www.w3cschool.cn/javascript/js-htmldom-html.html]
[www.w3cschool.cn/javascript/js-htmldom-css.html]
[www.w3cschool.cn/javascript/js-htmldom-events.html]
[www.w3cschool.cn/javascript/js-htmldom-eventlistener.html]
[www.w3cschool.cn/javascript/js-htmldom-elements.html]
[www.w3cschool.cn/javascript/js-objects.html]
[www.w3cschool.cn/javascript/js-obj-number.html]
[7n.w3cschool.cn/attachments/image/20160809/1470710444592947.gif]
[www.w3cschool.cn/javascript/js-obj-string.html]
[www.w3cschool.cn/javascript/js-obj-date.html]
[7n.w3cschool.cn/attachments/image/20160809/1470709596457344.gif]
[www.w3cschool.cn/javascript/js-obj-array.html]
[www.w3cschool.cn/javascript/js-obj-boolean.html]
[www.w3cschool.cn/statics/images/course/tryitimg.gif]
[www.w3cschool.cn/javascript/js-obj-math.html]
[www.w3cschool.cn/javascript/js-obj-regexp.html]
[7n.w3cschool.cn/attachments/image/20160809/1470710607319368.gif]
[www.w3cschool.cn/javascript/yji712hr.html]
[www.w3cschool.cn/javascript/javascript-execcommand.html]
[www.w3cschool.cn/javascript/js-window.html]
[www.w3cschool.cn/javascript/js-window-screen.html]
[www.w3cschool.cn/javascript/js-window-location.html]
[www.w3cschool.cn/javascript/js-window-history.html]
[www.w3cschool.cn/javascript/js-window-navigator.html]
[www.w3cschool.cn/javascript/js-popup.html]
[www.w3cschool.cn/javascript/js-timing.html]
[www.w3cschool.cn/javascript/js-cookies.html]
[www.w3cschool.cn/javascript/js-libraries.html]
[www.w3cschool.cn/javascript/js-lib-jquery.html]
[www.w3cschool.cn/javascript/js-lib-prototype.html]
[www.w3cschool.cn/javascript/js-examples.html]
[www.w3cschool.cn/javascript/js-ex-objects.html]
[www.w3cschool.cn/javascript/js-ex-browser.html]
[www.w3cschool.cn/javascript/js-ex-dom.html]
[www.w3cschool.cn/javascript/js-summary.html]
[www.w3cschool.cn/javascript/javascript-js_quiz.html]
[www.w3cschool.cn/javascript/javascript-codecamp.html]
[www.w3cschool.cn/javascript/javascript-array.html]
[www.w3cschool.cn/javascript/javascript-void.html]
[www.w3cschool.cn/javascript/javascript-special.html]
[www.w3cschool.cn/javascript/javascript-optimization.html]
[www.w3cschool.cn/javascript/javascript-expression.html]
[www.w3cschool.cn/javascript/javascript-5isn2lax.html]
[www.w3cschool.cn/javascript/javascript-this.html]
[www.w3cschool.cn/javascript/question-10231576.html]
[www.w3cschool.cn/javascript/question-10231469.html]
[www.w3cschool.cn/javascript/question-10231450.html]
[www.w3cschool.cn/javascript/question-10232123.html]
[www.w3cschool.cn/javascript/question-10231568.html]
[www.w3cschool.cn/javascript/question-10231488.html]
[www.w3cschool.cn/javascript/question-10231654.html]
[www.w3cschool.cn/javascript/question-10231574.html]
[www.w3cschool.cn/javascript/question-10231529.html]
[www.w3cschool.cn/javascript/question-10231535.html]
[www.w3cschool.cn/javascript/dict.html]
[www.w3cschool.cn/javascript/index-2.html]
[7nsts.w3cschool.cn/images/w3c/icon-copy.html]
[www.w3cschool.cn/javascript/list4658.html]
[www.w3cschool.cn/javascript/list9ba9.html]
[www.w3cschool.cn/javascript/listfdb0.html]
[www.w3cschool.cn/javascript/listaf4d.html]
[www.w3cschool.cn/javascript/listc575.html]
[www.w3cschool.cn/javascript/list235c.html]
[www.w3cschool.cn/javascript/listfdfa.html]
[www.w3cschool.cn/statics/yimages/thumbs-up.png]
[www.w3cschool.cn/statics/yimages/thumbs-down.png]
[www.w3cschool.cn/statics/yimages/share.png]
[www.w3cschool.cn/statics/yimages/comment-icon.png]
[www.w3cschool.cn/statics/yimages/icon-focus.png]
[www.w3cschool.cn/statics/css/question.css]
[www.w3cschool.cn/javascript/topic0e61.html]
[www.w3cschool.cn/javascript/topicee8d.html]
[www.w3cschool.cn/javascript/topice706.html]
[www.w3cschool.cn/javascript/question-10231579.html]
[www.w3cschool.cn/javascript/question-10231581.html]
[www.w3cschool.cn/javascript/question-10231530.html]
[www.w3cschool.cn/javascript/question-10231479.html]
[www.w3cschool.cn/javascript/question-10231544.html]
[www.w3cschool.cn/javascript/question-10231471.html]
[www.w3cschool.cn/javascript/question-10231453.html]
[www.w3cschool.cn/javascript/tbh7af21.html]
[www.w3cschool.cn/javascript/javascript-t64x2ksc.html]
[www.w3cschool.cn/javascript/js-typeof.html]
[www.w3cschool.cn/javascript/up2a9f21.html]
[www.w3cschool.cn/javascript/3fnbpf21.html]
[www.w3cschool.cn/javascript/41wxaf21.html]
[www.w3cschool.cn/javascript/8bkjyf21.html]
