[www.fooish.com/sql/index.html]
[backblue.gif]
[fade.gif]
[index.html]
[cdnjs.cloudflare.com/ajax/libs/normalize/4.1.1/normalize.min.css]
[cdnjs.cloudflare.com/ajax/libs/highlight.js/9.12.0/styles/github.min.css]
[www.fooish.com/assets/css/base-305d0c54fd.css]
[ajax.googleapis.com/ajax/libs/jquery/1.12.4/jquery.min.js]
[cdnjs.cloudflare.com/ajax/libs/highlight.js/9.12.0/highlight.min.js]
[cdnjs.cloudflare.com/ajax/libs/jquery.sticky/1.0.3/jquery.sticky.min.js]
[cdnjs.cloudflare.com/ajax/libs/lodash.js/4.17.4/lodash.min.js]
[www.fooish.com/sql/syntax.html]
[www.fooish.com/sql/data-types.html]
[www.fooish.com/sql/operators.html]
[www.fooish.com/sql/create-database.html]
[www.fooish.com/sql/create-table.html]
[www.fooish.com/sql/alter-table.html]
[www.fooish.com/sql/drop-truncate.html]
[www.fooish.com/sql/constraints.html]
[www.fooish.com/sql/not-null-constraint.html]
[www.fooish.com/sql/unique-constraint.html]
[www.fooish.com/sql/primary-key-constraint.html]
[www.fooish.com/sql/foreign-key-constraint.html]
[www.fooish.com/sql/check-constraint.html]
[www.fooish.com/sql/default-constraint.html]
[www.fooish.com/sql/auto-increment.html]
[www.fooish.com/sql/create-index-drop-index.html]
[www.fooish.com/sql/view.html]
[www.fooish.com/sql/insert-into.html]
[www.fooish.com/sql/update.html]
[www.fooish.com/sql/delete-from.html]
[www.fooish.com/sql/select-into.html]
[www.fooish.com/sql/select.html]
[www.fooish.com/sql/where.html]
[www.fooish.com/sql/order-by.html]
[www.fooish.com/sql/distinct.html]
[www.fooish.com/sql/top-limit-rownum.html]
[www.fooish.com/sql/in.html]
[www.fooish.com/sql/between.html]
[www.fooish.com/sql/wildcards.html]
[www.fooish.com/sql/like.html]
[www.fooish.com/sql/as.html]
[www.fooish.com/sql/join.html]
[www.fooish.com/sql/inner-join.html]
[www.fooish.com/sql/left-outer-join.html]
[www.fooish.com/sql/right-outer-join.html]
[www.fooish.com/sql/full-outer-join.html]
[www.fooish.com/sql/cross-join.html]
[www.fooish.com/sql/natural-join.html]
[www.fooish.com/sql/union.html]
[www.fooish.com/sql/intersect.html]
[www.fooish.com/sql/minus.html]
[www.fooish.com/sql/subquery.html]
[www.fooish.com/sql/exists.html]
[www.fooish.com/assets/img/fooish.jpg]
[www.fooish.com/sql/case.html]
[www.fooish.com/sql/functions.html]
[www.fooish.com/sql/avg-function.html]
[www.fooish.com/sql/count-function.html]
[www.fooish.com/sql/max-function.html]
[www.fooish.com/sql/min-function.html]
[www.fooish.com/sql/sum-function.html]
[www.fooish.com/sql/group-by.html]
[www.fooish.com/sql/having.html]
[www.fooish.com/sql/ascii-function.html]
[www.fooish.com/sql/char-function.html]
[www.fooish.com/sql/concat-function.html]
[www.fooish.com/sql/length-function.html]
[www.fooish.com/sql/replace-function.html]
[www.fooish.com/sql/ucase-function.html]
[www.fooish.com/sql/lcase-function.html]
[www.fooish.com/sql/mid-function.html]
[www.fooish.com/sql/abs-function.html]
[www.fooish.com/sql/ceil-function.html]
[www.fooish.com/sql/floor-function.html]
[www.fooish.com/sql/power-function.html]
[www.fooish.com/sql/round-function.html]
[www.fooish.com/sql/sqrt-function.html]
[www.fooish.com/sql/pi-function.html]
[www.fooish.com/sql/exp-function.html]
[www.fooish.com/sql/log-function.html]
[www.fooish.com/sql/trigonometric-function.html]
[www.fooish.com/sql/now-function.html]
[www.fooish.com/sql/create-user.html]
[www.fooish.com/sql/drop-user.html]
[www.fooish.com/sql/grant-privileges.html]
[www.fooish.com/sql/revoke-privileges.html]
[pagead2.googlesyndication.com/pagead/js/f.txt]
[www.fooish.com/assets/js/base-03c70f4725.js]
[www.google-analytics.com/analytics.js]
[www.fooish.com/sql/index.html]
[cdnjs.cloudflare.com/ajax/libs/normalize/4.1.1/normalize.min.css]
[cdnjs.cloudflare.com/ajax/libs/highlight.js/9.12.0/styles/github.min.css]
[www.fooish.com/assets/css/base-305d0c54fd.css]
[www.fooish.com/sql/syntax.html]
[www.fooish.com/sql/data-types.html]
[www.fooish.com/sql/operators.html]
[www.fooish.com/sql/create-database.html]
[www.fooish.com/sql/create-table.html]
[www.fooish.com/sql/alter-table.html]
[www.fooish.com/sql/drop-truncate.html]
[www.fooish.com/sql/constraints.html]
[www.fooish.com/sql/not-null-constraint.html]
[www.fooish.com/sql/unique-constraint.html]
[www.fooish.com/sql/primary-key-constraint.html]
[www.fooish.com/sql/foreign-key-constraint.html]
[www.fooish.com/sql/check-constraint.html]
[www.fooish.com/sql/default-constraint.html]
[www.fooish.com/sql/auto-increment.html]
[www.fooish.com/sql/create-index-drop-index.html]
[www.fooish.com/sql/view.html]
[www.fooish.com/sql/insert-into.html]
[www.fooish.com/sql/update.html]
[www.fooish.com/sql/delete-from.html]
[www.fooish.com/sql/select-into.html]
[www.fooish.com/sql/select.html]
[www.fooish.com/sql/where.html]
[www.fooish.com/sql/order-by.html]
[www.fooish.com/sql/distinct.html]
[www.fooish.com/sql/top-limit-rownum.html]
[www.fooish.com/sql/in.html]
[www.fooish.com/sql/between.html]
[www.fooish.com/sql/wildcards.html]
[www.fooish.com/sql/like.html]
[www.fooish.com/sql/as.html]
[www.fooish.com/sql/join.html]
[www.fooish.com/sql/inner-join.html]
[www.fooish.com/sql/left-outer-join.html]
[www.fooish.com/sql/right-outer-join.html]
[www.fooish.com/sql/full-outer-join.html]
[www.fooish.com/sql/cross-join.html]
[www.fooish.com/sql/natural-join.html]
[www.fooish.com/sql/union.html]
[www.fooish.com/sql/intersect.html]
[www.fooish.com/sql/minus.html]
[www.fooish.com/sql/subquery.html]
[www.fooish.com/sql/exists.html]
[www.fooish.com/sql/case.html]
[www.fooish.com/sql/ceiling-function.html]
[www.fooish.com/sql/functions.html]
[www.fooish.com/sql/avg-function.html]
[www.fooish.com/sql/count-function.html]
[www.fooish.com/sql/max-function.html]
[www.fooish.com/sql/min-function.html]
[www.fooish.com/sql/sum-function.html]
[www.fooish.com/sql/group-by.html]
[www.fooish.com/sql/having.html]
[www.fooish.com/sql/ascii-function.html]
[www.fooish.com/sql/char-function.html]
[www.fooish.com/sql/concat-function.html]
[www.fooish.com/sql/length-function.html]
[www.fooish.com/sql/replace-function.html]
[www.fooish.com/sql/ucase-function.html]
[www.fooish.com/sql/lcase-function.html]
[www.fooish.com/sql/mid-function.html]
[www.fooish.com/sql/abs-function.html]
[www.fooish.com/sql/ceil-function.html]
[www.fooish.com/sql/floor-function.html]
[www.fooish.com/sql/power-function.html]
[www.fooish.com/sql/round-function.html]
[www.fooish.com/sql/sqrt-function.html]
[www.fooish.com/sql/pi-function.html]
[www.fooish.com/sql/exp-function.html]
[www.fooish.com/sql/log-function.html]
[www.fooish.com/sql/trigonometric-function.html]
[www.fooish.com/sql/now-function.html]
[www.fooish.com/sql/create-user.html]
[www.fooish.com/sql/drop-user.html]
[www.fooish.com/sql/grant-privileges.html]
[www.fooish.com/sql/revoke-privileges.html]
[www.fooish.com/sql/ceiling-function.html]
