[www.w3cschool.cn/css/index.html]
[backblue.gif]
[fade.gif]
[index.html]
[www.w3cschool.cn/statics/plugins/font-awesome/css/font-awesome.min.css]
[www.w3cschool.cn/statics/css/w3.css]
[www.w3cschool.cn/statics/css/style-kn-project-view.css]
[www.w3cschool.cn/statics/css/style-theme.css]
[www.w3cschool.cn/statics/css/project.css]
[www.w3cschool.cn/plugins/highlight/styles/default.css]
[www.w3cschool.cn/plugins/highlight/highlight.pack.js]
[www.w3cschool.cn/statics/js/jquery-1.8.3.min.js]
[www.w3cschool.cn/statics/plugins/jquery-slimscroll/jquery.slimscroll.min.js]
[7nsts.w3cschool.cn/images/w3c/header-logo.png]
[www.w3cschool.cn/statics/js/project.leftbox.js]
[7nsts.w3cschool.cn/images/w3c/app-qrcode2.png]
[7nsts.w3cschool.cn/images/w3c/w3cschool.png]
[7n.w3cschool.cn/attachments/avatar2/avatar_14.jpg]
[www.w3cschool.cn/attachments/cover/cover_css7d90.png]
[www.w3cschool.cn/css/list/index.html]
[www.w3cschool.cn/css/topic.html]
[www.w3cschool.cn/css/css-tutorial.html]
[www.w3cschool.cn/css/css-intro.html]
[www.w3cschool.cn/css/css-syntax.html]
[www.w3cschool.cn/css/css-id-class.html]
[www.w3cschool.cn/css/css-howto.html]
[www.w3cschool.cn/css/css-background.html]
[www.w3cschool.cn/css/css-text.html]
[www.w3cschool.cn/css/css-font.html]
[www.w3cschool.cn/css/css-link.html]
[www.w3cschool.cn/css/css-list.html]
[www.w3cschool.cn/css/css-table.html]
[www.w3cschool.cn/css/css-boxmodel.html]
[www.w3cschool.cn/css/css-border.html]
[www.w3cschool.cn/css/css-outline.html]
[www.w3cschool.cn/css/css-margin.html]
[www.w3cschool.cn/css/css-padding.html]
[www.w3cschool.cn/css/css-grouping-nesting.html]
[www.w3cschool.cn/css/css-dimension.html]
[www.w3cschool.cn/css/css-display-visibility.html]
[www.w3cschool.cn/css/css-positioning.html]
[www.w3cschool.cn/css/css-float.html]
[www.w3cschool.cn/css/css-align.html]
[www.w3cschool.cn/css/css-combinators.html]
[www.w3cschool.cn/css/css-pseudo-classes.html]
[www.w3cschool.cn/css/css-pseudo-elements.html]
[www.w3cschool.cn/css/31tvyfm8.html]
[www.w3cschool.cn/css/xohvqfmc.html]
[www.w3cschool.cn/css/css-image-gallery.html]
[www.w3cschool.cn/css/css-image-transparency.html]
[www.w3cschool.cn/css/css-image-sprites.html]
[www.w3cschool.cn/css/css-mediatypes.html]
[www.w3cschool.cn/css/css-attribute-selectors.html]
[www.w3cschool.cn/css/css-summary.html]
[www.w3cschool.cn/css/css-examples.html]
[www.w3cschool.cn/css/css-rwd-viewport.html]
[www.w3cschool.cn/css/css-rwd-grid.html]
[www.w3cschool.cn/css/css-rwd-mediaqueries.html]
[www.w3cschool.cn/css/css-rwd-images.html]
[www.w3cschool.cn/css/css-rwd-videos.html]
[www.w3cschool.cn/css/css-rwd-frameworks.html]
[www.w3cschool.cn/css/css-codecamp.html]
[www.w3cschool.cn/css/css-csse_examples.html]
[www.w3cschool.cn/css/css-css_quiz.html]
[www.w3cschool.cn/css/introduction2mci2080.html]
[www.w3cschool.cn/css/css-selector.html]
[www.w3cschool.cn/css/css-center.html]
[www.w3cschool.cn/css/css-style.html]
[www.w3cschool.cn/css/css-transparent.html]
[www.w3cschool.cn/css/css-hack.html]
[www.w3cschool.cn/css/css-div.html]
[www.w3cschool.cn/css/css-basics.html]
[www.w3cschool.cn/css/css-layout.html]
[www.w3cschool.cn/css/css-center2.html]
[www.w3cschool.cn/css/css-taobao.html]
[www.w3cschool.cn/css/u21y1t7g.html]
[www.w3cschool.cn/css/css-scrollbar.html]
[www.w3cschool.cn/css/css-navigation.html]
[www.w3cschool.cn/css/css-text-justify.html]
[www.w3cschool.cn/css/css-translucent.html]
[www.w3cschool.cn/css/css-Load.html]
[www.w3cschool.cn/css/css-quote.html]
[www.w3cschool.cn/css/css-mouse.html]
[www.w3cschool.cn/css/css-sfrk2opy.html]
[www.w3cschool.cn/css/css-pf8o2oq1.html]
[www.w3cschool.cn/attachments/avatar2/avatar_2.jpg]
[www.w3cschool.cn/attachments/image/20161031/1477900523962173.png]
[www.w3cschool.cn/css/html-css-text.html]
[www.w3cschool.cn/css/html-css-position.html]
[www.w3cschool.cn/css/html-css-display.html]
[www.w3cschool.cn/css/html-css-margin.html]
[www.w3cschool.cn/css/html-css-lengths.html]
[www.w3cschool.cn/css/html-css3-animation.html]
[www.w3cschool.cn/css/table2.html]
[www.w3cschool.cn/css/html-css-styles-cascade.html]
[www.w3cschool.cn/css/question-10231676.html]
[www.w3cschool.cn/css/question-10231678.html]
[www.w3cschool.cn/css/question-10231670.html]
[www.w3cschool.cn/css/question-10231677.html]
[www.w3cschool.cn/css/question-10231588.html]
[www.w3cschool.cn/css/question-10231674.html]
[www.w3cschool.cn/css/question-10231497.html]
[www.w3cschool.cn/css/question-10231514.html]
[www.w3cschool.cn/css/question-10231656.html]
[www.w3cschool.cn/css/question-10231666.html]
[www.w3cschool.cn/attachments/image/20181018/1539830574172884.png]
[www.w3cschool.cn/css/dict.html]
[www.w3cschool.cn/css/index-2.html]
[7nsts.w3cschool.cn/images/w3c/w3cschool.jpg]
[www.w3cschool.cn/plugins/ueditor/third-party/SyntaxHighlighter/shCore.min.js]
[www.w3cschool.cn/statics/js/commonfooter.js]
[www.w3cschool.cn/statics/js/project.view.js]
[www.w3cschool.cn/statics/core/ajaxdo.core.js]
[www.w3cschool.cn/statics/js/paypraise.js]
[www.w3cschool.cn/css/index.html]
[www.w3cschool.cn/statics/plugins/font-awesome/css/font-awesome.min.css]
[7nsts.w3cschool.cn/images/w3c/icon-n.png]
[www.w3cschool.cn/plugins/baidushare/js/share6e53.js]
[7nsts.w3cschool.cn/images/w3c/icon-h.gif]
[7nsts.w3cschool.cn/images/w3c/vip-sicon0.png]
[7nsts.w3cschool.cn/images/w3c/vip-sicon1.png]
[7nsts.w3cschool.cn/images/w3c/vip-sicon2.png]
[7nsts.w3cschool.cn/yimages/icon-angle-down1.png]
[7nsts.w3cschool.cn/images/w3c/header-app1b99.png]
[7nsts.w3cschool.cn/yimages/icons.png]
[7nsts.w3cschool.cn/yimages/icon-home1.png]
[7nsts.w3cschool.cn/yimages/icon-cog1.png]
[7nsts.w3cschool.cn/yimages/icon-key1.png]
[7nsts.w3cschool.cn/yimages/icon-note1dde8.png]
[7nsts.w3cschool.cn/yimages/icon-user1.png]
[7nsts.w3cschool.cn/yimages/icon-home2.png]
[7nsts.w3cschool.cn/yimages/icon-cog2.png]
[7nsts.w3cschool.cn/yimages/icon-key2.png]
[7nsts.w3cschool.cn/yimages/icon-note2dde8.png]
[7nsts.w3cschool.cn/yimages/icon-user2.png]
[7nsts.w3cschool.cn/images/w3c/notice-icon.png]
[7nsts.w3cschool.cn/yimages/share-more.png]
[7nsts.w3cschool.cn/images/w3c/icon-home.png]
[7nsts.w3cschool.cn/yimages/pass.png]
[7nsts.w3cschool.cn/images/w3c/sns-sprite.png]
[7nsts.w3cschool.cn/images/w3c/success.png]
[7nsts.w3cschool.cn/images/w3c/error.png]
[7nsts.w3cschool.cn/images/w3c/content-group.png]
[7nsts.w3cschool.cn/yimages/question-icon.png]
[7nsts.w3cschool.cn/images/w3c/icon-article.png]
[7nsts.w3cschool.cn/images/w3c/close-btn.png]
[7nsts.w3cschool.cn/yimages/register_bg.png]
[7nsts.w3cschool.cn/yimages/vip_ico.png]
[7nsts.w3cschool.cn/yimages/qr-img.png]
[7nsts.w3cschool.cn/yimages/backgrounds.32.png]
[7nsts.w3cschool.cn/yimages/qqkf.jpg]
[7nsts.w3cschool.cn/yimages/qqkf_hv.jpg]
[7nsts.w3cschool.cn/yimages/jyfk.jpg]
[7nsts.w3cschool.cn/yimages/jyfk_hv.jpg]
[www.w3cschool.cn/statics/css/w3.css]
[www.w3cschool.cn/statics/yimages/tree1.gif]
[www.w3cschool.cn/statics/yimages/tree2.gif]
[www.w3cschool.cn/statics/yimages/tree2_view.gif]
[www.w3cschool.cn/statics/yimages/jia.png]
[www.w3cschool.cn/statics/yimages/jian.png]
[www.w3cschool.cn/statics/yimages/scroll.png]
[www.w3cschool.cn/statics/yimages/close.png]
[www.w3cschool.cn/statics/img/star-off.png]
[www.w3cschool.cn/statics/img/star-on.png]
[www.w3cschool.cn/statics/css/style-kn-project-view.css]
[www.w3cschool.cn/statics/css/style-theme.css]
[www.w3cschool.cn/statics/yimages/compatible_ie.gif]
[www.w3cschool.cn/statics/yimages/compatible_firefox.gif]
[www.w3cschool.cn/statics/yimages/compatible_chrome.gif]
[www.w3cschool.cn/statics/yimages/compatible_safari.gif]
[www.w3cschool.cn/statics/yimages/compatible_opera.gif]
[www.w3cschool.cn/statics/yimages/compatible_ie2020.gif]
[www.w3cschool.cn/statics/yimages/precompatible_ie5920.gif]
[www.w3cschool.cn/statics/yimages/compatible_firefox2020.gif]
[www.w3cschool.cn/statics/yimages/precompatible_firefox5920.gif]
[www.w3cschool.cn/statics/yimages/compatible_chrome2020.gif]
[www.w3cschool.cn/statics/yimages/precompatible_chrome5920.gif]
[www.w3cschool.cn/statics/yimages/compatible_safari2020.gif]
[www.w3cschool.cn/statics/yimages/precompatible_safari5920.gif]
[www.w3cschool.cn/statics/yimages/compatible_opera2020.gif]
[www.w3cschool.cn/statics/yimages/precompatible_opera5920.gif]
[www.w3cschool.cn/statics/css/project.css]
[www.w3cschool.cn/plugins/highlight/styles/default.css]
[www.w3cschool.cn/css/html-css-background.html]
[www.w3cschool.cn/css/html-css-inclusion.html]
[www.w3cschool.cn/css/html-css-comments.html]
[www.w3cschool.cn/css/html-css-character-encoding.html]
[www.w3cschool.cn/css/html-css-colors.html]
[www.w3cschool.cn/css/list4658.html]
[www.w3cschool.cn/css/list9ba9.html]
[www.w3cschool.cn/css/listfdb0.html]
[www.w3cschool.cn/css/listaf4d.html]
[www.w3cschool.cn/css/listc575.html]
[www.w3cschool.cn/css/list235c.html]
[www.w3cschool.cn/css/listfdfa.html]
[www.w3cschool.cn/attachments/image/20180906/1536214488358385.png]
[7n.w3cschool.cn/statics/images/w3c/w3cschool743e.png]
[7n.w3cschool.cn/statics/images/w3c/w3cschool743e.jpg]
[www.w3cschool.cn/css/list/index.html]
[www.w3cschool.cn/statics/css/question.css]
[www.w3cschool.cn/statics/yimages/positionred.png]
[www.w3cschool.cn/css/topic0e61.html]
[www.w3cschool.cn/css/topicee8d.html]
[www.w3cschool.cn/css/topice706.html]
[www.w3cschool.cn/attachments/avatar2/avatar_100.jpg]
[www.w3cschool.cn/attachments/avatar2/avatar_75.jpg]
[www.w3cschool.cn/attachments/avatar2/avatar_97.jpg]
[www.w3cschool.cn/attachments/avatar2/avatar_10011.png]
[www.w3cschool.cn/attachments/avatar2/avatar_10012.png]
[www.w3cschool.cn/css/question-10231668.html]
[www.w3cschool.cn/attachments/avatar2/avatar_74.jpg]
[www.w3cschool.cn/attachments/avatar2/avatar_73.jpg]
[www.w3cschool.cn/css/question-10231671.html]
[www.w3cschool.cn/css/question-10231493.html]
[www.w3cschool.cn/attachments/avatar2/avatar_98.jpg]
[www.w3cschool.cn/css/question-10231669.html]
[www.w3cschool.cn/attachments/avatar2/avatar_70.jpg]
[www.w3cschool.cn/attachments/avatar2/avatar_101.jpg]
[www.w3cschool.cn/css/question-10231672.html]
[www.w3cschool.cn/attachments/avatar2/avatar_50.jpg]
[www.w3cschool.cn/css/question-10231532.html]
[www.w3cschool.cn/css/question-10231495.html]
[www.w3cschool.cn/css/question-10231494.html]
[www.w3cschool.cn/css/topic.html]
[www.w3cschool.cn/statics/js/question.js]
[www.w3cschool.cn/css/1fi5zf21.html]
[www.w3cschool.cn/attachments/image/20181019/1539919615700323.png]
[www.w3cschool.cn/css/css-rwd-intro.html]
[www.w3cschool.cn/css/css-navbar.html]
[www.w3cschool.cn/css/css-tutorial.html]
[www.w3cschool.cn/css/css-intro.html]
[www.w3cschool.cn/css/css-dropdowns.html]
[7n.w3cschool.cn/statics/images/course/selector.gif]
[www.w3cschool.cn/css/css-syntax.html]
[7n.w3cschool.cn/statics/images/course/lamp.gif]
[www.w3cschool.cn/statics/images/course/lamp.gif]
[www.w3cschool.cn/css/css-id-class.html]
[7n.w3cschool.cn/attachments/image/20171218/1513584051697589.png]
[www.w3cschool.cn/css/css-howto.html]
[7n.w3cschool.cn/statics/images/course/tryitimg.gif]
[www.w3cschool.cn/css/css-background.html]
[www.w3cschool.cn/css/css-text.html]
[7n.w3cschool.cn/statics/images/course/serif.gif]
[7n.w3cschool.cn/attachments/image/20180801/1533115646238771.png]
[www.w3cschool.cn/css/css-font.html]
[www.w3cschool.cn/css/css-link.html]
[www.w3cschool.cn/css/css-list.html]
[www.w3cschool.cn/css/css-table.html]
[7n.w3cschool.cn/statics/images/course/box-model.gif]
[www.w3cschool.cn/css/css-boxmodel.html]
[www.w3cschool.cn/css/css-border.html]
[7n.w3cschool.cn/statics/images/course/box_outline.gif]
[www.w3cschool.cn/css/css-outline.html]
[www.w3cschool.cn/css/css-margin.html]
[www.w3cschool.cn/css/css-padding.html]
[www.w3cschool.cn/css/css-grouping-nesting.html]
[www.w3cschool.cn/css/css-dimension.html]
[7n.w3cschool.cn/statics/images/course/klematis_small.jpg]
[7n.w3cschool.cn/statics/images/course/klematis2_small.jpg]
[7n.w3cschool.cn/statics/images/course/klematis3_small.jpg]
[www.w3cschool.cn/css/css-display-visibility.html]
[www.w3cschool.cn/css/css-positioning.html]
[7n.w3cschool.cn/statics/images/course/klematis4_small.jpg]
[www.w3cschool.cn/css/css-float.html]
[www.w3cschool.cn/css/css-align.html]
[www.w3cschool.cn/css/html-css-float.html]
[7n.w3cschool.cn/attachments/day_160721/201607212138039416.jpg]
[www.w3cschool.cn/css/css-combinators.html]
[www.w3cschool.cn/css/css-pseudo-classes.html]
[www.w3cschool.cn/css/css-pseudo-elements.html]
[www.w3cschool.cn/css/31tvyfm8.html]
[www.w3cschool.cn/css/void(0)]
[7n.w3cschool.cn/statics/images/w3c/intro.png]
[www.w3cschool.cn/css/xohvqfmc.html]
[www.w3cschool.cn/css/css-image-gallery.html]
[7n.w3cschool.cn/statics/images/course/klematis.jpg]
[7n.w3cschool.cn/statics/images/course/klematis2.jpg]
[www.w3cschool.cn/css/css-image-transparency.html]
[7n.w3cschool.cn/statics/images/course/img_navsprites.gif]
[7n.w3cschool.cn/statics/images/course/lamp.jpg]
[7n.w3cschool.cn/statics/images/course/img_navsprites_hover.gif]
[www.w3cschool.cn/css/css-image-sprites.html]
[www.w3cschool.cn/css/css-mediatypes.html]
[www.w3cschool.cn/css/css-attribute-selectors.html]
[www.w3cschool.cn/css/css-summary.html]
[www.w3cschool.cn/css/css-examples.html]
[www.w3cschool.cn/css/zkgy6f21.html]
[7n.w3cschool.cn/attachments/uploads/2015/06/img_viewport1.png]
[7n.w3cschool.cn/attachments/uploads/2015/06/img_viewport2.png]
[www.w3cschool.cn/css/css-rwd-viewport.html]
[7n.w3cschool.cn/attachments/uploads/2015/06/viewgrid1.jpg]
[7n.w3cschool.cn/attachments/uploads/2015/06/viewgrid2.jpg]
[www.w3cschool.cn/css/css-rwd-grid.html]
[7n.w3cschool.cn/attachments/uploads/2015/06/rwd_desktop.png]
[7n.w3cschool.cn/attachments/uploads/2015/06/rwd_phone.png]
[7n.w3cschool.cn/attachments/uploads/2015/06/rwd_tablet.png]
[www.w3cschool.cn/css/css-rwd-mediaqueries.html]
[7n.w3cschool.cn/attachments/day_160721/201607212145265410.jpg]
[7n.w3cschool.cn/attachments/day_160721/201607212145268887.jpg]
[7n.w3cschool.cn/attachments/day_160721/201607212146438056.png]
[7n.w3cschool.cn/attachments/day_160721/201607212146537205.png]
[7n.w3cschool.cn/attachments/day_160721/201607212147008732.png]
[7n.w3cschool.cn/attachments/day_160721/201607212147131597.png]
[7n.w3cschool.cn/attachments/day_160721/201607212147248347.png]
[www.w3cschool.cn/statics/images/course/img_flowers.jpg]
[www.w3cschool.cn/css/css-rwd-images.html]
[www.w3cschool.cn/css/css-rwd-videos.html]
[www.w3cschool.cn/css/css-rwd-frameworks.html]
[www.w3cschool.cn/css/css-codecamp.html]
[www.w3cschool.cn/css/css-csse_examples.html]
[www.w3cschool.cn/css/auqg1214.html]
[www.w3cschool.cn/css/css-css_quiz.html]
[www.w3cschool.cn/css/css-t2w822zi.html]
[www.w3cschool.cn/css/html-css-syntax.html]
[www.w3cschool.cn/css/html-css-values.html]
[www.w3cschool.cn/css/html-css-selector.html]
[www.w3cschool.cn/css/html-css-font.html]
[www.w3cschool.cn/css/html-css-links.html]
[www.w3cschool.cn/css/html-css-lists.html]
[www.w3cschool.cn/css/html-css-box-model.html]
[www.w3cschool.cn/css/html-css-border.html]
[www.w3cschool.cn/css/html-css-outline.html]
[www.w3cschool.cn/css/html-css-padding.html]
[www.w3cschool.cn/css/html-css-size.html]
[www.w3cschool.cn/css/html-css-pseudo-class.html]
[www.w3cschool.cn/css/html-css-media-type.html]
[www.w3cschool.cn/css/html-css3-border.html]
[www.w3cschool.cn/css/html-css3-backgrounds.html]
[www.w3cschool.cn/css/html-css3-gradients.html]
[www.w3cschool.cn/css/html-css3-text-effects.html]
[www.w3cschool.cn/css/html-css3-web-fonts.html]
[www.w3cschool.cn/css/html-css3-transforms.html]
[www.w3cschool.cn/css/html-css3-transitions.html]
[www.w3cschool.cn/css/html-css3-column-layout.html]
[www.w3cschool.cn/css/introduction2mci2080.html]
[www.w3cschool.cn/css/css-2ysh2041.html]
[7n.w3cschool.cn/attachments/day_161108/201611081520585048.png]
[7n.w3cschool.cn/attachments/day_161108/201611081521457105.png]
[7n.w3cschool.cn/attachments/day_161108/201611081507131880.jpg]
[www.w3cschool.cn/css/css-selector.html]
[www.w3cschool.cn/css/pf4u1sjx.html]
[7n.w3cschool.cn/attachments/image/20161108/1478592901273014.png]
[www.w3cschool.cn/css/css-center.html]
[7n.w3cschool.cn/attachments/day_161108/201611081829431336.png]
[7n.w3cschool.cn/attachments/day_161108/201611081809587074.png]
[7n.w3cschool.cn/attachments/day_161108/201611081810089813.png]
[7n.w3cschool.cn/attachments/day_161108/201611081831117206.png]
[7n.w3cschool.cn/attachments/day_161108/201611081825261924.png]
[www.w3cschool.cn/css/css-style.html]
[7n.w3cschool.cn/attachments/image/20161109/1478662645680003.jpg]
[7n.w3cschool.cn/attachments/day_161109/201611091138311831.jpg]
[www.w3cschool.cn/css/css-transparent.html]
[7n.w3cschool.cn/attachments/day_161109/201611091459007919.jpg]
[7n.w3cschool.cn/attachments/day_161109/201611091500153370.png]
[7n.w3cschool.cn/attachments/day_161109/201611091503383247.png]
[www.w3cschool.cn/css/css-hack.html]
[7n.w3cschool.cn/attachments/day_161109/201611091758571121.jpg]
[7n.w3cschool.cn/attachments/image/20161109/1478684038880091.jpg]
[7n.w3cschool.cn/attachments/day_161109/201611091801032284.png]
[7n.w3cschool.cn/attachments/day_161109/201611091804358722.png]
[www.w3cschool.cn/css/css-div.html]
[7n.w3cschool.cn/attachments/day_161110/201611101141383785.png]
[7n.w3cschool.cn/attachments/day_161110/201611101142552444.png]
[7n.w3cschool.cn/attachments/day_161110/201611101146313224.png]
[7n.w3cschool.cn/attachments/day_161110/201611101144196962.jpg]
[www.w3cschool.cn/css/css-basics.html]
[7n.w3cschool.cn/attachments/day_161110/201611101438173577.png]
[7n.w3cschool.cn/attachments/day_161110/201611101450123952.png]
[7n.w3cschool.cn/attachments/day_161110/201611101452257473.png]
[7n.w3cschool.cn/attachments/day_161110/201611101453074667.png]
[7n.w3cschool.cn/attachments/day_161110/201611101453442293.png]
[7n.w3cschool.cn/attachments/day_161110/201611101454161092.png]
[7n.w3cschool.cn/attachments/day_161110/201611101454378793.png]
[7n.w3cschool.cn/attachments/day_161110/201611101455046643.png]
[7n.w3cschool.cn/attachments/day_161110/201611101455355615.png]
[7n.w3cschool.cn/attachments/day_161110/201611101523026267.png]
[7n.w3cschool.cn/attachments/day_161110/201611101533562555.png]
[7n.w3cschool.cn/attachments/day_161110/201611101540507766.jpg]
[7n.w3cschool.cn/attachments/day_161110/201611101541296534.jpg]
[7n.w3cschool.cn/attachments/day_161110/201611101544371597.png]
[7n.w3cschool.cn/attachments/image/20161110/1478764614699649.png]
[7n.w3cschool.cn/attachments/day_161110/201611101557483525.png]
[7n.w3cschool.cn/attachments/day_161110/201611101602059620.png]
[7n.w3cschool.cn/attachments/day_161110/201611101604376819.png]
[7n.w3cschool.cn/attachments/day_161110/201611101610265027.png]
[www.w3cschool.cn/css/css-layout.html]
[7n.w3cschool.cn/attachments/image/20161110/1478771145536424.jpg]
[7n.w3cschool.cn/attachments/day_161110/201611101755331906.jpg]
[www.w3cschool.cn/css/css-center2.html]
[7n.w3cschool.cn/attachments/image/20161114/1479109691959240.jpg]
[7n.w3cschool.cn/attachments/image/20161114/1479110064555029.jpg]
[7n.w3cschool.cn/attachments/image/20161114/1479110462599765.jpg]
[7n.w3cschool.cn/attachments/day_161114/201611141602423803.jpg]
[7n.w3cschool.cn/attachments/day_161114/201611141604001890.jpg]
[7n.w3cschool.cn/attachments/day_161114/201611141625269251.png]
[www.w3cschool.cn/css/css-taobao.html]
[7n.w3cschool.cn/attachments/day_161115/201611151149494248.png]
[7n.w3cschool.cn/attachments/day_161115/201611151150382420.png]
[7n.w3cschool.cn/attachments/day_161115/201611151153339101.png]
[7n.w3cschool.cn/attachments/day_161115/201611151155517814.png]
[www.w3cschool.cn/css/u21y1t7g.html]
[7n.w3cschool.cn/attachments/day_161115/201611151617488929.png]
[7n.w3cschool.cn/attachments/day_161115/201611151619168373.png]
[7n.w3cschool.cn/attachments/day_161115/201611151625519680.png]
[www.w3cschool.cn/css/css-scrollbar.html]
[7n.w3cschool.cn/attachments/day_161115/201611151713369511.gif]
[7n.w3cschool.cn/attachments/day_161115/201611151735227942.jpg]
[7n.w3cschool.cn/attachments/day_161115/201611151739108684.jpg]
[7n.w3cschool.cn/attachments/day_161115/201611151741127819.png]
[7n.w3cschool.cn/attachments/day_161115/201611151742179261.jpg]
[7n.w3cschool.cn/attachments/day_161115/201611151751332321.png]
[7n.w3cschool.cn/attachments/day_161115/201611151753593948.jpg]
[7n.w3cschool.cn/attachments/day_161115/201611151806541056.png]
[7n.w3cschool.cn/attachments/day_161115/201611151807043278.png]
[7n.w3cschool.cn/attachments/day_161115/201611151807198545.png]
[7n.w3cschool.cn/attachments/day_161115/201611151807498277.png]
[7n.w3cschool.cn/attachments/day_161115/201611151808068645.png]
[www.w3cschool.cn/css/css-navigation.html]
[7n.w3cschool.cn/attachments/image/20161116/1479284504228361.jpg]
[7n.w3cschool.cn/attachments/day_161116/201611161703534469.jpg]
[www.w3cschool.cn/css/css-text-justify.html]
[7n.w3cschool.cn/attachments/day_161116/201611161818284769.png]
[7n.w3cschool.cn/attachments/day_161116/201611161834222685.png]
[www.w3cschool.cn/css/css-translucent.html]
[7n.w3cschool.cn/attachments/day_161116/201611161926437430.png]
[www.w3cschool.cn/css/css-Load.html]
[7n.w3cschool.cn/attachments/day_161121/201611210918198866.png]
[7n.w3cschool.cn/attachments/day_161121/201611210919559806.png]
[www.w3cschool.cn/css/css-quote.html]
[hiphotos.baidu.com/wydmz/pic/item/a74023f0750966a8a40f5202.gif]
[7n.w3cschool.cn/attachments/day_161121/201611210921496330.png]
[7n.w3cschool.cn/attachments/day_161121/201611210921496198.jpg]
[www.w3cschool.cn/css/css-mouse.html]
[7n.w3cschool.cn/attachments/image/20180423/1524452448340753.png]
[7n.w3cschool.cn/attachments/image/20180423/1524452529421170.png]
[7n.w3cschool.cn/attachments/image/20180423/1524452558429300.png]
[7n.w3cschool.cn/attachments/image/20180423/1524452592814777.png]
[www.w3cschool.cn/css/css-sfrk2opy.html]
[7n.w3cschool.cn/attachments/image/20180423/1524454178883430.png]
[www.w3cschool.cn/css/css-pf8o2oq1.html]
[www.w3cschool.cn/css/html-css-text.html]
[7n.w3cschool.cn/attachments/image/20170116/1484560352937437.png]
[7n.w3cschool.cn/attachments/day_170107/201701071612455519.png]
[www.w3cschool.cn/css/html-css-position.html]
[www.w3cschool.cn/css/html-css-display.html]
[www.w3cschool.cn/css/html-css-margin.html]
[www.w3cschool.cn/css/html-css-lengths.html]
[www.w3cschool.cn/css/css-lvih204m.html]
[7n.w3cschool.cn/attachments/image/20170108/1483844820621287.gif]
[7n.w3cschool.cn/attachments/image/20170108/1483844934316340.gif]
[www.w3cschool.cn/css/html-css3-animation.html]
[www.w3cschool.cn/css/table2.html]
[www.w3cschool.cn/css/css-kqte204i.html]
[www.w3cschool.cn/css/html-css-styles-cascade.html]
[www.w3cschool.cn/css/css-id3m2045.html]
[www.w3cschool.cn/attachments/avatar2/avatar_72.jpg]
[www.w3cschool.cn/attachments/avatar2/avatar_142888.jpg]
[www.w3cschool.cn/attachments/avatar2/avatar_21784.jpg]
[www.w3cschool.cn/attachments/avatar2/avatar_35027.jpg]
[www.w3cschool.cn/attachments/avatar2/avatar_144101.png]
[www.w3cschool.cn/attachments/avatar2/avatar_452683.jpg]
[www.w3cschool.cn/attachments/avatar2/avatar_22282.png]
[www.w3cschool.cn/attachments/avatar2/avatar_39845.jpg]
[www.w3cschool.cn/attachments/avatar2/avatar_35474.png]
[www.w3cschool.cn/attachments/avatar2/avatar_310597.jpg]
[www.w3cschool.cn/attachments/avatar2/avatar_306271.jpg]
[www.w3cschool.cn/attachments/avatar2/avatar_375370.jpg]
[www.w3cschool.cn/attachments/avatar2/avatar_180993.jpg]
[www.w3cschool.cn/attachments/avatar2/avatar_25712.jpg]
[www.w3cschool.cn/attachments/avatar2/avatar_21897.jpg]
[www.w3cschool.cn/attachments/avatar2/avatar_584152.jpg]
[www.w3cschool.cn/attachments/avatar2/avatar_617389.jpg]
[www.w3cschool.cn/css/question-10231676.html]
[www.w3cschool.cn/plugins/ueditor/third-party/SyntaxHighlighter/shCore.js]
[www.w3cschool.cn/statics/js/share.js]
[www.w3cschool.cn/attachments/avatar2/avatar_161.jpg]
[www.w3cschool.cn/attachments/avatar2/avatar_92014.png]
[www.w3cschool.cn/attachments/avatar2/avatar_25760.jpg]
[www.w3cschool.cn/attachments/avatar2/avatar_62338.jpg]
[www.w3cschool.cn/attachments/avatar2/avatar_530301.jpg]
[www.w3cschool.cn/attachments/avatar2/avatar_621868.jpg]
[www.w3cschool.cn/css/question-10231678.html]
[www.w3cschool.cn/attachments/day_161130/201611301649398535.png]
[www.w3cschool.cn/attachments/day_161130/201611301648509110.png]
[www.w3cschool.cn/attachments/avatar2/avatar_37214.png]
[www.w3cschool.cn/css/question-10231670.html]
[www.w3cschool.cn/attachments/day_161202/201612021525455968.png]
[www.w3cschool.cn/attachments/avatar2/avatar_50966.jpg]
[www.w3cschool.cn/css/question-10231677.html]
[www.w3cschool.cn/attachments/day_161028/201610281849446571.png]
[www.w3cschool.cn/attachments/day_161028/201610281850296643.png]
[www.w3cschool.cn/attachments/avatar2/avatar_177604.png]
[www.w3cschool.cn/css/question-10231588.html]
[www.w3cschool.cn/attachments/avatar2/avatar_96.jpg]
[www.w3cschool.cn/attachments/avatar2/avatar_88273.jpg]
[www.w3cschool.cn/attachments/avatar2/avatar_15465.jpg]
[www.w3cschool.cn/attachments/avatar2/avatar_13532.jpg]
[www.w3cschool.cn/css/question-10231674.html]
[www.w3cschool.cn/attachments/avatar2/avatar_17.jpg]
[www.w3cschool.cn/attachments/avatar2/avatar_12139.jpg]
[www.w3cschool.cn/css/question-10231497.html]
[www.w3cschool.cn/attachments/avatar2/avatar_642283.jpg]
[www.w3cschool.cn/css/question-10231514.html]
[www.w3cschool.cn/css/question-10231656.html]
[www.w3cschool.cn/attachments/day_161130/201611301026531885.png]
[www.w3cschool.cn/attachments/day_161130/201611301034433531.png]
[www.w3cschool.cn/attachments/day_161130/201611301038015791.png]
[www.w3cschool.cn/attachments/day_161130/201611301041093362.png]
[www.w3cschool.cn/attachments/day_161130/201611301047352690.png]
[www.w3cschool.cn/attachments/day_161130/201611301117306190.png]
[www.w3cschool.cn/css/question-10231666.html]
[apps.bdimg.com/libs/bootstrap/3.1.1/css/bootstrap.min.css]
[www.w3cschool.cn/statics/css/dict_view.css]
[www.w3cschool.cn/attachments/apifiles/css_cheat_sheet.png]
[apps.bdimg.com/libs/jquery/1.8.3/jquery.min.js]
[apps.bdimg.com/libs/bootstrap/3.1.1/js/bootstrap.min.js]
[www.w3cschool.cn/css/dict.html]
[www.w3cschool.cn/css/index-2.html]
[7nsts.w3cschool.cn/images/w3c/icon-copy.html]
[www.w3cschool.cn/css/html-css-background.html]
[www.w3cschool.cn/css/html-css-inclusion.html]
[www.w3cschool.cn/css/html-css-comments.html]
[www.w3cschool.cn/css/html-css-character-encoding.html]
[www.w3cschool.cn/statics/js/masonry.pkgd.min.js]
[7n.w3cschool.cn/attachments/day_170106/201701061524568261.png]
[7n.w3cschool.cn/attachments/day_170106/201701061525211239.png]
[7n.w3cschool.cn/attachments/day_170106/201701061525424467.png]
[www.w3cschool.cn/css/html-css-colors.html]
[www.w3cschool.cn/css/list4658.html]
[www.w3cschool.cn/css/list9ba9.html]
[www.w3cschool.cn/css/listfdb0.html]
[www.w3cschool.cn/css/listaf4d.html]
[www.w3cschool.cn/css/list2679.html]
[www.w3cschool.cn/css/listc575.html]
[www.w3cschool.cn/css/css-wcz322wm.html]
[www.w3cschool.cn/css/css-plvk204s.html]
[www.w3cschool.cn/css/list235c.html]
[www.w3cschool.cn/css/css-23st204v.html]
[www.w3cschool.cn/css/listfdfa.html]
[www.w3cschool.cn/css/css-o2ae204a.html]
[www.w3cschool.cn/statics/yimages/thumbs-up.png]
[www.w3cschool.cn/statics/yimages/thumbs-down.png]
[www.w3cschool.cn/statics/yimages/share.png]
[www.w3cschool.cn/statics/yimages/comment-icon.png]
[www.w3cschool.cn/statics/yimages/icon-focus.png]
[www.w3cschool.cn/statics/css/question.css]
[www.w3cschool.cn/css/topic0e61.html]
[www.w3cschool.cn/css/topicee8d.html]
[www.w3cschool.cn/css/topice706.html]
[www.w3cschool.cn/attachments/avatar2/avatar_149.jpg]
[www.w3cschool.cn/attachments/day_161130/201611301446578285.png]
[www.w3cschool.cn/css/question-10231668.html]
[www.w3cschool.cn/attachments/avatar2/avatar_76.jpg]
[www.w3cschool.cn/attachments/day_161201/201612011044593451.png]
[www.w3cschool.cn/attachments/day_161201/201612011051015012.png]
[www.w3cschool.cn/attachments/day_161201/201612011056305417.png]
[www.w3cschool.cn/attachments/day_161201/201612011110042735.png]
[www.w3cschool.cn/attachments/day_161201/201612011114027237.png]
[www.w3cschool.cn/attachments/day_161201/201612011120002950.png]
[www.w3cschool.cn/attachments/day_161201/201612011133547923.png]
[www.w3cschool.cn/css/question-10231671.html]
[www.w3cschool.cn/css/question-10231493.html]
[www.w3cschool.cn/attachments/image/20161130/1480493191850192.png]
[www.w3cschool.cn/attachments/avatar2/avatar_10668.jpg]
[www.w3cschool.cn/css/question-10231669.html]
[www.w3cschool.cn/attachments/day_161201/201612011556402223.png]
[www.w3cschool.cn/css/question-10231672.html]
[www.w3cschool.cn/attachments/avatar2/avatar_49.jpg]
[www.w3cschool.cn/css/question-10231532.html]
[www.w3cschool.cn/css/question-10231495.html]
[www.w3cschool.cn/attachments/image/20161018/1476780552605194.gif]
[www.w3cschool.cn/attachments/image/20161018/1476780574946207.gif]
[www.w3cschool.cn/css/question-10231494.html]
[www.w3cschool.cn/css/1fi5zf21.html]
[7n.w3cschool.cn/attachments/image/rwd_desktop.png]
[7n.w3cschool.cn/attachments/image/rwd_tablet.png]
[7n.w3cschool.cn/attachments/image/rwd_phone.png]
[www.w3cschool.cn/css/css-rwd-intro.html]
[www.w3cschool.cn/css/css-navbar.html]
[7n.w3cschool.cn/attachments/image/banner.jpg]
[www.w3cschool.cn/css/css-dropdowns.html]
[7n.w3cschool.cn/attachments/day_170107/201701071723115252.png]
[7n.w3cschool.cn/attachments/day_170107/201701071726425677.png]
[www.w3cschool.cn/css/html-css-float.html]
[www.w3cschool.cn/css/void(0).html]
[www.w3cschool.cn/css/klematis.html]
[www.w3cschool.cn/css/zkgy6f21.html]
[www.w3cschool.cn/css/auqg1214.html]
[www.w3cschool.cn/css/css-t2w822zi.html]
[7n.w3cschool.cn/attachments/image/20170116/1484537600472810.png]
[www.w3cschool.cn/css/html-css-syntax.html]
[www.w3cschool.cn/css/html-css-values.html]
[www.w3cschool.cn/css/html-css-selector.html]
[www.w3cschool.cn/css/font-face.html]
[www.w3cschool.cn/css/font-family.html]
[www.w3cschool.cn/css/html-css-font.html]
[www.w3cschool.cn/css/html-css-links.html]
[www.w3cschool.cn/css/html-css-lists.html]
[www.java2s.com/Tutorials/HTML_CSSImage/HTML/boxModel.png]
[www.w3cschool.cn/css/html-css-box-model.html]
[7n.w3cschool.cn/attachments/day_170107/201701071031442409.png]
[7n.w3cschool.cn/attachments/day_170107/201701071033142654.png]
[7n.w3cschool.cn/attachments/day_170107/201701071040213047.png]
[7n.w3cschool.cn/attachments/day_170107/201701071040493721.png]
[7n.w3cschool.cn/attachments/day_170107/201701071041198909.png]
[7n.w3cschool.cn/attachments/day_170107/201701071055309889.png]
[7n.w3cschool.cn/attachments/day_170107/201701071106379018.png]
[7n.w3cschool.cn/attachments/day_170107/201701071108549525.png]
[www.w3cschool.cn/css/html-css-border.html]
[www.w3cschool.cn/css/html-css-outline.html]
[www.w3cschool.cn/css/html-css-padding.html]
[www.w3cschool.cn/css/html-css-size.html]
[7n.w3cschool.cn/attachments/image/20170116/1484561920294934.png]
[7n.w3cschool.cn/attachments/image/20170116/1484562146150554.png]
[7n.w3cschool.cn/attachments/day_170109/201701090857085071.png]
[7n.w3cschool.cn/attachments/image/20170116/1484562356370958.png]
[www.w3cschool.cn/css/html-css-pseudo-class.html]
[www.w3cschool.cn/css/html-css-media-type.html]
[7n.w3cschool.cn/attachments/day_170107/201701071740109563.png]
[7n.w3cschool.cn/attachments/day_170107/201701071748592613.png]
[7n.w3cschool.cn/attachments/day_170107/201701071759432929.png]
[7n.w3cschool.cn/attachments/day_170107/201701071800434214.png]
[7n.w3cschool.cn/attachments/day_170107/201701071802356117.png]
[www.w3cschool.cn/css/html-css3-border.html]
[7n.w3cschool.cn/attachments/day_170108/201701080949497485.png]
[7n.w3cschool.cn/attachments/day_170108/201701080950532119.png]
[7n.w3cschool.cn/attachments/day_170108/201701080951216592.png]
[7n.w3cschool.cn/attachments/image/20170116/1484563659622404.png]
[www.w3cschool.cn/css/html-css3-backgrounds.html]
[7n.w3cschool.cn/attachments/day_170108/201701081006077082.png]
[7n.w3cschool.cn/attachments/day_170108/201701081006432780.png]
[7n.w3cschool.cn/attachments/day_170108/201701081008249677.png]
[7n.w3cschool.cn/attachments/day_170108/201701081013136521.png]
[7n.w3cschool.cn/attachments/day_170108/201701081014069608.png]
[7n.w3cschool.cn/attachments/day_170108/201701081014377490.png]
[7n.w3cschool.cn/attachments/day_170108/201701081015024715.png]
[7n.w3cschool.cn/attachments/day_170108/201701081015449839.png]
[7n.w3cschool.cn/attachments/day_170108/201701081016362827.png]
[7n.w3cschool.cn/attachments/day_170108/201701081017086961.png]
[7n.w3cschool.cn/attachments/day_170108/201701081017478360.png]
[7n.w3cschool.cn/attachments/day_170108/201701081018246410.png]
[7n.w3cschool.cn/attachments/day_170108/201701081019262222.png]
[7n.w3cschool.cn/attachments/day_170108/201701081020502965.png]
[7n.w3cschool.cn/attachments/day_170108/201701081021422176.png]
[7n.w3cschool.cn/attachments/day_170108/201701081022377294.png]
[7n.w3cschool.cn/attachments/day_170108/201701081023003176.png]
[7n.w3cschool.cn/attachments/day_170108/201701081023299012.png]
[7n.w3cschool.cn/attachments/day_170108/201701081024059223.png]
[7n.w3cschool.cn/attachments/day_170108/201701081024406612.png]
[7n.w3cschool.cn/attachments/day_170108/201701081025337254.png]
[www.w3cschool.cn/css/html-css3-gradients.html]
[7n.w3cschool.cn/attachments/day_170108/201701081028521115.png]
[7n.w3cschool.cn/attachments/day_170108/201701081038446080.png]
[7n.w3cschool.cn/attachments/day_170108/201701081041036866.png]
[www.w3cschool.cn/css/html-css3-text-effects.html]
[7n.w3cschool.cn/attachments/day_170108/201701081045351340.png]
[www.w3cschool.cn/css/html-css3-web-fonts.html]
[7n.w3cschool.cn/attachments/day_170108/201701081050493738.png]
[7n.w3cschool.cn/attachments/day_170108/201701081051128112.png]
[7n.w3cschool.cn/attachments/day_170108/201701081052095278.png]
[7n.w3cschool.cn/attachments/day_170108/201701081052519856.png]
[7n.w3cschool.cn/attachments/day_170108/201701081053282324.png]
[7n.w3cschool.cn/attachments/day_170108/201701081054226345.png]
[7n.w3cschool.cn/attachments/day_170108/201701081054455543.png]
[7n.w3cschool.cn/attachments/image/20170116/1484566169706530.png]
[www.w3cschool.cn/css/transform.245.delayed]
[www.w3cschool.cn/css/html-css3-transforms.html]
[7n.w3cschool.cn/attachments/image/20170116/1484566656183212.png]
[www.w3cschool.cn/css/transition.html]
[www.w3cschool.cn/css/html-css3-transitions.html]
[7n.w3cschool.cn/attachments/day_170108/201701081111294820.png]
[7n.w3cschool.cn/attachments/day_170108/201701081113457450.png]
[7n.w3cschool.cn/attachments/day_170108/201701081115043733.png]
[www.w3cschool.cn/css/html-css3-column-layout.html]
[www.w3cschool.cn/css/css-2ysh2041.html]
[www.w3cschool.cn/css/path/to/image.html]
[www.w3cschool.cn/css/pf4u1sjx.html]
[files.jb51.net/file_images/article/201507/2015728152018340c01e.html]
[files.jb51.net/file_images/article/201507/20157281520576350ee4.html]
[files.jb51.net/file_images/article/201507/201572815224988757ec.html]
[files.jb51.net/file_images/article/201507/2015728152412346360f.html]
[s.xnimg.cn/a6807/csspro/apps/home-all.css]
[www.kwstu.com/Content/uploadFiles/images/ie.html]
[www.w3cschool.cn/css/css-lvih204m.html]
[www.w3cschool.cn/css/css-kqte204i.html]
[www.w3cschool.cn/css/css-id3m2045.html]
[apps.bdimg.com/libs/bootstrap/3.1.1/css/bootstrap.min.css]
[www.w3cschool.cn/statics/images/background.jpg]
[www.w3cschool.cn/statics/css/dict_view.css]
[apps.bdimg.com/libs/jquery/1.8.3/jquery.min.js]
[apps.bdimg.com/libs/bootstrap/3.1.1/js/bootstrap.min.js]
[www.w3cschool.cn/css/list2679.html]
[www.w3cschool.cn/css/css-wcz322wm.html]
[www.w3cschool.cn/css/css-plvk204s.html]
[www.w3cschool.cn/css/css-23st204v.html]
[www.w3cschool.cn/css/css-o2ae204a.html]
[7n.w3cschool.cn/attachments/image/banner.html]
[www.w3cschool.cn/css/font-face.html]
[www.w3cschool.cn/css/font-family.html]
[www.w3cschool.cn/css/transform.html]
[www.w3cschool.cn/css/transition.html]
[xnimg.cn/imgpro/home/iFeed_or_Requests8e27.png]
[xnimg.cn/img/poll.gif]
[xnimg.cn/imgpro/icons/talk.gif]
[xnimg.cn/imgpro/icons/icon_btn_all.gif]
[xnimg.cn/imgpro/theme/xn/share_tiny.gif]
[xnimg.cn/imgpro/theme/xn/share_tiny_hover.gif]
[xnimg.cn/img/quote_start.gif]
[xnimg.cn/img/quote_end.gif]
[xnimg.cn/img/pop_dialog_top_left.png]
[xnimg.cn/img/pop_dialog_top_right.png]
[xnimg.cn/img/pop_dialog_bottom_left.png]
[xnimg.cn/img/pop_dialog_bottom_right.png]
[xnimg.cn/img/pop_dialog_border.png]
[xnimg.cn/img/minifeed_dialog_triangle.gif]
[xnimg.cn/img/minifeed_dialog_triangle_rev.gif]
[xnimg.cn/img/toggle_tab_bg.gif]
[xnimg.cn/img/fb/token.gif]
[xnimg.cn/img/fb/token_hover.gif]
[xnimg.cn/img/fb/token_selected.gif]
[xnimg.cn/img/fb/token_x.gif]
[xnimg.cn/imgpro/theme/xn/beta_bar.gif]
[xnimg.cn/imgpro/bg/guest-header9851.png]
[xnimg.cn/imgpro/bg/cs_navtop543b.png]
[xnimg.cn/imgpro/bg/cs_navtopcorner-kx.gif]
[xnimg.cn/imgpro/home/home_icon543b.png]
[xnimg.cn/imgpro/bg/cs_navtopf489.png]
[xnimg.cn/imgpro/home/home_icon6dfe.png]
[xnimg.cn/imgpro/bg/topbannerfootline122.gif]
[xnimg.cn/imgpro/bg/btnbg1.png]
[xnimg.cn/imgpro/chat/xn-pager.png]
[xnimg.cn/imgpro/chat/bar_bg.gif]
[xnimg.cn/imgpro/chat/im_online_dot.gif]
[xnimg.cn/imgpro/chat/client-available-dot.gif]
[xnimg.cn/imgpro/chat/tab_next.gif]
[xnimg.cn/imgpro/chat/tab_next_disable.gif]
[xnimg.cn/imgpro/chat/tab_previous.gif]
[xnimg.cn/imgpro/chat/tab_previous_disable.gif]
[xnimg.cn/imgpro/chat/window_shadow.png]
[xnimg.cn/imgpro/chat/chat_window_bg.gif]
[xnimg.cn/imgpro/chat/close_window.gif]
[xnimg.cn/imgpro/chat/indicator_blue_small.gif]
[xnimg.cn/imgpro/chat/buddy_list_menu_bg.gif]
[xnimg.cn/imgpro/chat/im_idle_dot.gif]
[xnimg.cn/imgpro/chat/im_idle_dot_alt.gif]
[xnimg.cn/imgpro/chat/notifications_menu_bg.gif]
[xnimg.cn/imgpro/chat/app_menu_logo.png]
[xnimg.cn/imgpro/chat/status-input.gif]
[xnimg.cn/imgpro/theme/xn/x_to_hide.gif]
[xnimg.cn/imgpro/chat/moving-handle.gif]
[xnimg.cn/imgpro/arrow/tooltip-arrow.gif]
[xnimg.cn/imgpro/arrow/tooltip-arrow-y.gif]
[xnimg.cn/imgpro/theme/xn/wpi-menu-pop.gif]
[xnimg.cn/imgpro/theme/xn/cancel.gif]
[xnimg.cn/imgpro/arrow/anglebottom.gif]
[xnimg.cn/imgpro/bg/close_window.gif]
[xnimg.cn/imgpro/button/webpager-button45df.png]
[xnimg.cn/imgpro/bg/tooltipfootangle.gif]
[xnimg.cn/imgpro/bg/tooltipheadangle.gif]
[xnimg.cn/imgpro/chat/state-line.gif]
[xnimg.cn/imgpro/chat/minimize.gif]
[xnimg.cn/imgpro/vip/level-bg.gif]
[xnimg.cn/imgpro/vip/vip-expired.gif]
[xnimg.cn/imgpro/bg/cs_home2fb2.png]
[xnimg.cn/imgpro/box/box_arrow.png]
[xnimg.cn/imgpro/icons/digg.gif]
[xnimg.cn/imgpro/emotions/tie/33.gif]
[xnimg.cn/imgpro/indicator/blue_large.gif]
[s.xnimg.cn/imgpro/homeAd/ex/play11.gif]
[s.xnimg.cn/imgpro/homeAd/ex/play1_1.gif]
[s.xnimg.cn/imgpro/homeAd/ex/play21.gif]
[s.xnimg.cn/imgpro/icons/gift.gif]
[xnimg.cn/img/im_oly.png]
[xnimg.cn/img/invite_ico.gif]
[xnimg.cn/img/newsfeed/findfriend_big.gif]
[xnimg.cn/img/peoplelistbg.gif]
[xnimg.cn/imgpro/icons/ico_3years.png]
[xnimg.cn/imgpro/bg/pgaltfootangle.png]
[xnimg.cn/imgpro/bg/pgaltheadangle.png]
[xnimg.cn/imgpro/icons/vip_s.gif]
[xnimg.cn/imgpro/icons/vip_online_s.gif]
[xnimg.cn/imgpro/icons/user_online_s.gif]
[xnimg.cn/imgpro/icons/wall_post.gif]
[xnimg.cn/imgpro/theme/xn/x_to_hide_hover.gif]
[xnimg.cn/imgpro/icons/star.png]
[xnimg.cn/imgpro/bg/tooltip.gif]
[xnimg.cn/imgpro/icons/blue-cross-bullet-s.gif]
[xnimg.cn/imgpro/bg/warnning.png]
[xnimg.cn/imgpro/arrow/corner-subnav.gif]
[xnimg.cn/imgpro/bg/gallery-tuner.gif]
[xnimg.cn/imgpro/icons/statusface/1.gif]
[xnimg.cn/imgpro/bg/gallery-nav.gif]
[xnimg.cn/img/indicator.gif]
[xnimg.cn/imgpro/bg/indicator_blue_small.gif]
[xnimg.cn/imgpro/icons/yes.png]
[xnimg.cn/imgpro/bg/publisher_upload_running.png]
[xnimg.cn/imgpro/icons/friend-icons.png]
[xnimg.cn/imgpro/icons/msg-icon.png]
[xnimg.cn/imgpro/button/showmore.png]
[xnimg.cn/img/guide/l-icon.png]
[xnimg.cn/imgpro/bg/alt.png]
[xnimg.cn/imgpro/icons/cross-button.png]
[xnimg.cn/imgpro/box/tab-arrow.gif]
[xnimg.cn/imgpro/media/p_bg.png]
[xnimg.cn/imgpro/icons/dropdown-button.png]
[xnimg.cn/imgpro/media/p_m.png]
[xnimg.cn/xnapp/movie/img/star_bg.gif]
[xnimg.cn/imgpro/icons/follow-add.gif]
[xnimg.cn/imgpro/icons/share-button.png]
[xnimg.cn/imgpro/editor/letter.gif]
[xnimg.cn/imgpro/share/share-big-iconea7c.png]
[s.xnimg.cn/a6807/csspro/apps/home-all.css]
[www.w3cschool.cn/css/Popover requires tooltip.html]
[xnimg.cn/imgpro/home/home_icon.html]
[xnimg.cn/imgpro/arrow/orange-corner.html]
[xnimg.cn/imgpro/icons/yes8.html]
[xnimg.cn/imgpro/icons/home_icon6dfe.html]
