[www.jeasyui.net/index.html]
[backblue.gif]
[fade.gif]
[index.html]
[www.jeasyui.net/Public/index/css/bootstrap.min.css]
[www.jeasyui.net/Public/index/css/style.css]
[www.jeasyui.net/Public/js/google-code-prettify/prettify.css]
[www.jeasyui.net/Public/index/img/favicon.ico]
[www.jeasyui.net/demo/380.html]
[1.codezh.com/rmevnnull.js]
[www.jeasyui.net/plugins/index.html]
[pagead2.googlesyndication.com/pagead/js/f.txt]
[www.jeasyui.net/tutorial/index.html]
[www.jeasyui.net/extension/index.html]
[www.jeasyui.net/Public/index/img/html5.gif]
[www.jeasyui.net/download/index.html]
[www.jeasyui.net/Public/index/img/demos.jpg]
[www.jeasyui.net/hongbao/index.html]
[www.jeasyui.net/tutorial/index-2.html]
[www.jeasyui.net/plugins/163.html]
[www.jeasyui.net/plugins/164.html]
[www.jeasyui.net/plugins/165.html]
[www.jeasyui.net/plugins/162.html]
[www.jeasyui.net/plugins/161.html]
[www.jeasyui.net/plugins/159.html]
[www.jeasyui.net/plugins/160.html]
[www.jeasyui.net/plugins/157.html]
[www.jeasyui.net/plugins/158.html]
[www.jeasyui.net/plugins/156.html]
[www.jeasyui.net/plugins/154.html]
[www.jeasyui.net/plugins/155.html]
[www.jeasyui.net/plugins/153.html]
[www.jeasyui.net/plugins/151.html]
[www.jeasyui.net/plugins/152.html]
[www.jeasyui.net/plugins/185.html]
[www.jeasyui.net/plugins/184.html]
[www.jeasyui.net/plugins/183.html]
[www.jeasyui.net/plugins/182.html]
[www.jeasyui.net/plugins/181.html]
[www.jeasyui.net/plugins/172.html]
[www.jeasyui.net/plugins/173.html]
[www.jeasyui.net/plugins/174.html]
[www.jeasyui.net/plugins/175.html]
[www.jeasyui.net/plugins/176.html]
[www.jeasyui.net/plugins/177.html]
[www.jeasyui.net/plugins/178.html]
[www.jeasyui.net/plugins/179.html]
[www.jeasyui.net/plugins/180.html]
[www.jeasyui.net/plugins/171.html]
[www.jeasyui.net/plugins/168.html]
[www.jeasyui.net/plugins/169.html]
[www.jeasyui.net/plugins/170.html]
[www.jeasyui.net/plugins/166.html]
[www.jeasyui.net/plugins/167.html]
[www.jeasyui.net/plugins/186.html]
[www.jeasyui.net/plugins/150.html]
[www.jeasyui.net/plugins/187.html]
[www.jeasyui.net/ad/index.html]
[hm.baidu.com/hm2aef.js]
[www.jeasyui.net/Public/js/bootstrap.min.js]
[www.jeasyui.net/Public/js/google-code-prettify/prettify.js]
[cpro.baidustatic.com/cpro/ui/i.js]
[www.jeasyui.net/index.html]
[www.jeasyui.net/Public/js/jquery.js]
[www.jeasyui.net/Public/index/fonts/glyphicons-halflings-regular.eot]
[www.jeasyui.net/Public/index/fonts/glyphicons-halflings-regular.woff]
[www.jeasyui.net/Public/index/fonts/glyphicons-halflings-regulard41d.eot]
[www.jeasyui.net/Public/index/fonts/glyphicons-halflings-regular.ttf]
[www.jeasyui.net/Public/index/css/bootstrap.min.css]
[www.jeasyui.net/Public/index/fonts/glyphicons-halflings-regular.svg]
[www.jeasyui.net/Public/index/img/bg.png]
[www.jeasyui.net/Public/index/css/style.css]
[www.jeasyui.net/Public/js/google-code-prettify/prettify.css]
[www.jeasyui.net/Public/js/easyui/themes/icon.css]
[www.jeasyui.net/Public/js/easyui/demo/demo.css]
[www.jeasyui.net/Public/js/easyui/themes/default/easyui.css]
[www.jeasyui.net/demo/482.html]
[www.jeasyui.net/demo/557.html]
[www.jeasyui.net/demo/529.html]
[www.jeasyui.net/demo/331.html]
[www.jeasyui.net/demo/384.html]
[www.jeasyui.net/demo/409.html]
[www.jeasyui.net/demo/581.html]
[www.jeasyui.net/demo/532.html]
[www.jeasyui.net/demo/537.html]
[www.jeasyui.net/demo/370.html]
[www.jeasyui.net/demo/391.html]
[www.jeasyui.net/demo/377.html]
[www.jeasyui.net/demo/383.html]
[www.jeasyui.net/demo/552.html]
[www.jeasyui.net/demo/526.html]
[www.jeasyui.net/demo/562.html]
[www.jeasyui.net/demo/356.html]
[www.jeasyui.net/demo/487.html]
[www.jeasyui.net/demo/488.html]
[www.jeasyui.net/demo/494.html]
[www.jeasyui.net/demo/497.html]
[www.jeasyui.net/demo/542.html]
[www.jeasyui.net/demo/544.html]
[www.jeasyui.net/demo/316.html]
[www.jeasyui.net/demo/514.html]
[www.jeasyui.net/demo/516.html]
[www.jeasyui.net/demo/567.html]
[www.jeasyui.net/demo/524.html]
[www.jeasyui.net/Public/js/easyui/jquery.easyui.min.js]
[www.jeasyui.net/demo/555.html]
[www.jeasyui.net/demo/582.html]
[www.jeasyui.net/demo/586.html]
[www.jeasyui.net/demo/519.html]
[www.jeasyui.net/demo/540.html]
[www.jeasyui.net/demo/521.html]
[www.jeasyui.net/demo/523.html]
[www.jeasyui.net/demo/551.html]
[www.jeasyui.net/demo/571.html]
[www.jeasyui.net/demo/381.html]
[www.jeasyui.net/demo/473.html]
[www.jeasyui.net/demo/474.html]
[www.jeasyui.net/demo/548.html]
[www.jeasyui.net/demo/587.html]
[www.jeasyui.net/demo/382.html]
[1.jeasyui.net/ykd9azrdcw.js]
[www.jeasyui.net/demo/380.html]
[www.jeasyui.net/tutorial/147.html]
[www.jeasyui.net/tutorial/148.html]
[www.jeasyui.net/tutorial/4.html]
[www.jeasyui.net/tutorial/5.html]
[www.jeasyui.net/tutorial/6.html]
[www.jeasyui.net/tutorial/7.html]
[www.jeasyui.net/tutorial/8.html]
[www.jeasyui.net/tutorial/9.html]
[www.jeasyui.net/tutorial/10.html]
[www.jeasyui.net/tutorial/11.html]
[www.jeasyui.net/tutorial/12.html]
[www.jeasyui.net/tutorial/13.html]
[www.jeasyui.net/tutorial/14.html]
[www.jeasyui.net/tutorial/15.html]
[www.jeasyui.net/tutorial/16.html]
[www.jeasyui.net/tutorial/17.html]
[www.jeasyui.net/tutorial/19.html]
[www.jeasyui.net/tutorial/18.html]
[www.jeasyui.net/tutorial/20.html]
[www.jeasyui.net/tutorial/21.html]
[www.jeasyui.net/tutorial/22.html]
[www.jeasyui.net/tutorial/23.html]
[www.jeasyui.net/tutorial/24.html]
[www.jeasyui.net/tutorial/25.html]
[www.jeasyui.net/tutorial/26.html]
[www.jeasyui.net/tutorial/27.html]
[www.jeasyui.net/tutorial/28.html]
[www.jeasyui.net/tutorial/29.html]
[www.jeasyui.net/tutorial/32.html]
[www.jeasyui.net/tutorial/33.html]
[www.jeasyui.net/tutorial/34.html]
[www.jeasyui.net/tutorial/35.html]
[www.jeasyui.net/tutorial/36.html]
[www.jeasyui.net/tutorial/37.html]
[www.jeasyui.net/tutorial/38.html]
[www.jeasyui.net/tutorial/39.html]
[www.jeasyui.net/tutorial/40.html]
[www.jeasyui.net/tutorial/41.html]
[www.jeasyui.net/tutorial/42.html]
[www.jeasyui.net/tutorial/43.html]
[www.jeasyui.net/tutorial/44.html]
[www.jeasyui.net/tutorial/45.html]
[www.jeasyui.net/tutorial/46.html]
[www.jeasyui.net/tutorial/47.html]
[www.jeasyui.net/tutorial/48.html]
[www.jeasyui.net/tutorial/49.html]
[www.jeasyui.net/tutorial/50.html]
[www.jeasyui.net/tutorial/51.html]
[www.jeasyui.net/tutorial/52.html]
[www.jeasyui.net/tutorial/53.html]
[www.jeasyui.net/tutorial/54.html]
[www.jeasyui.net/tutorial/55.html]
[www.jeasyui.net/tutorial/56.html]
[www.jeasyui.net/tutorial/57.html]
[www.jeasyui.net/tutorial/58.html]
[www.jeasyui.net/tutorial/59.html]
[www.jeasyui.net/tutorial/60.html]
[www.jeasyui.net/tutorial/61.html]
[www.jeasyui.net/tutorial/62.html]
[www.jeasyui.net/tutorial/63.html]
[www.jeasyui.net/tutorial/64.html]
[www.jeasyui.net/tutorial/65.html]
[www.jeasyui.net/tutorial/66.html]
[www.jeasyui.net/tutorial/index.html]
[www.jeasyui.net/plugins/index.html]
[www.jeasyui.net/tutorial/67.html]
[www.jeasyui.net/extension/106.html]
[www.jeasyui.net/extension/189.html]
[www.jeasyui.net/extension/190.html]
[www.jeasyui.net/extension/191.html]
[www.jeasyui.net/extension/192.html]
[www.jeasyui.net/extension/193.html]
[www.jeasyui.net/extension/194.html]
[www.jeasyui.net/extension/195.html]
[www.jeasyui.net/extension/196.html]
[www.jeasyui.net/extension/200.html]
[www.jeasyui.net/Uploads/images/portal.jpg]
[www.jeasyui.net/extension/201.html]
[www.jeasyui.net/Uploads/images/datagrid_detailview.png]
[www.jeasyui.net/Uploads/images/datagrid_groupview.png]
[www.jeasyui.net/Uploads/images/datagrid_editable.png]
[www.jeasyui.net/Uploads/images/etree.png]
[www.jeasyui.net/Uploads/images/datagrid_filter.png]
[www.jeasyui.net/Uploads/images/datagrid_dnd.png]
[www.jeasyui.net/Uploads/images/treegrid_dnd.png]
[www.jeasyui.net/Uploads/images/themes.jpg]
[www.jeasyui.net/Uploads/images/dwr-logo-200.gif]
[www.jeasyui.net/Uploads/images/rtl.png]
[www.jeasyui.net/Uploads/images/ribbon.png]
[www.jeasyui.net/extension/index.html]
[www.jeasyui.net/download/index.html]
[www.jeasyui.net/Uploads/hongbao.jpg]
[www.jeasyui.net/Uploads/weixin/qrcode_for_gh_cbe136a18ea3_344.jpg]
[www.jeasyui.net/hongbao/index.html]
[www.jeasyui.net/tutorial/index-2.html]
[www.jeasyui.net/Uploads/images/plugins_menu.png]
[www.jeasyui.net/plugins/163.html]
[www.jeasyui.net/Uploads/images/menubutton.png]
[www.jeasyui.net/plugins/164.html]
[www.jeasyui.net/Uploads/images/splitbutton.png]
[www.jeasyui.net/plugins/165.html]
[www.jeasyui.net/Uploads/images/plugins_layout.png]
[www.jeasyui.net/plugins/162.html]
[www.jeasyui.net/Uploads/images/plugins_accordion.png]
[www.jeasyui.net/plugins/161.html]
[www.jeasyui.net/Uploads/images/plugins_panel.png]
[www.jeasyui.net/plugins/159.html]
[www.jeasyui.net/Uploads/images/tabs.png]
[www.jeasyui.net/plugins/160.html]
[www.jeasyui.net/Uploads/images/progressbar.png]
[www.jeasyui.net/plugins/157.html]
[www.jeasyui.net/Uploads/images/tooltip.png]
[www.jeasyui.net/plugins/158.html]
[www.jeasyui.net/Uploads/images/searchbox.png]
[www.jeasyui.net/plugins/156.html]
[www.jeasyui.net/plugins/154.html]
[www.jeasyui.net/Uploads/images/pagination.png]
[www.jeasyui.net/plugins/155.html]
[www.jeasyui.net/plugins/153.html]
[www.jeasyui.net/plugins/151.html]
[www.jeasyui.net/plugins/152.html]
[www.jeasyui.net/Uploads/images/tree.png]
[www.jeasyui.net/plugins/185.html]
[www.jeasyui.net/plugins/jeasyui-tree-tree2.html]
[www.jeasyui.net/Uploads/images/propertygrid.png]
[www.jeasyui.net/cdn-cgi/l/email-protection.html]
[www.jeasyui.net/plugins/184.html]
[www.jeasyui.net/cdn-cgi/scripts/5c5dd728/cloudflare-static/email-decode.min.js]
[www.jeasyui.net/Uploads/images/datagrid.png]
[www.jeasyui.net/plugins/183.html]
[www.jeasyui.net/Uploads/images/messager.png]
[www.jeasyui.net/plugins/182.html]
[www.jeasyui.net/Uploads/images/plugins_dialog.png]
[www.jeasyui.net/plugins/181.html]
[www.jeasyui.net/Uploads/images/numberbox.png]
[www.jeasyui.net/plugins/172.html]
[www.jeasyui.net/Uploads/images/datebox.png]
[www.jeasyui.net/plugins/173.html]
[www.jeasyui.net/Uploads/images/datetimebox.png]
[www.jeasyui.net/plugins/174.html]
[www.jeasyui.net/Uploads/images/calendar.png]
[www.jeasyui.net/plugins/175.html]
[www.jeasyui.net/plugins/176.html]
[www.jeasyui.net/Uploads/images/numberspinner.png]
[www.jeasyui.net/plugins/177.html]
[www.jeasyui.net/Uploads/images/timespinner.png]
[www.jeasyui.net/plugins/178.html]
[www.jeasyui.net/Uploads/images/slider.png]
[www.jeasyui.net/plugins/179.html]
[www.jeasyui.net/Uploads/images/window.png]
[www.jeasyui.net/plugins/180.html]
[www.jeasyui.net/Uploads/images/combogrid.png]
[www.jeasyui.net/plugins/171.html]
[www.jeasyui.net/Uploads/images/combo.png]
[www.jeasyui.net/plugins/168.html]
[www.jeasyui.net/Uploads/images/combobox.png]
[www.jeasyui.net/plugins/169.html]
[www.jeasyui.net/Uploads/images/combotree.png]
[www.jeasyui.net/plugins/170.html]
[www.jeasyui.net/plugins/166.html]
[www.jeasyui.net/Uploads/images/validatebox.png]
[www.jeasyui.net/plugins/167.html]
[www.jeasyui.net/Uploads/images/treegrid2.png]
[www.jeasyui.net/plugins/186.html]
[www.jeasyui.net/plugins/150.html]
[www.jeasyui.net/Uploads/images/plugins_linkbutton.png]
[www.jeasyui.net/plugins/187.html]
[www.jeasyui.net/ad/index.html]
[cpro.baidustatic.com/cpro/ui/i.js]
[www.jeasyui.net/Public/index/fonts/glyphicons-halflings-regular.svg]
[www.jeasyui.net/Public/js/easyui/themes/icons/blank.gif]
[www.jeasyui.net/Public/js/easyui/themes/icons/edit_add.png]
[www.jeasyui.net/Public/js/easyui/themes/icons/pencil.png]
[www.jeasyui.net/Public/js/easyui/themes/icons/clear.png]
[www.jeasyui.net/Public/js/easyui/themes/icons/edit_remove.png]
[www.jeasyui.net/Public/js/easyui/themes/icons/filesave.png]
[www.jeasyui.net/Public/js/easyui/themes/icons/cut.png]
[www.jeasyui.net/Public/js/easyui/themes/icons/ok.png]
[www.jeasyui.net/Public/js/easyui/themes/icons/no.png]
[www.jeasyui.net/Public/js/easyui/themes/icons/cancel.png]
[www.jeasyui.net/Public/js/easyui/themes/icons/reload.png]
[www.jeasyui.net/Public/js/easyui/themes/icons/search.png]
[www.jeasyui.net/Public/js/easyui/themes/icons/print.png]
[www.jeasyui.net/Public/js/easyui/themes/icons/help.png]
[www.jeasyui.net/Public/js/easyui/themes/icons/undo.png]
[www.jeasyui.net/Public/js/easyui/themes/icons/redo.png]
[www.jeasyui.net/Public/js/easyui/themes/icons/back.png]
[www.jeasyui.net/Public/js/easyui/themes/icons/sum.png]
[www.jeasyui.net/Public/js/easyui/themes/icons/tip.png]
[www.jeasyui.net/Public/js/easyui/themes/icons/filter.png]
[www.jeasyui.net/Public/js/easyui/themes/icons/man.png]
[www.jeasyui.net/Public/js/easyui/themes/icons/lock.png]
[www.jeasyui.net/Public/js/easyui/themes/icons/mini_add.png]
[www.jeasyui.net/Public/js/easyui/themes/icons/mini_edit.png]
[www.jeasyui.net/Public/js/easyui/themes/icons/mini_refresh.png]
[www.jeasyui.net/Public/js/easyui/themes/icons/large_picture.png]
[www.jeasyui.net/Public/js/easyui/themes/icons/large_clipart.png]
[www.jeasyui.net/Public/js/easyui/themes/icons/large_shapes.png]
[www.jeasyui.net/Public/js/easyui/themes/icons/large_smartart.png]
[www.jeasyui.net/Public/js/easyui/themes/icons/large_chart.png]
[www.jeasyui.net/Public/js/easyui/themes/icon.css]
[www.jeasyui.net/Public/js/easyui/demo/demo.css]
[www.jeasyui.net/Public/js/easyui/themes/default/images/blank.gif]
[www.jeasyui.net/Public/js/easyui/themes/default/images/loading.gif]
[www.jeasyui.net/Public/js/easyui/themes/default/images/panel_tools.png]
[www.jeasyui.net/Public/js/easyui/themes/default/images/accordion_arrows.png]
[www.jeasyui.net/Public/js/easyui/themes/default/images/combo_arrow.png]
[www.jeasyui.net/Public/js/easyui/themes/default/images/layout_arrows.png]
[www.jeasyui.net/Public/js/easyui/themes/default/images/tabs_icons.png]
[www.jeasyui.net/Public/js/easyui/themes/default/images/datagrid_icons.png]
[www.jeasyui.net/Public/js/easyui/themes/default/images/pagination_icons.png]
[www.jeasyui.net/Public/js/easyui/themes/default/images/calendar_arrows.png]
[www.jeasyui.net/Public/js/easyui/themes/default/images/datebox_arrow.png]
[www.jeasyui.net/Public/js/easyui/themes/default/images/spinner_arrows.png]
[www.jeasyui.net/Public/js/easyui/themes/default/images/searchbox_button.png]
[www.jeasyui.net/Public/js/easyui/themes/default/images/slider_handle.png]
[www.jeasyui.net/Public/js/easyui/themes/default/images/menu_arrows.png]
[www.jeasyui.net/Public/js/easyui/themes/default/images/messager_icons.png]
[www.jeasyui.net/Public/js/easyui/themes/default/images/tree_icons.png]
[www.jeasyui.net/Public/js/easyui/themes/default/easyui.css]
[www.jeasyui.net/demo/483.html]
[www.jeasyui.net/demo/313.html]
[www.jeasyui.net/demo/481.html]
[www.jeasyui.net/demo/484.html]
[www.jeasyui.net/demo/314.html]
[www.jeasyui.net/demo/482.html]
[www.jeasyui.net/demo/315.html]
[www.jeasyui.net/demo/558.html]
[www.jeasyui.net/demo/394.html]
[www.jeasyui.net/demo/396.html]
[www.jeasyui.net/demo/395.html]
[www.jeasyui.net/demo/397.html]
[www.jeasyui.net/demo/393.html]
[www.jeasyui.net/demo/392.html]
[www.jeasyui.net/demo/559.html]
[www.jeasyui.net/demo/560.html]
[www.jeasyui.net/demo/557.html]
[www.jeasyui.net/demo/561.html]
[www.jeasyui.net/demo/362.html]
[www.jeasyui.net/demo/530.html]
[www.jeasyui.net/demo/360.html]
[www.jeasyui.net/demo/531.html]
[www.jeasyui.net/demo/363.html]
[www.jeasyui.net/demo/361.html]
[www.jeasyui.net/demo/529.html]
[www.jeasyui.net/demo/528.html]
[www.jeasyui.net/demo/336.html]
[www.jeasyui.net/demo/342.html]
[www.jeasyui.net/demo/341.html]
[www.jeasyui.net/demo/340.html]
[www.jeasyui.net/demo/339.html]
[www.jeasyui.net/demo/338.html]
[www.jeasyui.net/demo/337.html]
[www.jeasyui.net/demo/335.html]
[www.jeasyui.net/demo/334.html]
[www.jeasyui.net/demo/333.html]
[www.jeasyui.net/demo/332.html]
[www.jeasyui.net/demo/499.html]
[www.jeasyui.net/demo/500.html]
[www.jeasyui.net/demo/501.html]
[www.jeasyui.net/demo/502.html]
[www.jeasyui.net/demo/503.html]
[www.jeasyui.net/demo/504.html]
[www.jeasyui.net/demo/505.html]
[www.jeasyui.net/demo/506.html]
[www.jeasyui.net/demo/507.html]
[www.jeasyui.net/demo/508.html]
[www.jeasyui.net/demo/509.html]
[www.jeasyui.net/demo/331.html]
[www.jeasyui.net/demo/510.html]
[www.jeasyui.net/demo/385.html]
[www.jeasyui.net/demo/384.html]
[www.jeasyui.net/demo/550.html]
[www.jeasyui.net/demo/413.html]
[www.jeasyui.net/demo/412.html]
[www.jeasyui.net/demo/411.html]
[www.jeasyui.net/demo/410.html]
[www.jeasyui.net/demo/408.html]
[www.jeasyui.net/demo/572.html]
[www.jeasyui.net/demo/573.html]
[www.jeasyui.net/demo/574.html]
[www.jeasyui.net/demo/575.html]
[www.jeasyui.net/demo/409.html]
[www.jeasyui.net/demo/576.html]
[www.jeasyui.net/demo/414.html]
[www.jeasyui.net/demo/415.html]
[www.jeasyui.net/demo/416.html]
[www.jeasyui.net/demo/417.html]
[www.jeasyui.net/demo/577.html]
[www.jeasyui.net/demo/578.html]
[www.jeasyui.net/demo/579.html]
[www.jeasyui.net/demo/581.html]
[www.jeasyui.net/demo/580.html]
[www.jeasyui.net/demo/364.html]
[www.jeasyui.net/demo/365.html]
[www.jeasyui.net/demo/367.html]
[www.jeasyui.net/demo/366.html]
[www.jeasyui.net/demo/533.html]
[www.jeasyui.net/demo/534.html]
[www.jeasyui.net/demo/532.html]
[www.jeasyui.net/demo/535.html]
[www.jeasyui.net/demo/368.html]
[www.jeasyui.net/demo/537.html]
[www.jeasyui.net/demo/536.html]
[www.jeasyui.net/demo/538.html]
[www.jeasyui.net/demo/369.html]
[www.jeasyui.com/images/logo1.png]
[www.jeasyui.net/demo/370.html]
[www.jeasyui.net/demo/391.html]
[www.jeasyui.net/demo/556.html]
[www.jeasyui.net/demo/379.html]
[www.jeasyui.net/demo/378.html]
[www.jeasyui.net/demo/546.html]
[www.jeasyui.net/demo/547.html]
[www.jeasyui.net/demo/377.html]
[www.jeasyui.net/demo/545.html]
[www.jeasyui.net/demo/383.html]
[www.jeasyui.net/demo/549.html]
[www.jeasyui.net/demo/387.html]
[www.jeasyui.net/demo/552.html]
[www.jeasyui.net/demo/386.html]
[www.jeasyui.net/demo/527.html]
[www.jeasyui.net/demo/526.html]
[www.jeasyui.net/demo/358.html]
[www.jeasyui.net/demo/564.html]
[www.jeasyui.net/demo/565.html]
[www.jeasyui.net/demo/563.html]
[www.jeasyui.net/demo/400.html]
[www.jeasyui.net/demo/399.html]
[www.jeasyui.net/demo/398.html]
[www.jeasyui.net/demo/562.html]
[www.jeasyui.net/demo/401.html]
[www.jeasyui.net/demo/357.html]
[www.jeasyui.net/demo/356.html]
[www.jeasyui.net/demo/487.html]
[www.jeasyui.net/demo/525.html]
[www.jeasyui.net/demo/321.html]
[www.jeasyui.net/demo/491.html]
[www.jeasyui.net/demo/490.html]
[www.jeasyui.net/demo/492.html]
[www.jeasyui.net/demo/322.html]
[www.jeasyui.net/demo/323.html]
[www.jeasyui.net/demo/489.html]
[www.jeasyui.net/demo/324.html]
[www.jeasyui.net/demo/320.html]
[www.jeasyui.net/demo/319.html]
[www.jeasyui.net/demo/488.html]
[www.jeasyui.net/demo/493.html]
[www.jeasyui.net/demo/326.html]
[www.jeasyui.net/demo/327.html]
[www.jeasyui.net/demo/495.html]
[www.jeasyui.net/demo/496.html]
[www.jeasyui.net/demo/494.html]
[www.jeasyui.net/demo/325.html]
[www.jeasyui.net/demo/329.html]
[www.jeasyui.net/demo/330.html]
[www.jeasyui.net/demo/498.html]
[www.jeasyui.net/demo/497.html]
[www.jeasyui.net/demo/328.html]
[www.jeasyui.net/demo/374.html]
[www.jeasyui.net/demo/373.html]
[www.jeasyui.net/demo/542.html]
[www.jeasyui.net/demo/541.html]
[www.jeasyui.net/demo/376.html]
[www.jeasyui.net/demo/375.html]
[www.jeasyui.net/demo/544.html]
[www.jeasyui.net/demo/543.html]
[www.jeasyui.net/demo/318.html]
[www.jeasyui.net/demo/486.html]
[www.jeasyui.net/demo/317.html]
[www.jeasyui.net/demo/316.html]
[www.jeasyui.net/demo/485.html]
[www.jeasyui.net/demo/346.html]
[www.jeasyui.net/demo/344.html]
[www.jeasyui.net/demo/345.html]
[www.jeasyui.net/demo/343.html]
[www.jeasyui.net/demo/511.html]
[www.jeasyui.net/demo/512.html]
[www.jeasyui.net/demo/514.html]
[www.jeasyui.net/demo/513.html]
[www.jeasyui.net/demo/348.html]
[www.jeasyui.net/demo/347.html]
[www.jeasyui.net/demo/516.html]
[www.jeasyui.net/demo/515.html]
[www.jeasyui.net/demo/403.html]
[www.jeasyui.net/demo/402.html]
[www.jeasyui.net/demo/567.html]
[www.jeasyui.net/demo/566.html]
[www.jeasyui.net/demo/349.html]
[www.jeasyui.net/demo/350.html]
[www.jeasyui.net/demo/517.html]
[www.jeasyui.net/demo/518.html]
[www.jeasyui.net/easyloader.js]
[www.jeasyui.net/demo/524.html]
[www.jeasyui.net/demo/389.html]
[www.jeasyui.net/demo/390.html]
[www.jeasyui.net/demo/388.html]
[www.jeasyui.net/demo/553.html]
[www.jeasyui.net/demo/555.html]
[www.jeasyui.net/demo/554.html]
[www.jeasyui.net/demo/419.html]
[www.jeasyui.net/demo/582.html]
[www.jeasyui.net/demo/418.html]
[www.jeasyui.net/demo/420.html]
[www.jeasyui.net/demo/421.html]
[www.jeasyui.net/demo/583.html]
[www.jeasyui.net/demo/584.html]
[www.jeasyui.net/demo/586.html]
[www.jeasyui.net/demo/585.html]
[www.jeasyui.net/demo/520.html]
[www.jeasyui.net/demo/352.html]
[www.jeasyui.net/demo/519.html]
[www.jeasyui.net/demo/351.html]
[www.jeasyui.net/demo/372.html]
[www.jeasyui.net/demo/371.html]
[www.jeasyui.net/demo/540.html]
[www.jeasyui.net/demo/539.html]
[www.jeasyui.net/demo/522.html]
[www.jeasyui.net/demo/521.html]
[www.jeasyui.net/demo/353.html]
[www.jeasyui.net/demo/355.html]
[www.jeasyui.net/demo/523.html]
[www.jeasyui.net/demo/551.html]
[www.jeasyui.net/demo/354.html]
[www.jeasyui.net/demo/407.html]
[www.jeasyui.net/demo/405.html]
[www.jeasyui.net/demo/406.html]
[www.jeasyui.net/demo/404.html]
[www.jeasyui.net/demo/568.html]
[www.jeasyui.net/demo/569.html]
[www.jeasyui.net/demo/571.html]
[www.jeasyui.net/demo/381.html]
[www.jeasyui.net/demo/473.html]
[www.jeasyui.net/demo/474.html]
[www.jeasyui.net/demo/570.html]
[www.jeasyui.net/demo/548.html]
[www.jeasyui.net/demo/587.html]
[www.jeasyui.net/demo/382.html]
[www.jeasyui.net/demo/_content.html]
[www.jeasyui.net/Uploads/images/db.png]
[www.jeasyui.net/Uploads/images/list.png]
[www.jeasyui.net/Uploads/images/dialog.png]
[www.jeasyui.net/Uploads/images/confirm.png]
[www.jeasyui.net/Uploads/file/jeasyui-app-crud1.zip]
[www.jeasyui.net/tutorial/147.html]
[www.jeasyui.net/tutorial/ext-edatagrid.html]
[www.jeasyui.net/Uploads/images/crud2.png]
[www.jeasyui.net/Uploads/file/jeasyui-app-crud2.zip]
[www.jeasyui.net/tutorial/148.html]
[www.jeasyui.net/Uploads/images/crud3.png]
[www.jeasyui.net/Uploads/file/jeasyui-app-crud3.zip]
[www.jeasyui.net/tutorial/4.html]
[www.jeasyui.net/Uploads/images/rssreader.jpg]
[www.jeasyui.net/Uploads/file/jeasyui-app-rssreader.zip]
[www.jeasyui.net/tutorial/5.html]
[www.jeasyui.net/Uploads/images/dd1.png]
[www.jeasyui.net/Uploads/file/jeasyui-dd-basic.zip]
[www.jeasyui.net/tutorial/6.html]
[www.jeasyui.net/Uploads/images/shopping.jpg]
[www.jeasyui.net/Uploads/file/jeasyui-dd-shopping.zip]
[www.jeasyui.net/tutorial/7.html]
[www.jeasyui.net/Uploads/images/timetable.png]
[www.jeasyui.net/Uploads/file/jeasyui-dd-timetable.zip]
[www.jeasyui.net/tutorial/8.html]
[www.jeasyui.net/Uploads/images/menu.png]
[www.jeasyui.net/Uploads/file/jeasyui-mb-menu.zip]
[www.jeasyui.net/tutorial/9.html]
[www.jeasyui.net/Uploads/images/linkbutton.png]
[www.jeasyui.net/tutorial/10.html]
[www.jeasyui.net/tutorial/11.html]
[www.jeasyui.net/tutorial/12.html]
[www.jeasyui.net/Uploads/images/layout.png]
[www.jeasyui.net/Uploads/file/jeasyui-layout-layout.zip]
[www.jeasyui.net/tutorial/13.html]
[www.jeasyui.net/Uploads/images/panel.png]
[www.jeasyui.net/Uploads/file/jeasyui-layout-panel.zip]
[www.jeasyui.net/tutorial/14.html]
[www.jeasyui.net/Uploads/images/accordion.png]
[www.jeasyui.net/Uploads/file/jeasyui-layout-accordion.zip]
[www.jeasyui.net/tutorial/15.html]
[www.jeasyui.net/Uploads/images/tabs1.png]
[www.jeasyui.net/Uploads/file/jeasyui-layout-tabs1.zip]
[www.jeasyui.net/tutorial/16.html]
[www.jeasyui.net/Uploads/images/tabs2.png]
[www.jeasyui.net/Uploads/file/jeasyui-layout-tabs2.zip]
[www.jeasyui.net/tutorial/17.html]
[www.jeasyui.net/Uploads/images/tabs3.png]
[www.jeasyui.net/Uploads/file/jeasyui-layout-tabs3.zip]
[www.jeasyui.net/tutorial/18.html]
[www.jeasyui.net/Uploads/images/xp.png]
[www.jeasyui.net/Uploads/file/jeasyui-layout-xp.zip]
[www.jeasyui.net/tutorial/19.html]
[www.jeasyui.net/Uploads/images/datagrid1_1.png]
[www.jeasyui.net/Uploads/images/datagrid1_2.png]
[www.jeasyui.net/Uploads/file/jeasyui-datagrid-datagrid1.zip]
[www.jeasyui.net/tutorial/20.html]
[www.jeasyui.net/Uploads/images/datagrid2.png]
[www.jeasyui.net/Uploads/file/jeasyui-datagrid-datagrid2.zip]
[www.jeasyui.net/tutorial/21.html]
[www.jeasyui.net/Uploads/images/datagrid24.png]
[www.jeasyui.net/Uploads/file/jeasyui-datagrid-datagrid24.zip]
[www.jeasyui.net/tutorial/22.html]
[www.jeasyui.net/Uploads/images/datagrid3_1.png]
[www.jeasyui.net/Uploads/file/jeasyui-datagrid-datagrid3.zip]
[www.jeasyui.net/tutorial/23.html]
[www.jeasyui.net/Uploads/images/datagrid4_1.png]
[www.jeasyui.net/Uploads/file/jeasyui-datagrid-datagrid4.zip]
[www.jeasyui.net/tutorial/24.html]
[www.jeasyui.net/Uploads/images/datagrid19_1.png]
[www.jeasyui.net/Uploads/file/jeasyui-datagrid-datagrid19.zip]
[www.jeasyui.net/tutorial/25.html]
[www.jeasyui.net/Uploads/images/datagrid5_1.png]
[www.jeasyui.net/Uploads/file/jeasyui-datagrid-datagrid5.zip]
[www.jeasyui.net/tutorial/26.html]
[www.jeasyui.net/Uploads/images/datagrid6_1.png]
[www.jeasyui.net/Uploads/images/datagrid6_2.png]
[www.jeasyui.net/Uploads/file/jeasyui-datagrid-datagrid6.zip]
[www.jeasyui.net/tutorial/27.html]
[www.jeasyui.net/Uploads/images/datagrid7_1.png]
[www.jeasyui.net/Uploads/file/jeasyui-datagrid-datagrid7.zip]
[www.jeasyui.net/tutorial/28.html]
[www.jeasyui.net/Uploads/images/datagrid8.png]
[www.jeasyui.net/Uploads/file/jeasyui-datagrid-datagrid8.zip]
[www.jeasyui.net/tutorial/29.html]
[www.jeasyui.net/Uploads/images/datagrid14_1.png]
[www.jeasyui.net/Uploads/file/jeasyui-datagrid-datagrid14.zip]
[www.jeasyui.net/tutorial/32.html]
[www.jeasyui.net/Uploads/images/datagrid9_1.png]
[www.jeasyui.net/Uploads/file/jeasyui-datagrid-datagrid9.zip]
[www.jeasyui.net/tutorial/33.html]
[www.jeasyui.net/Uploads/images/datagrid10_1.png]
[www.jeasyui.net/Uploads/file/jeasyui-datagrid-datagrid10.zip]
[www.jeasyui.net/tutorial/34.html]
[www.jeasyui.net/Uploads/images/datagrid11_1.png]
[www.jeasyui.net/Uploads/file/jeasyui-datagrid-datagrid11.zip]
[www.jeasyui.net/tutorial/35.html]
[www.jeasyui.net/Uploads/images/datagrid12_1.png]
[www.jeasyui.net/Uploads/file/jeasyui-datagrid-datagrid12.zip]
[www.jeasyui.net/tutorial/36.html]
[www.jeasyui.net/Uploads/images/datagrid23.png]
[www.jeasyui.net/Uploads/file/jeasyui-datagrid-datagrid23.zip]
[www.jeasyui.net/tutorial/37.html]
[www.jeasyui.net/Uploads/images/datagrid15.png]
[www.jeasyui.net/Uploads/file/jeasyui-datagrid-datagrid15.zip]
[www.jeasyui.net/tutorial/38.html]
[www.jeasyui.net/Uploads/images/datagrid13_2.png]
[www.jeasyui.net/Uploads/file/jeasyui-datagrid-datagrid13.zip]
[www.jeasyui.net/tutorial/39.html]
[www.jeasyui.net/Uploads/images/datagrid16.png]
[www.jeasyui.net/Uploads/file/jeasyui-datagrid-datagrid16.zip]
[www.jeasyui.net/tutorial/40.html]
[www.jeasyui.net/Uploads/images/datagrid17_1.png]
[www.jeasyui.net/Uploads/file/jeasyui-datagrid-datagrid17.zip]
[www.jeasyui.net/tutorial/41.html]
[www.jeasyui.net/Uploads/images/datagrid18_1.png]
[www.jeasyui.net/Uploads/file/jeasyui-datagrid-datagrid18.zip]
[www.jeasyui.net/tutorial/42.html]
[www.jeasyui.net/Uploads/images/datagrid20_1.png]
[www.jeasyui.net/Uploads/file/jeasyui-datagrid-datagrid20.zip]
[www.jeasyui.net/tutorial/43.html]
[www.jeasyui.net/Uploads/images/datagrid21.png]
[www.jeasyui.net/Uploads/file/jeasyui-datagrid-datagrid21.zip]
[www.jeasyui.net/tutorial/44.html]
[www.jeasyui.net/Uploads/images/datagrid22.png]
[www.jeasyui.net/Uploads/file/jeasyui-datagrid-datagrid22.zip]
[www.jeasyui.net/tutorial/45.html]
[www.jeasyui.net/Uploads/images/datagrid27.png]
[www.jeasyui.net/Uploads/file/jeasyui-datagrid-datagrid27.zip]
[www.jeasyui.net/tutorial/46.html]
[www.jeasyui.net/Uploads/images/win1_1.png]
[www.jeasyui.net/Uploads/images/win1_2.png]
[www.jeasyui.net/Uploads/file/jeasyui-win-win1.zip]
[www.jeasyui.net/tutorial/47.html]
[www.jeasyui.net/Uploads/images/win2_1.png]
[www.jeasyui.net/Uploads/images/win2_2.png]
[www.jeasyui.net/Uploads/images/win2_3.png]
[www.jeasyui.net/Uploads/file/jeasyui-win-win2.zip]
[www.jeasyui.net/tutorial/48.html]
[www.jeasyui.net/Uploads/images/win3_1.png]
[www.jeasyui.net/Uploads/file/jeasyui-win-win3.zip]
[www.jeasyui.net/tutorial/49.html]
[www.jeasyui.net/Uploads/images/dlg1_1.png]
[www.jeasyui.net/Uploads/file/jeasyui-win-dlg1.zip]
[www.jeasyui.net/tutorial/50.html]
[www.jeasyui.net/Uploads/images/dlg2_1.png]
[www.jeasyui.net/Uploads/file/jeasyui-win-dlg2.zip]
[www.jeasyui.net/tutorial/51.html]
[www.jeasyui.net/Uploads/images/tree1_1.png]
[www.jeasyui.net/Uploads/file/jeasyui-tree-tree1.zip]
[www.jeasyui.net/tutorial/52.html]
[www.jeasyui.net/Uploads/images/tree2.png]
[www.jeasyui.net/Uploads/file/jeasyui-tree-tree2.zip]
[www.jeasyui.net/tutorial/53.html]
[www.jeasyui.net/Uploads/images/tree3_1.png]
[www.jeasyui.net/Uploads/images/tree3_2.png]
[www.jeasyui.net/Uploads/file/jeasyui-tree-tree3.zip]
[www.jeasyui.net/tutorial/54.html]
[www.jeasyui.net/Uploads/images/tree4_1.png]
[www.jeasyui.net/Uploads/file/jeasyui-tree-tree4.zip]
[www.jeasyui.net/tutorial/55.html]
[www.jeasyui.net/Uploads/images/tree5_1.png]
[www.jeasyui.net/Uploads/file/jeasyui-tree-tree5.zip]
[www.jeasyui.net/tutorial/56.html]
[www.jeasyui.net/Uploads/images/tree6.png]
[www.jeasyui.net/Uploads/file/jeasyui-tree-tree6.zip]
[www.jeasyui.net/tutorial/57.html]
[www.jeasyui.net/Uploads/images/treegrid1_1.png]
[www.jeasyui.net/Uploads/file/jeasyui-tree-treegrid1.zip]
[www.jeasyui.net/tutorial/58.html]
[www.jeasyui.net/Uploads/file/jeasyui-tree-treegrid2.zip]
[www.jeasyui.net/tutorial/59.html]
[www.jeasyui.net/Uploads/images/treegrid3.png]
[www.jeasyui.net/Uploads/file/jeasyui-tree-treegrid3.zip]
[www.jeasyui.net/tutorial/60.html]
[www.jeasyui.net/Uploads/images/treegrid4.png]
[www.jeasyui.net/Uploads/file/jeasyui-tree-treegrid4.zip]
[www.jeasyui.net/tutorial/61.html]
[www.jeasyui.net/Uploads/images/treegrid5.png]
[www.jeasyui.net/Uploads/file/jeasyui-tree-treegrid5.zip]
[www.jeasyui.net/tutorial/62.html]
[www.jeasyui.net/Uploads/images/form1.png]
[www.jeasyui.net/Uploads/file/jeasyui-form-form1.zip]
[www.jeasyui.net/tutorial/63.html]
[www.jeasyui.net/Uploads/images/form2.png]
[www.jeasyui.net/Uploads/file/jeasyui-form-form2.zip]
[www.jeasyui.net/tutorial/64.html]
[www.jeasyui.net/Uploads/images/form3.png]
[www.jeasyui.net/Uploads/file/jeasyui-form-form3.zip]
[www.jeasyui.net/tutorial/65.html]
[www.jeasyui.net/Uploads/images/form4.png]
[www.jeasyui.net/Uploads/file/jeasyui-form-form4.zip]
[www.jeasyui.net/tutorial/66.html]
[www.jeasyui.net/Uploads/images/form5.png]
[www.jeasyui.net/Uploads/file/jeasyui-form-form5.zip]
[www.jeasyui.net/tutorial/67.html]
[www.jeasyui.net/Uploads/file/jquery-easyui-portal.zip]
[www.jeasyui.net/extension/106.html]
[www.jeasyui.net/Uploads/images/datagrid-bufferview.png]
[www.jeasyui.net/Uploads/images/datagrid-scrollview.png]
[www.jeasyui.net/Uploads/file/jquery-easyui-datagridview.zip]
[www.jeasyui.net/extension/189.html]
[www.jeasyui.net/Uploads/file/jquery-easyui-edatagrid.zip]
[www.jeasyui.net/extension/190.html]
[www.jeasyui.net/Uploads/file/jquery-easyui-etree.zip]
[www.jeasyui.net/extension/191.html]
[www.jeasyui.net/Uploads/file/jquery-easyui-datagrid-filter.zip]
[www.jeasyui.net/extension/192.html]
[www.jeasyui.net/Uploads/file/jquery-easyui-datagrid-dnd.zip]
[www.jeasyui.net/extension/193.html]
[www.jeasyui.net/Uploads/file/jquery-easyui-treegrid-dnd.zip]
[www.jeasyui.net/extension/194.html]
[www.jeasyui.net/extension/195.html]
[www.jeasyui.net/Uploads/file/jquery-easyui-dwrloader.zip]
[www.jeasyui.net/extension/196.html]
[www.jeasyui.net/Uploads/file/jquery-easyui-rtl.zip]
[www.jeasyui.net/extension/200.html]
[www.jeasyui.net/Uploads/file/jquery-easyui-ribbon.zip]
[www.jeasyui.net/extension/201.html]
[www.jeasyui.net/plugins/jeasyui-tree-tree2.html]
[www.jeasyui.net/cdn-cgi/l/email-protection.html]
[bzclk.baidu.com/nopic.html]
[bzclk.baidu.com/loader_repeata1f3.html]
[www.jeasyui.net/demo/483.html]
[www.jeasyui.net/demo/313.html]
[www.jeasyui.net/demo/481.html]
[www.jeasyui.net/demo/484.html]
[www.jeasyui.net/demo/314.html]
[www.jeasyui.net/demo/315.html]
[www.jeasyui.net/demo/558.html]
[www.jeasyui.net/demo/394.html]
[www.jeasyui.net/demo/images/modem.png]
[www.jeasyui.net/demo/images/scanner.png]
[www.jeasyui.net/demo/images/pda.png]
[www.jeasyui.net/demo/images/tablet.png]
[www.jeasyui.net/demo/396.html]
[www.jeasyui.net/demo/395.html]
[www.jeasyui.net/demo/397.html]
[www.jeasyui.net/demo/393.html]
[www.jeasyui.net/demo/392.html]
[www.jeasyui.net/demo/559.html]
[www.jeasyui.net/demo/560.html]
[www.jeasyui.net/demo/561.html]
[www.jeasyui.net/demo/362.html]
[www.jeasyui.net/demo/530.html]
[www.jeasyui.net/demo/360.html]
[www.jeasyui.net/demo/531.html]
[www.jeasyui.net/demo/363.html]
[www.jeasyui.net/demo/361.html]
[www.jeasyui.net/demo/528.html]
[www.jeasyui.net/demo/336.html]
[www.jeasyui.net/demo/342.html]
[www.jeasyui.net/demo/341.html]
[www.jeasyui.net/demo/340.html]
[www.jeasyui.net/demo/339.html]
[www.jeasyui.net/demo/338.html]
[www.jeasyui.net/demo/337.html]
[www.jeasyui.net/demo/335.html]
[www.jeasyui.net/demo/334.html]
[www.jeasyui.net/demo/333.html]
[www.jeasyui.net/demo/332.html]
[www.jeasyui.net/demo/499.html]
[www.jeasyui.net/demo/500.html]
[www.jeasyui.net/demo/501.html]
[www.jeasyui.net/demo/502.html]
[www.jeasyui.net/demo/503.html]
[www.jeasyui.net/demo/504.html]
[www.jeasyui.net/demo/505.html]
[www.jeasyui.net/demo/506.html]
[www.jeasyui.net/demo/507.html]
[www.jeasyui.net/demo/508.html]
[www.jeasyui.net/demo/509.html]
[www.jeasyui.net/demo/510.html]
[www.jeasyui.net/demo/385.html]
[www.jeasyui.net/demo/550.html]
[www.jeasyui.net/demo/413.html]
[www.jeasyui.net/demo/412.html]
[www.jeasyui.net/demo/411.html]
[www.jeasyui.net/demo/410.html]
[www.jeasyui.net/demo/408.html]
[www.jeasyui.net/demo/572.html]
[www.jeasyui.net/demo/573.html]
[www.jeasyui.net/demo/574.html]
[www.jeasyui.net/demo/575.html]
[www.jeasyui.net/demo/576.html]
[www.jeasyui.net/demo/414.html]
[www.jeasyui.net/demo/415.html]
[www.jeasyui.net/demo/416.html]
[www.jeasyui.net/demo/417.html]
[www.jeasyui.net/demo/577.html]
[www.jeasyui.net/demo/578.html]
[www.jeasyui.net/demo/579.html]
[www.jeasyui.net/demo/580.html]
[www.jeasyui.net/demo/364.html]
[www.jeasyui.net/demo/365.html]
[www.jeasyui.net/demo/367.html]
[www.jeasyui.net/demo/366.html]
[www.jeasyui.net/demo/533.html]
[www.jeasyui.net/demo/534.html]
[www.jeasyui.net/demo/535.html]
[www.jeasyui.net/demo/368.html]
[www.jeasyui.net/demo/536.html]
[www.jeasyui.net/demo/538.html]
[www.jeasyui.net/demo/369.html]
[www.jeasyui.net/demo/556.html]
[www.jeasyui.net/demo/379.html]
[www.jeasyui.net/demo/378.html]
[www.jeasyui.net/demo/546.html]
[www.jeasyui.net/demo/547.html]
[www.jeasyui.net/demo/545.html]
[www.jeasyui.net/demo/549.html]
[www.jeasyui.net/demo/387.html]
[www.jeasyui.net/demo/386.html]
[www.jeasyui.net/demo/527.html]
[www.jeasyui.net/demo/358.html]
[www.jeasyui.net/demo/564.html]
[www.jeasyui.net/demo/565.html]
[www.jeasyui.net/demo/563.html]
[www.jeasyui.net/demo/400.html]
[www.jeasyui.net/demo/399.html]
[www.jeasyui.net/demo/398.html]
[www.jeasyui.net/demo/401.html]
[www.jeasyui.net/demo/357.html]
[www.jeasyui.net/demo/525.html]
[www.jeasyui.net/demo/321.html]
[www.jeasyui.net/demo/491.html]
[www.jeasyui.net/demo/490.html]
[www.jeasyui.net/demo/492.html]
[www.jeasyui.net/demo/322.html]
[www.jeasyui.net/demo/323.html]
[www.jeasyui.net/demo/489.html]
[www.jeasyui.net/demo/324.html]
[www.jeasyui.net/demo/320.html]
[www.jeasyui.net/demo/319.html]
[www.jeasyui.net/demo/493.html]
[www.jeasyui.net/demo/326.html]
[www.jeasyui.net/demo/327.html]
[www.jeasyui.net/demo/495.html]
[www.jeasyui.net/demo/496.html]
[www.jeasyui.net/demo/325.html]
[www.jeasyui.net/demo/329.html]
[www.jeasyui.net/demo/330.html]
[www.jeasyui.net/demo/498.html]
[www.jeasyui.net/demo/328.html]
[www.jeasyui.net/demo/374.html]
[www.jeasyui.net/demo/373.html]
[www.jeasyui.net/demo/541.html]
[www.jeasyui.net/demo/376.html]
[www.jeasyui.net/demo/375.html]
[www.jeasyui.net/demo/543.html]
[www.jeasyui.net/demo/318.html]
[www.jeasyui.net/demo/486.html]
[www.jeasyui.net/demo/317.html]
[www.jeasyui.net/demo/485.html]
[www.jeasyui.net/demo/346.html]
[www.jeasyui.net/demo/344.html]
[www.jeasyui.net/demo/345.html]
[www.jeasyui.net/demo/343.html]
[www.jeasyui.net/demo/511.html]
[www.jeasyui.net/demo/512.html]
[www.jeasyui.net/demo/513.html]
[www.jeasyui.net/demo/348.html]
[www.jeasyui.net/demo/347.html]
[www.jeasyui.net/demo/515.html]
[www.jeasyui.net/demo/403.html]
[www.jeasyui.net/demo/402.html]
[www.jeasyui.net/demo/566.html]
[www.jeasyui.net/demo/349.html]
[www.jeasyui.net/demo/350.html]
[www.jeasyui.net/demo/517.html]
[www.jeasyui.net/demo/518.html]
[www.jeasyui.net/easyloader.html]
[www.jeasyui.net/demo/389.html]
[www.jeasyui.net/demo/390.html]
[www.jeasyui.net/demo/388.html]
[www.jeasyui.net/demo/553.html]
[www.jeasyui.net/demo/554.html]
[www.jeasyui.net/demo/419.html]
[www.jeasyui.net/demo/418.html]
[www.jeasyui.net/demo/420.html]
[www.jeasyui.net/demo/421.html]
[www.jeasyui.net/demo/583.html]
[www.jeasyui.net/demo/584.html]
[www.jeasyui.net/demo/585.html]
[www.jeasyui.net/demo/520.html]
[www.jeasyui.net/demo/352.html]
[www.jeasyui.net/demo/351.html]
[www.jeasyui.net/demo/372.html]
[www.jeasyui.net/demo/371.html]
[www.jeasyui.net/demo/539.html]
[www.jeasyui.net/demo/522.html]
[www.jeasyui.net/demo/353.html]
[www.jeasyui.net/demo/355.html]
[www.jeasyui.net/demo/354.html]
[www.jeasyui.net/demo/407.html]
[www.jeasyui.net/demo/405.html]
[www.jeasyui.net/demo/406.html]
[www.jeasyui.net/demo/404.html]
[www.jeasyui.net/demo/568.html]
[www.jeasyui.net/demo/569.html]
[www.jeasyui.net/demo/570.html]
[www.jeasyui.net/demo/_content.html]
[www.jeasyui.net/tutorial/ext-edatagrid.html]
[www.jeasyui.net/demo/images/modem.html]
[www.jeasyui.net/demo/images/scanner.html]
[www.jeasyui.net/demo/images/pda.html]
[www.jeasyui.net/demo/images/tablet.html]
