[www.w3cschool.cn/bootstrap/index.html]
[backblue.gif]
[fade.gif]
[index.html]
[www.w3cschool.cn/statics/plugins/font-awesome/css/font-awesome.min.css]
[www.w3cschool.cn/statics/css/w3.css]
[www.w3cschool.cn/statics/css/style-kn-project-view.css]
[www.w3cschool.cn/statics/css/style-theme.css]
[www.w3cschool.cn/statics/css/project.css]
[www.w3cschool.cn/plugins/highlight/styles/default.css]
[www.w3cschool.cn/plugins/highlight/highlight.pack.js]
[www.w3cschool.cn/statics/js/jquery-1.8.3.min.js]
[www.w3cschool.cn/statics/plugins/jquery-slimscroll/jquery.slimscroll.min.js]
[www.w3cschool.cn/statics/js/project.leftbox.js]
[7nsts.w3cschool.cn/images/w3c/header-logo.png]
[7nsts.w3cschool.cn/images/w3c/app-qrcode2.png]
[7nsts.w3cschool.cn/images/w3c/w3cschool.png]
[7n.w3cschool.cn/attachments/avatar2/avatar_14.jpg]
[www.w3cschool.cn/attachments/cover/cover_bootstrap.png]
[www.w3cschool.cn/bootstrap/topic.html]
[www.w3cschool.cn/bootstrap/list/index.html]
[www.w3cschool.cn/bootstrap/bootstrap-tutorial.html]
[www.w3cschool.cn/bootstrap/bootstrap-v2-intro.html]
[www.w3cschool.cn/bootstrap/bootstrap-environment-setup.html]
[www.w3cschool.cn/bootstrap/bootstrap-codecamp.html]
[www.w3cschool.cn/bootstrap/bootstrap-css-overview.html]
[www.w3cschool.cn/bootstrap/bootstrap-v2-grid-system.html]
[www.w3cschool.cn/bootstrap/bootstrap-v2-typography.html]
[www.w3cschool.cn/bootstrap/bootstrap-code.html]
[www.w3cschool.cn/bootstrap/bootstrap-v2-tables.html]
[www.w3cschool.cn/bootstrap/bootstrap-v2-forms.html]
[www.w3cschool.cn/bootstrap/bootstrap-v2-button-plugin.html]
[www.w3cschool.cn/bootstrap/bootstrap-images.html]
[www.w3cschool.cn/bootstrap/bootstrap-helper-classes.html]
[www.w3cschool.cn/bootstrap/bootstrap-responsive-utilities.html]
[www.w3cschool.cn/bootstrap/2emf1fn9.html]
[www.w3cschool.cn/bootstrap/bootstrap-v2-dropdown-plugin.html]
[www.w3cschool.cn/bootstrap/bootstrap-button-groups.html]
[www.w3cschool.cn/bootstrap/bootstrap-button-dropdowns.html]
[www.w3cschool.cn/bootstrap/bootstrap-input-groups.html]
[www.w3cschool.cn/bootstrap/bootstrap-navigation-elements.html]
[www.w3cschool.cn/bootstrap/cqye4fnh.html]
[www.w3cschool.cn/bootstrap/bootstrap-v2-breadcrumbs.html]
[www.w3cschool.cn/bootstrap/bootstrap-pagination.html]
[www.w3cschool.cn/bootstrap/bootstrap-labels.html]
[www.w3cschool.cn/bootstrap/bootstrap-badges.html]
[www.w3cschool.cn/bootstrap/bootstrap-jumbotron.html]
[www.w3cschool.cn/bootstrap/bootstrap-page-header.html]
[www.w3cschool.cn/bootstrap/bootstrap-v2-thumbnails.html]
[www.w3cschool.cn/bootstrap/bootstrap-alerts.html]
[www.w3cschool.cn/bootstrap/bootstrap-v2-progress-bars.html]
[www.w3cschool.cn/bootstrap/bootstrap-media-object.html]
[www.w3cschool.cn/bootstrap/bootstrap-list-group.html]
[www.w3cschool.cn/bootstrap/bootstrap-panels.html]
[www.w3cschool.cn/bootstrap/9jto5fni.html]
[www.w3cschool.cn/bootstrap/bootstrap-plugins-overview.html]
[www.w3cschool.cn/bootstrap/bootstrap-transition-plugin.html]
[www.w3cschool.cn/bootstrap/bootstrap-modal-plugin.html]
[www.w3cschool.cn/bootstrap/bootstrap-dropdown-plugin.html]
[www.w3cschool.cn/bootstrap/bootstrap-scrollspy-plugin.html]
[www.w3cschool.cn/bootstrap/bootstrap-tab-plugin.html]
[www.w3cschool.cn/bootstrap/5pj86fnj.html]
[www.w3cschool.cn/bootstrap/bootstrap-popover-plugin.html]
[www.w3cschool.cn/bootstrap/bootstrap-alert-plugin.html]
[www.w3cschool.cn/bootstrap/bootstrap-button-plugin.html]
[www.w3cschool.cn/bootstrap/bootstrap-collapse-plugin.html]
[www.w3cschool.cn/bootstrap/bootstrap-carousel-plugin.html]
[www.w3cschool.cn/bootstrap/bootstrap-affix-plugin.html]
[www.w3cschool.cn/bootstrap/bootstrap-ui-editor.html]
[www.w3cschool.cn/bootstrap/bootstrap-v2-tutorial.html]
[www.w3cschool.cn/bootstrap/bootstrap-html-codeguide.html]
[www.w3cschool.cn/bootstrap/bootstrap-css-codeguide-html.html]
[www.w3cschool.cn/bootstrap/html-css-bootstrap-setup.html]
[www.w3cschool.cn/bootstrap/bootstrap-raxz28in.html]
[www.w3cschool.cn/bootstrap/bootstrap-uow62fyg.html]
[www.w3cschool.cn/attachments/avatar2/avatar_2.jpg]
[www.w3cschool.cn/attachments/image/20170526/1495798593200359.png]
[www.w3cschool.cn/bootstrap/bootstrap-progress-bars.html]
[www.w3cschool.cn/bootstrap/question-10231552.html]
[www.w3cschool.cn/bootstrap/question-10231501.html]
[www.w3cschool.cn/bootstrap/question-10231503.html]
[www.w3cschool.cn/bootstrap/question-10231500.html]
[www.w3cschool.cn/bootstrap/question-10231502.html]
[www.w3cschool.cn/bootstrap/question-10231504.html]
[www.w3cschool.cn/bootstrap/question-10231505.html]
[www.w3cschool.cn/attachments/image/20181029/1540806332661630.png]
[www.w3cschool.cn/bootstrap/index-2.html]
[7nsts.w3cschool.cn/images/w3c/w3cschool.jpg]
[www.w3cschool.cn/plugins/ueditor/third-party/SyntaxHighlighter/shCore.min.js]
[www.w3cschool.cn/statics/js/commonfooter.js]
[www.w3cschool.cn/statics/js/project.view.js]
[www.w3cschool.cn/statics/core/ajaxdo.core.js]
[www.w3cschool.cn/statics/js/paypraise.js]
[www.w3cschool.cn/bootstrap/index.html]
[www.w3cschool.cn/statics/plugins/font-awesome/css/font-awesome.min.css]
[7nsts.w3cschool.cn/images/w3c/icon-n.png]
[www.w3cschool.cn/plugins/baidushare/js/share6e53.js]
[7nsts.w3cschool.cn/images/w3c/icon-h.gif]
[7nsts.w3cschool.cn/images/w3c/vip-sicon0.png]
[7nsts.w3cschool.cn/images/w3c/vip-sicon1.png]
[7nsts.w3cschool.cn/images/w3c/vip-sicon2.png]
[7nsts.w3cschool.cn/yimages/icon-angle-down1.png]
[7nsts.w3cschool.cn/images/w3c/header-app1b99.png]
[7nsts.w3cschool.cn/yimages/icons.png]
[7nsts.w3cschool.cn/yimages/icon-home1.png]
[7nsts.w3cschool.cn/yimages/icon-cog1.png]
[7nsts.w3cschool.cn/yimages/icon-key1.png]
[7nsts.w3cschool.cn/yimages/icon-note1dde8.png]
[7nsts.w3cschool.cn/yimages/icon-user1.png]
[7nsts.w3cschool.cn/yimages/icon-home2.png]
[7nsts.w3cschool.cn/yimages/icon-cog2.png]
[7nsts.w3cschool.cn/yimages/icon-key2.png]
[7nsts.w3cschool.cn/yimages/icon-note2dde8.png]
[7nsts.w3cschool.cn/yimages/icon-user2.png]
[7nsts.w3cschool.cn/images/w3c/notice-icon.png]
[7nsts.w3cschool.cn/yimages/share-more.png]
[7nsts.w3cschool.cn/images/w3c/icon-home.png]
[7nsts.w3cschool.cn/yimages/pass.png]
[7nsts.w3cschool.cn/images/w3c/sns-sprite.png]
[7nsts.w3cschool.cn/images/w3c/success.png]
[7nsts.w3cschool.cn/images/w3c/error.png]
[7nsts.w3cschool.cn/images/w3c/content-group.png]
[7nsts.w3cschool.cn/yimages/question-icon.png]
[7nsts.w3cschool.cn/images/w3c/icon-article.png]
[7nsts.w3cschool.cn/images/w3c/close-btn.png]
[7nsts.w3cschool.cn/yimages/register_bg.png]
[7nsts.w3cschool.cn/yimages/vip_ico.png]
[7nsts.w3cschool.cn/yimages/qr-img.png]
[7nsts.w3cschool.cn/yimages/backgrounds.32.png]
[7nsts.w3cschool.cn/yimages/qqkf.jpg]
[7nsts.w3cschool.cn/yimages/qqkf_hv.jpg]
[7nsts.w3cschool.cn/yimages/jyfk.jpg]
[7nsts.w3cschool.cn/yimages/jyfk_hv.jpg]
[www.w3cschool.cn/statics/css/w3.css]
[www.w3cschool.cn/statics/yimages/tree1.gif]
[www.w3cschool.cn/statics/yimages/tree2.gif]
[www.w3cschool.cn/statics/yimages/tree2_view.gif]
[www.w3cschool.cn/statics/yimages/jia.png]
[www.w3cschool.cn/statics/yimages/jian.png]
[www.w3cschool.cn/statics/yimages/scroll.png]
[www.w3cschool.cn/statics/yimages/close.png]
[www.w3cschool.cn/statics/img/star-off.png]
[www.w3cschool.cn/statics/img/star-on.png]
[www.w3cschool.cn/statics/css/style-kn-project-view.css]
[www.w3cschool.cn/statics/css/style-theme.css]
[www.w3cschool.cn/statics/yimages/compatible_ie.gif]
[www.w3cschool.cn/statics/yimages/compatible_firefox.gif]
[www.w3cschool.cn/statics/yimages/compatible_chrome.gif]
[www.w3cschool.cn/statics/yimages/compatible_safari.gif]
[www.w3cschool.cn/statics/yimages/compatible_opera.gif]
[www.w3cschool.cn/statics/yimages/compatible_ie2020.gif]
[www.w3cschool.cn/statics/yimages/precompatible_ie5920.gif]
[www.w3cschool.cn/statics/yimages/compatible_firefox2020.gif]
[www.w3cschool.cn/statics/yimages/precompatible_firefox5920.gif]
[www.w3cschool.cn/statics/yimages/compatible_chrome2020.gif]
[www.w3cschool.cn/statics/yimages/precompatible_chrome5920.gif]
[www.w3cschool.cn/statics/yimages/compatible_safari2020.gif]
[www.w3cschool.cn/statics/yimages/precompatible_safari5920.gif]
[www.w3cschool.cn/statics/yimages/compatible_opera2020.gif]
[www.w3cschool.cn/statics/yimages/precompatible_opera5920.gif]
[www.w3cschool.cn/statics/css/project.css]
[www.w3cschool.cn/plugins/highlight/styles/default.css]
[www.w3cschool.cn/bootstrap/list4658.html]
[www.w3cschool.cn/bootstrap/list9ba9.html]
[www.w3cschool.cn/bootstrap/listfdb0.html]
[www.w3cschool.cn/bootstrap/listaf4d.html]
[www.w3cschool.cn/bootstrap/listc575.html]
[www.w3cschool.cn/bootstrap/list235c.html]
[www.w3cschool.cn/bootstrap/listfdfa.html]
[www.w3cschool.cn/bootstrap/list0b08.html]
[www.w3cschool.cn/bootstrap/list1448.html]
[www.w3cschool.cn/bootstrap/list1c8b.html]
[www.w3cschool.cn/attachments/image/20180906/1536214488358385.png]
[7n.w3cschool.cn/statics/images/w3c/w3cschool743e.png]
[7n.w3cschool.cn/statics/images/w3c/w3cschool743e.jpg]
[www.w3cschool.cn/bootstrap/list/index.html]
[www.w3cschool.cn/statics/css/question.css]
[www.w3cschool.cn/statics/yimages/positionred.png]
[www.w3cschool.cn/bootstrap/topic0e61.html]
[www.w3cschool.cn/bootstrap/topicee8d.html]
[www.w3cschool.cn/bootstrap/topice706.html]
[www.w3cschool.cn/attachments/avatar2/avatar_62.jpg]
[www.w3cschool.cn/attachments/avatar2/avatar_218.jpg]
[www.w3cschool.cn/bootstrap/topic.html]
[www.w3cschool.cn/statics/js/question.js]
[7n.w3cschool.cn/attachments/image/20160225/1456378027755021.png]
[www.w3cschool.cn/bootstrap/jqxmwf21.html]
[www.w3cschool.cn/attachments/image/20181019/1539919615700323.png]
[www.w3cschool.cn/bootstrap/bootstrap-grid-system-example1.html]
[www.w3cschool.cn/bootstrap/bootstrap-dropdowns.html]
[www.w3cschool.cn/bootstrap/bootstrap-tables.html]
[www.w3cschool.cn/bootstrap/bootstrap-intro.html]
[www.w3cschool.cn/bootstrap/bootstrap-grid-system-example3.html]
[www.w3cschool.cn/bootstrap/bootstrap-grid-system-example2.html]
[www.w3cschool.cn/bootstrap/bootstrap-v2-layout.html]
[www.w3cschool.cn/bootstrap/bootstrap-v2-glyphicons.html]
[www.w3cschool.cn/bootstrap/bootstrap-tutorial.html]
[www.w3cschool.cn/bootstrap/bootstrap-v2-icons.html]
[7n.w3cschool.cn/attachments/image/20160225/1456378079220418.gif]
[7n.w3cschool.cn/attachments/image/20160225/1456378079314340.gif]
[7n.w3cschool.cn/attachments/image/20160225/1456378079714770.gif]
[7n.w3cschool.cn/attachments/image/20160225/1456378079541612.gif]
[7n.w3cschool.cn/attachments/image/20160225/1456378079141077.gif]
[7n.w3cschool.cn/attachments/image/20160225/1456378079669701.jpg]
[www.w3cschool.cn/bootstrap/bootstrap-v2-intro.html]
[7n.w3cschool.cn/attachments/uploads/2014/06/bootstrapdowloadscreen.jpg]
[7n.w3cschool.cn/attachments/uploads/2014/06/compiledfilestructure.jpg]
[7n.w3cschool.cn/attachments/uploads/2014/06/sourcecodefilestructure.jpg]
[www.w3cschool.cn/bootstrap/bootstrap-environment-setup.html]
[www.w3cschool.cn/bootstrap/bootstrap-codecamp.html]
[www.w3cschool.cn/bootstrap/bootstrap-css-overview.html]
[www.w3cschool.cn/bootstrap/m471bf21.html]
[7n.w3cschool.cn/attachments/image/20160225/1456378462436029.png]
[7n.w3cschool.cn/attachments/image/20160225/1456378462543989.jpg]
[7n.w3cschool.cn/attachments/image/20160225/1456378462738496.jpg]
[7n.w3cschool.cn/attachments/image/20160225/1456378463661239.jpg]
[www.w3cschool.cn/bootstrap/bootstrap-v2-grid-system.html]
[7n.w3cschool.cn/attachments/image/20160225/1456378558553163.jpg]
[7n.w3cschool.cn/attachments/image/20160225/1456378558346688.jpg]
[7n.w3cschool.cn/attachments/image/20160225/1456378558791827.jpg]
[7n.w3cschool.cn/attachments/image/20160225/1456378558106814.jpg]
[7n.w3cschool.cn/attachments/image/20160225/1456378558693628.jpg]
[7n.w3cschool.cn/attachments/image/20160225/1456378559723415.jpg]
[7n.w3cschool.cn/attachments/image/20160225/1456378559613672.jpg]
[7n.w3cschool.cn/attachments/image/20160225/1456378559910221.jpg]
[www.w3cschool.cn/bootstrap/bootstrap-v2-typography.html]
[7n.w3cschool.cn/attachments/uploads/2014/06/code_demo.jpg]
[www.w3cschool.cn/bootstrap/bootstrap-code.html]
[7n.w3cschool.cn/attachments/image/20160225/1456378936501309.jpg]
[7n.w3cschool.cn/attachments/image/20160225/1456378936231991.jpg]
[7n.w3cschool.cn/attachments/image/20160225/1456378936401558.jpg]
[7n.w3cschool.cn/attachments/image/20160225/1456378936878471.jpg]
[7n.w3cschool.cn/attachments/image/20160225/1456378936836734.jpg]
[7n.w3cschool.cn/attachments/image/20160225/1456378936775973.jpg]
[7n.w3cschool.cn/attachments/image/20160225/1456378937695123.jpg]
[www.w3cschool.cn/bootstrap/bootstrap-v2-tables.html]
[7n.w3cschool.cn/attachments/image/20160225/1456379124595404.jpg]
[7n.w3cschool.cn/attachments/image/20160225/1456379124212830.jpg]
[7n.w3cschool.cn/attachments/image/20160225/1456379124234854.jpg]
[7n.w3cschool.cn/attachments/image/20160225/1456379124528342.jpg]
[7n.w3cschool.cn/attachments/image/20160225/1456379124310388.jpg]
[7n.w3cschool.cn/attachments/image/20160225/1456379124872322.jpg]
[7n.w3cschool.cn/attachments/image/20160225/1456379124657565.jpg]
[7n.w3cschool.cn/attachments/image/20160225/1456379124161279.jpg]
[7n.w3cschool.cn/attachments/image/20160225/1456379124459729.jpg]
[7n.w3cschool.cn/attachments/image/20160225/1456379124438620.jpg]
[7n.w3cschool.cn/attachments/image/20160225/1456379124720163.jpg]
[www.w3cschool.cn/bootstrap/bootstrap-v2-forms.html]
[7n.w3cschool.cn/attachments/image/20160225/1456379158141151.jpg]
[7n.w3cschool.cn/attachments/image/20160225/1456379158428602.jpg]
[7n.w3cschool.cn/attachments/image/20160225/1456379158638183.jpg]
[7n.w3cschool.cn/attachments/image/20160225/1456379158798341.jpg]
[7n.w3cschool.cn/attachments/image/20160225/1456379158894212.jpg]
[www.w3cschool.cn/bootstrap/bootstrap-v2-button-plugin.html]
[7n.w3cschool.cn/attachments/uploads/2014/06/image_demo.jpg]
[www.w3cschool.cn/bootstrap/bootstrap-images.html]
[7n.w3cschool.cn/attachments/image/20160225/1456379230883834.jpg]
[7n.w3cschool.cn/attachments/image/20160225/1456379230934490.jpg]
[7n.w3cschool.cn/attachments/image/20160225/1456379230578463.jpg]
[7n.w3cschool.cn/attachments/image/20160225/1456379230954300.jpg]
[7n.w3cschool.cn/attachments/image/20160225/1456379230496562.jpg]
[7n.w3cschool.cn/attachments/image/20160225/1456379230870389.jpg]
[7n.w3cschool.cn/attachments/image/20160225/1456379230219171.jpg]
[www.w3cschool.cn/bootstrap/bootstrap-helper-classes.html]
[7n.w3cschool.cn/attachments/uploads/2014/06/resonsive_utilies_demo.jpg]
[www.w3cschool.cn/bootstrap/bootstrap-responsive-utilities.html]
[www.w3cschool.cn/bootstrap/sknxvf21.html]
[7n.w3cschool.cn/attachments/image/20160225/1456379537752230.jpg]
[7n.w3cschool.cn/attachments/image/20160225/1456380749704021.jpg]
[www.w3cschool.cn/bootstrap/2emf1fn9.html]
[7n.w3cschool.cn/attachments/image/20160225/1456380737367866.jpg]
[7n.w3cschool.cn/attachments/image/20160225/1456380737977487.jpg]
[7n.w3cschool.cn/attachments/image/20160225/1456380738315387.jpg]
[www.w3cschool.cn/bootstrap/bootstrap-v2-dropdown-plugin.html]
[7n.w3cschool.cn/attachments/uploads/2014/06/basicbuttongroup_demo.jpg]
[7n.w3cschool.cn/attachments/uploads/2014/06/buttontoolbar_demo.jpg]
[7n.w3cschool.cn/attachments/uploads/2014/06/buttongroupsize_demo.jpg]
[7n.w3cschool.cn/attachments/uploads/2014/06/nestedbuttongrp_demo.jpg]
[7n.w3cschool.cn/attachments/uploads/2014/06/btngrpvertical_demo.jpg]
[www.w3cschool.cn/bootstrap/bootstrap-button-groups.html]
[7n.w3cschool.cn/attachments/uploads/2014/06/basicbuttondropdown_demo.jpg]
[7n.w3cschool.cn/attachments/uploads/2014/06/splitbuttondropdown_demo.jpg]
[7n.w3cschool.cn/attachments/uploads/2014/06/buttondropdownsize_demo.jpg]
[7n.w3cschool.cn/attachments/uploads/2014/06/dropupvariation_demo.jpg]
[www.w3cschool.cn/bootstrap/bootstrap-button-dropdowns.html]
[www.w3cschool.cn/bootstrap/bootstrap-forms.html]
[7n.w3cschool.cn/attachments/image/20160225/1456381479637891.png]
[7n.w3cschool.cn/attachments/image/20160225/1456381479889645.jpg]
[7n.w3cschool.cn/attachments/image/20160225/1456381479901855.jpg]
[7n.w3cschool.cn/attachments/image/20160225/1456381479475133.jpg]
[7n.w3cschool.cn/attachments/image/20160225/1456381479873397.jpg]
[7n.w3cschool.cn/attachments/image/20160225/1456381479927293.jpg]
[7n.w3cschool.cn/attachments/image/20160225/1456381479342481.jpg]
[www.w3cschool.cn/bootstrap/bootstrap-input-groups.html]
[7n.w3cschool.cn/attachments/image/20160225/1456384151197386.jpg]
[7n.w3cschool.cn/attachments/image/20160225/1456384151756991.jpg]
[7n.w3cschool.cn/attachments/image/20160225/1456384151435739.jpg]
[7n.w3cschool.cn/attachments/image/20160225/1456384151740543.jpg]
[7n.w3cschool.cn/attachments/image/20160225/1456384151270599.jpg]
[7n.w3cschool.cn/attachments/image/20160225/1456384151692952.png]
[7n.w3cschool.cn/attachments/image/20160225/1456384151838407.jpg]
[7n.w3cschool.cn/attachments/image/20160225/1456384151392862.jpg]
[www.w3cschool.cn/bootstrap/bootstrap-navigation-elements.html]
[7n.w3cschool.cn/attachments/image/20160225/1456384428454400.jpg]
[7n.w3cschool.cn/attachments/image/20160225/1456384428534107.jpg]
[7n.w3cschool.cn/attachments/image/20160225/1456384428944541.jpg]
[7n.w3cschool.cn/attachments/image/20160225/1456384428556088.png]
[www.w3cschool.cn/bootstrap/bootstrap-buttons.html]
[7n.w3cschool.cn/attachments/image/20160225/1456384428878771.jpg]
[7n.w3cschool.cn/attachments/image/20160225/1456384428353882.jpg]
[7n.w3cschool.cn/attachments/image/20160225/1456384428200677.jpg]
[7n.w3cschool.cn/attachments/image/20160225/1456384428797830.jpg]
[7n.w3cschool.cn/attachments/image/20160225/1456384428386853.jpg]
[7n.w3cschool.cn/attachments/image/20160225/1456384428654281.jpg]
[7n.w3cschool.cn/attachments/image/20160225/1456384428776001.jpg]
[7n.w3cschool.cn/attachments/image/20160225/1456384428316649.jpg]
[www.w3cschool.cn/bootstrap/cqye4fnh.html]
[7n.w3cschool.cn/attachments/image/20160225/1456384543902760.jpg]
[www.w3cschool.cn/bootstrap/bootstrap-v2-breadcrumbs.html]
[7n.w3cschool.cn/attachments/uploads/2014/06/pagination_demo.jpg]
[7n.w3cschool.cn/attachments/uploads/2014/06/paginationstate_demo.jpg]
[7n.w3cschool.cn/attachments/uploads/2014/06/paginationsize_demo.jpg]
[7n.w3cschool.cn/attachments/uploads/2014/06/pager_demo.jpg]
[7n.w3cschool.cn/attachments/uploads/2014/06/pageralign_demo.jpg]
[7n.w3cschool.cn/attachments/uploads/2014/06/pagerstate_demo.jpg]
[www.w3cschool.cn/bootstrap/bootstrap-pagination.html]
[7n.w3cschool.cn/attachments/uploads/2014/06/labels_demo.jpg]
[7n.w3cschool.cn/attachments/uploads/2014/06/labelvariation_demo.jpg]
[www.w3cschool.cn/bootstrap/bootstrap-labels.html]
[7n.w3cschool.cn/attachments/uploads/2014/06/badges_demo.jpg]
[7n.w3cschool.cn/attachments/uploads/2014/06/badgesactivestate_demo.jpg]
[www.w3cschool.cn/bootstrap/bootstrap-badges.html]
[7n.w3cschool.cn/attachments/uploads/2014/06/jumbotron_demo.jpg]
[7n.w3cschool.cn/attachments/uploads/2014/06/jumbotronfullwidth_demo.jpg]
[www.w3cschool.cn/bootstrap/bootstrap-jumbotron.html]
[www.w3cschool.cn/bootstrap/html-css-bootstrap-jumbotron.html]
[7n.w3cschool.cn/attachments/uploads/2014/06/pageheader_demo.jpg]
[www.w3cschool.cn/bootstrap/bootstrap-page-header.html]
[7n.w3cschool.cn/attachments/image/20160225/1456384925163785.jpg]
[7n.w3cschool.cn/attachments/image/20160225/1456384925604464.jpg]
[www.w3cschool.cn/bootstrap/bootstrap-v2-thumbnails.html]
[7n.w3cschool.cn/attachments/image/20160225/1456385003870173.jpg]
[7n.w3cschool.cn/attachments/image/20160225/1456385003721591.png]
[7n.w3cschool.cn/attachments/image/20160225/1456385003677198.jpg]
[7n.w3cschool.cn/attachments/image/20160225/1456385003686053.jpg]
[www.w3cschool.cn/bootstrap/bootstrap-alerts.html]
[7n.w3cschool.cn/attachments/image/20160225/1456385076656302.png]
[7n.w3cschool.cn/attachments/image/20160225/1456385076309093.jpg]
[7n.w3cschool.cn/attachments/image/20160225/1456385076270106.jpg]
[7n.w3cschool.cn/attachments/image/20160225/1456385076766388.jpg]
[7n.w3cschool.cn/attachments/image/20160225/1456385076939244.jpg]
[7n.w3cschool.cn/attachments/image/20160225/1456385076686605.jpg]
[www.w3cschool.cn/bootstrap/bootstrap-v2-progress-bars.html]
[7n.w3cschool.cn/attachments/uploads/2014/06/mediaobject_demo.jpg]
[7n.w3cschool.cn/attachments/uploads/2014/06/mediaobjectlist_demo.jpg]
[www.w3cschool.cn/bootstrap/bootstrap-media-object.html]
[7n.w3cschool.cn/attachments/uploads/2014/06/basiclistgroup_demo.jpg]
[7n.w3cschool.cn/attachments/uploads/2014/06/badgeslistgroup_demo.jpg]
[7n.w3cschool.cn/attachments/uploads/2014/06/linkslistgroup_demo.jpg]
[7n.w3cschool.cn/attachments/uploads/2014/06/customcontentlistgroup_demo.jpg]
[www.w3cschool.cn/bootstrap/bootstrap-list-group.html]
[7n.w3cschool.cn/attachments/image/20160225/1456385423594380.jpg]
[7n.w3cschool.cn/attachments/image/20160225/1456385424252937.jpg]
[7n.w3cschool.cn/attachments/image/20160225/1456385424993575.jpg]
[7n.w3cschool.cn/attachments/image/20160225/1456385424302367.png]
[7n.w3cschool.cn/attachments/image/20160225/1456385424946074.jpg]
[7n.w3cschool.cn/attachments/image/20160225/1456385424583900.jpg]
[www.w3cschool.cn/bootstrap/bootstrap-list-group-2.html]
[7n.w3cschool.cn/attachments/image/20160225/1456385424899763.jpg]
[www.w3cschool.cn/bootstrap/bootstrap-panels.html]
[7n.w3cschool.cn/attachments/image/20160225/1456385636992127.jpg]
[7n.w3cschool.cn/attachments/image/20160225/1456385636978570.jpg]
[www.w3cschool.cn/bootstrap/9jto5fni.html]
[www.w3cschool.cn/bootstrap/evsruf21.html]
[7n.w3cschool.cn/attachments/image/20160225/1456385920121530.png]
[www.w3cschool.cn/bootstrap/bootstrap-plugins-overview.html]
[7n.w3cschool.cn/attachments/image/20160225/1456385955361588.png]
[www.w3cschool.cn/bootstrap/bootstrap-transition-plugin.html]
[7n.w3cschool.cn/attachments/image/20160225/1456385987425763.png]
[7n.w3cschool.cn/attachments/image/20160225/1456385987489787.jpg]
[7n.w3cschool.cn/attachments/image/20160225/1456385987689716.jpg]
[7n.w3cschool.cn/attachments/image/20160225/1456385987884224.jpg]
[www.w3cschool.cn/bootstrap/bootstrap-modal-plugin.html]
[7n.w3cschool.cn/attachments/uploads/2014/07/defaultnavbar_demo.jpg]
[7n.w3cschool.cn/attachments/uploads/2014/07/tabsdropdown_demo.jpg]
[7n.w3cschool.cn/attachments/uploads/2014/07/dropdownpluginmethods_demo.jpg]
[www.w3cschool.cn/bootstrap/bootstrap-dropdown-plugin.html]
[7n.w3cschool.cn/attachments/uploads/2014/07/scrollspyplugin_demo.jpg]
[7n.w3cschool.cn/attachments/uploads/2014/07/scrollspypluginmethods_demo.jpg]
[7n.w3cschool.cn/attachments/uploads/2014/07/scrollspypluginevents_demo.jpg]
[www.w3cschool.cn/bootstrap/bootstrap-scrollspy-plugin.html]
[7n.w3cschool.cn/attachments/image/20160225/1456386076707400.png]
[7n.w3cschool.cn/attachments/image/20160225/1456386076920765.jpg]
[7n.w3cschool.cn/attachments/image/20160225/1456386076746971.jpg]
[7n.w3cschool.cn/attachments/image/20160225/1456386076142938.jpg]
[www.w3cschool.cn/bootstrap/bootstrap-tab-plugin.html]
[7n.w3cschool.cn/attachments/image/20160225/1456386169113241.png]
[7n.w3cschool.cn/attachments/image/20160225/1456386169852258.jpg]
[7n.w3cschool.cn/attachments/image/20160225/1456386169467266.jpg]
[7n.w3cschool.cn/attachments/image/20160225/1456386169778751.jpg]
[www.w3cschool.cn/bootstrap/5pj86fnj.html]
[www.w3cschool.cn/bootstrap/bootstrap-tooltip-plugin.html]
[7n.w3cschool.cn/attachments/uploads/2014/07/popoverplugin_demo.jpg]
[7n.w3cschool.cn/attachments/uploads/2014/07/popoverpluginmethods_demo.jpg]
[7n.w3cschool.cn/attachments/uploads/2014/07/popoverpluginevents_demo.jpg]
[www.w3cschool.cn/bootstrap/bootstrap-popover-plugin.html]
[7n.w3cschool.cn/attachments/image/20160225/1456386224957800.jpg]
[7n.w3cschool.cn/attachments/image/20160225/1456386225530696.jpg]
[www.w3cschool.cn/bootstrap/bootstrap-alert-plugin.html]
[7n.w3cschool.cn/attachments/image/20160225/1456386248107085.png]
[7n.w3cschool.cn/attachments/image/20160225/1456386248450976.jpg]
[7n.w3cschool.cn/attachments/image/20160225/1456386248773872.jpg]
[7n.w3cschool.cn/attachments/image/20160225/1456386248523211.jpg]
[7n.w3cschool.cn/attachments/image/20160225/1456386248493057.jpg]
[7n.w3cschool.cn/attachments/image/20160225/1456386248742854.jpg]
[www.w3cschool.cn/bootstrap/bootstrap-button-plugin.html]
[7n.w3cschool.cn/attachments/image/20160225/1456386500416219.png]
[7n.w3cschool.cn/attachments/image/20160225/1456386500418854.jpg]
[7n.w3cschool.cn/attachments/image/20160225/1456386500900903.jpg]
[7n.w3cschool.cn/attachments/image/20160225/1456386500642129.jpg]
[7n.w3cschool.cn/attachments/image/20160225/1456386500891225.jpg]
[www.w3cschool.cn/bootstrap/bootstrap-collapse-plugin.html]
[7n.w3cschool.cn/attachments/image/20160225/1456386636842111.png]
[7n.w3cschool.cn/attachments/image/20160225/1456386636669003.jpg]
[7n.w3cschool.cn/attachments/image/20160225/1456386636728310.jpg]
[7n.w3cschool.cn/attachments/image/20160225/1456386636774948.jpg]
[7n.w3cschool.cn/attachments/image/20160225/1456386636342809.jpg]
[www.w3cschool.cn/bootstrap/bootstrap-carousel-plugin.html]
[7n.w3cschool.cn/attachments/image/20160225/1456386704494513.png]
[7n.w3cschool.cn/attachments/image/20160225/1456386704112680.jpg]
[www.w3cschool.cn/bootstrap/bootstrap-affix-plugin.html]
[www.w3cschool.cn/bootstrap/89qvef21.html]
[7n.w3cschool.cn/attachments/image/20160225/1456387220207288.jpg]
[7n.w3cschool.cn/attachments/image/20160225/1456387220455397.jpg]
[7n.w3cschool.cn/attachments/image/20160225/1456387220253269.jpg]
[7n.w3cschool.cn/attachments/image/20160225/1456387220307498.jpg]
[7n.w3cschool.cn/attachments/image/20160225/1456387220989616.jpg]
[7n.w3cschool.cn/attachments/image/20160225/1456387220347993.jpg]
[7n.w3cschool.cn/attachments/image/20160225/1456387221579274.jpg]
[7n.w3cschool.cn/attachments/image/20160225/1456387221342582.jpg]
[7n.w3cschool.cn/attachments/image/20160225/1456387221548515.jpg]
[7n.w3cschool.cn/attachments/image/20160225/1456387221618892.jpg]
[7n.w3cschool.cn/attachments/image/20160225/1456387221730753.jpg]
[7n.w3cschool.cn/attachments/image/20160225/1456387221562838.jpg]
[7n.w3cschool.cn/attachments/image/20160225/1456387221692639.jpg]
[7n.w3cschool.cn/attachments/image/20160225/1456387221298952.jpg]
[7n.w3cschool.cn/attachments/image/20160225/1456387221697713.jpg]
[www.w3cschool.cn/bootstrap/bootstrap-ui-editor.html]
[www.w3cschool.cn/bootstrap/bootstrap-v2-css-overview.html]
[www.w3cschool.cn/bootstrap/bootstrap-v2-responsive-design.html]
[www.w3cschool.cn/bootstrap/bootstrap-v2-images.html]
[www.w3cschool.cn/bootstrap/bootstrap-v2-nav.html]
[www.w3cschool.cn/bootstrap/bootstrap-v2-navbar.html]
[www.w3cschool.cn/bootstrap/bootstrap-v2-inlinelabels-badges.html]
[www.w3cschool.cn/bootstrap/bootstrap-v2-pagination.html]
[www.w3cschool.cn/bootstrap/bootstrap-v2-alerts-errors.html]
[www.w3cschool.cn/bootstrap/bootstrap-v2-list-group.html]
[www.w3cschool.cn/bootstrap/bootstrap-v2-less.html]
[www.w3cschool.cn/bootstrap/bootstrap-v2-modal-plugin.html]
[www.w3cschool.cn/bootstrap/bootstrap-v2-popover-plugin.html]
[www.w3cschool.cn/bootstrap/bootstrap-v2-scrollspy-plugin.html]
[www.w3cschool.cn/bootstrap/bootstrap-v2-carousel-plugin.html]
[www.w3cschool.cn/bootstrap/bootstrap-v2-typeahead-plugin.html]
[www.w3cschool.cn/bootstrap/bootstrap-v2-tutorial.html]
[www.w3cschool.cn/bootstrap/bootstrap-html-codeguide.html]
[www.w3cschool.cn/bootstrap/bootstrap-v2-collapse-plugin.html]
[www.w3cschool.cn/bootstrap/bootstrap-css-codeguide-html.html]
[www.w3cschool.cn/bootstrap/bootstrap-b4v222x8.html]
[www.w3cschool.cn/bootstrap/bootstrap-n1hq2064.html]
[www.w3cschool.cn/bootstrap/html-css-bootstrap-grid-system.html]
[www.w3cschool.cn/bootstrap/html-css-bootstrap-grid-column.html]
[www.w3cschool.cn/bootstrap/html-css-bootstrap-dynamic-layout.html]
[www.w3cschool.cn/bootstrap/html-css-bootstrap-grid-utility-class.html]
[www.w3cschool.cn/bootstrap/html-css-bootstrap-buttons.html]
[www.w3cschool.cn/bootstrap/html-css-bootstrap-button-dropdown.html]
[www.w3cschool.cn/bootstrap/html-css-bootstrap-button-group.html]
[www.w3cschool.cn/bootstrap/html-css-bootstrap-button-methods.html]
[www.w3cschool.cn/bootstrap/html-css-bootstrap-checkbox.html]
[www.w3cschool.cn/bootstrap/html-css-bootstrap-form.html]
[www.w3cschool.cn/bootstrap/html-css-bootstrap-form-addon.html]
[www.w3cschool.cn/bootstrap/html-css-bootstrap-form-control-size.html]
[www.w3cschool.cn/bootstrap/html-css-bootstrap-form-disable-readonly.html]
[www.w3cschool.cn/bootstrap/html-css-bootstrap-form-helper.html]
[www.w3cschool.cn/bootstrap/html-css-bootstrap-form-validation.html]
[www.w3cschool.cn/bootstrap/html-css-bootstrap-radiobutton.html]
[www.w3cschool.cn/bootstrap/html-css-bootstrap-accordion.html]
[www.w3cschool.cn/bootstrap/html-css-bootstrap-alert.html]
[www.w3cschool.cn/bootstrap/html-css-bootstrap-blockquote.html]
[www.w3cschool.cn/bootstrap/html-css-bootstrap-breadcrumb.html]
[www.w3cschool.cn/bootstrap/html-css-bootstrap-carousel.html]
[www.w3cschool.cn/bootstrap/html-css-bootstrap-collapse.html]
[www.w3cschool.cn/bootstrap/html-css-bootstrap-dialog.html]
[www.w3cschool.cn/bootstrap/html-css-bootstrap-div-layout.html]
[www.w3cschool.cn/bootstrap/html-css-bootstrap-dropdowns-event.html]
[www.w3cschool.cn/bootstrap/html-css-bootstrap-dropdowns.html]
[www.w3cschool.cn/bootstrap/html-css-bootstrap-glyphicons.html]
[www.w3cschool.cn/bootstrap/html-css-bootstrap-header.html]
[www.w3cschool.cn/bootstrap/html-css-bootstrap-image.html]
[www.w3cschool.cn/bootstrap/html-css-bootstrap-label.html]
[www.w3cschool.cn/bootstrap/html-css-bootstrap-list.html]
[www.w3cschool.cn/bootstrap/html-css-bootstrap-list-group.html]
[www.w3cschool.cn/bootstrap/html-css-bootstrap-media-objects.html]
[www.w3cschool.cn/bootstrap/html-css-bootstrap-navbar.html]
[www.w3cschool.cn/bootstrap/html-css-bootstrap-pagination.html]
[www.w3cschool.cn/bootstrap/html-css-bootstrap-panels.html]
[www.w3cschool.cn/bootstrap/html-css-bootstrap-paragraph.html]
[www.w3cschool.cn/bootstrap/html-css-bootstrap-pills.html]
[www.w3cschool.cn/bootstrap/html-css-bootstrap-pinned.html]
[www.w3cschool.cn/bootstrap/html-css-bootstrap-popovers.html]
[www.w3cschool.cn/bootstrap/html-css-bootstrap-pre.html]
[www.w3cschool.cn/bootstrap/html-css-bootstrap-progressbar.html]
[www.w3cschool.cn/bootstrap/html-css-bootstrap-scrollspy.html]
[www.w3cschool.cn/bootstrap/html-css-bootstrap-tab.html]
[www.w3cschool.cn/bootstrap/html-css-bootstrap-table.html]
[www.w3cschool.cn/bootstrap/html-css-bootstrap-text.html]
[www.w3cschool.cn/bootstrap/html-css-bootstrap-thumnails.html]
[www.w3cschool.cn/bootstrap/html-css-bootstrap-tooltip.html]
[www.w3cschool.cn/bootstrap/html-css-bootstrap-typeahead.html]
[www.w3cschool.cn/bootstrap/html-css-bootstrap-utilities.html]
[www.w3cschool.cn/bootstrap/html-css-bootstrap-well.html]
[www.w3cschool.cn/bootstrap/html-css-bootstrap-setup.html]
[www.w3cschool.cn/bootstrap/bootstrap-gpzh2062.html]
[www.w3cschool.cn/bootstrap/bootstrap-raxz28in.html]
[www.w3cschool.cn/bootstrap/bootstrap-uow62fyg.html]
[7n.w3cschool.cn/attachments/day_180918/201809181432554785.jpg]
[www.w3cschool.cn/bootstrap/bootstrap-o38d28im.html]
[7n.w3cschool.cn/attachments/day_180918/201809181437458715.jpg]
[7n.w3cschool.cn/attachments/day_180918/201809181446224544.jpg]
[7n.w3cschool.cn/attachments/day_180918/201809181449202689.jpg]
[7n.w3cschool.cn/attachments/day_180918/201809181452128442.jpg]
[www.w3cschool.cn/bootstrap/bootstrap-progress-bars.html]
[www.w3cschool.cn/attachments/avatar2/avatar_63.jpg]
[www.w3cschool.cn/attachments/avatar2/avatar_19424.png]
[www.w3cschool.cn/attachments/avatar2/avatar_26391.jpg]
[www.w3cschool.cn/attachments/avatar2/avatar_28735.jpg]
[www.w3cschool.cn/attachments/avatar2/avatar_21897.jpg]
[www.w3cschool.cn/attachments/avatar2/avatar_530301.jpg]
[www.w3cschool.cn/attachments/avatar2/avatar_25712.jpg]
[www.w3cschool.cn/bootstrap/question-10231552.html]
[www.w3cschool.cn/plugins/ueditor/third-party/SyntaxHighlighter/shCore.js]
[www.w3cschool.cn/statics/js/share.js]
[www.w3cschool.cn/attachments/avatar2/avatar_225.jpg]
[www.w3cschool.cn/attachments/avatar2/avatar_61250.jpg]
[www.w3cschool.cn/bootstrap/question-10231501.html]
[www.w3cschool.cn/attachments/avatar2/avatar_11841.jpg]
[www.w3cschool.cn/attachments/avatar2/avatar_37044.jpg]
[www.w3cschool.cn/bootstrap/question-10231503.html]
[www.w3cschool.cn/bootstrap/question-10231500.html]
[www.w3cschool.cn/bootstrap/question-10231502.html]
[www.w3cschool.cn/attachments/image/20161019/1476844549852912.png]
[www.w3cschool.cn/bootstrap/question-10231504.html]
[www.w3cschool.cn/bootstrap/question-10231505.html]
[www.w3cschool.cn/bootstrap/index-2.html]
[7nsts.w3cschool.cn/images/w3c/icon-copy.html]
[www.w3cschool.cn/bootstrap/list4658.html]
[www.w3cschool.cn/bootstrap/list2679.html]
[www.w3cschool.cn/bootstrap/list9ba9.html]
[www.w3cschool.cn/bootstrap/listfdb0.html]
[www.w3cschool.cn/bootstrap/listaf4d.html]
[www.w3cschool.cn/bootstrap/listc575.html]
[www.w3cschool.cn/bootstrap/list235c.html]
[www.w3cschool.cn/bootstrap/bootstrap-eg6822xa.html]
[www.w3cschool.cn/bootstrap/bootstrap-cjfi206m.html]
[www.w3cschool.cn/bootstrap/bootstrap-guel206b.html]
[www.w3cschool.cn/bootstrap/listfdfa.html]
[www.w3cschool.cn/bootstrap/list0b08.html]
[www.w3cschool.cn/bootstrap/bootstrap-u8pz2069.html]
[www.w3cschool.cn/bootstrap/tz9m1px6.html]
[www.w3cschool.cn/bootstrap/bootstrap-thumbnails.html]
[www.w3cschool.cn/bootstrap/bootstrap-breadcrumbs.html]
[www.w3cschool.cn/bootstrap/bootstrap-typography.html]
[www.w3cschool.cn/bootstrap/list1448.html]
[www.w3cschool.cn/bootstrap/bootstrap-grid-system.html]
[www.w3cschool.cn/bootstrap/bootstrap-wells.html]
[www.w3cschool.cn/bootstrap/list1c8b.html]
[www.w3cschool.cn/bootstrap/bootstrap-glyphicons.html]
[www.w3cschool.cn/statics/yimages/thumbs-up.png]
[www.w3cschool.cn/statics/yimages/thumbs-down.png]
[www.w3cschool.cn/statics/yimages/share.png]
[www.w3cschool.cn/statics/yimages/comment-icon.png]
[www.w3cschool.cn/statics/yimages/icon-focus.png]
[www.w3cschool.cn/statics/css/question.css]
[www.w3cschool.cn/bootstrap/topic0e61.html]
[www.w3cschool.cn/bootstrap/topicee8d.html]
[www.w3cschool.cn/bootstrap/topice706.html]
[www.w3cschool.cn/bootstrap/jqxmwf21.html]
[7n.w3cschool.cn/attachments/image/20170309/1489048008607847.jpg]
[www.w3cschool.cn/bootstrap/bootstrap-grid-system-example1.html]
[www.w3cschool.cn/bootstrap/bootstrap-dropdowns.html]
[7n.w3cschool.cn/attachments/image/20180423/1524465038430022.jpg]
[www.w3cschool.cn/bootstrap/bootstrap-tables.html]
[7n.w3cschool.cn/statics/images/course/compatible_ie.gif]
[7n.w3cschool.cn/statics/images/course/compatible_firefox.gif]
[7n.w3cschool.cn/statics/images/course/compatible_opera.gif]
[7n.w3cschool.cn/statics/images/course/compatible_chrome.gif]
[7n.w3cschool.cn/statics/images/course/compatible_safari.gif]
[www.w3cschool.cn/bootstrap/bootstrap-intro.html]
[7n.w3cschool.cn/attachments/image/20170309/1489048213677056.jpg]
[www.w3cschool.cn/bootstrap/bootstrap-grid-system-example3.html]
[7n.w3cschool.cn/attachments/image/20170309/1489048134156559.jpg]
[www.w3cschool.cn/bootstrap/bootstrap-grid-system-example2.html]
[7n.w3cschool.cn/attachments/day_161108/201611081733018125.jpg]
[7n.w3cschool.cn/attachments/day_161108/201611081729451517.jpg]
[www.w3cschool.cn/bootstrap/bootstrap-v2-layout.html]
[7n.w3cschool.cn/attachments/day_161108/201611081726488261.png]
[7n.w3cschool.cn/attachments/day_161108/201611081727115932.png]
[7n.w3cschool.cn/attachments/day_161108/201611081727341560.png]
[7n.w3cschool.cn/attachments/day_161108/201611081727501109.png]
[www.w3cschool.cn/bootstrap/bootstrap-v2-glyphicons.html]
[www.w3cschool.cn/bootstrap/bootstrap-v2-icons.html]
[www.w3cschool.cn/bootstrap/m471bf21.html]
[www.w3cschool.cn/bootstrap/sknxvf21.html]
[www.w3cschool.cn/bootstrap/bootstrap-forms.html]
[www.w3cschool.cn/bootstrap/bootstrap-buttons.html]
[www.w3cschool.cn/bootstrap/html-css-bootstrap-jumbotron.html]
[www.w3cschool.cn/bootstrap/bootstrap-list-group-2.html]
[www.w3cschool.cn/bootstrap/evsruf21.html]
[7n.w3cschool.cn/attachments/uploads/2014/07/tooltipplugin_demo.jpg]
[7n.w3cschool.cn/attachments/uploads/2014/07/tooltippluginmethods_demo.jpg]
[7n.w3cschool.cn/attachments/uploads/2014/07/tooltippluginevents_demo.jpg]
[www.w3cschool.cn/bootstrap/bootstrap-tooltip-plugin.html]
[www.w3cschool.cn/bootstrap/89qvef21.html]
[www.w3cschool.cn/wp-content/uploads/2014/01/22215715_Q4F0.html]
[www.w3cschool.cn/bootstrap/bootstrap-v2-css-overview.html]
[www.w3cschool.cn/bootstrap/bootstrap-v2-responsive-design.html]
[7n.w3cschool.cn/statics/images/course/image-rounded-corners-screenshot.png]
[7n.w3cschool.cn/statics/images/course/image-with-thumbnail-screenshot.png]
[7n.w3cschool.cn/statics/images/course/image-with-circle-screenshot.png]
[www.w3cschool.cn/bootstrap/bootstrap-v2-images.html]
[7n.w3cschool.cn/attachments/day_161108/201611081551248720.png]
[7n.w3cschool.cn/attachments/day_161108/201611081551381819.png]
[7n.w3cschool.cn/attachments/day_161108/201611081551502057.png]
[7n.w3cschool.cn/attachments/day_161108/201611081552054332.png]
[7n.w3cschool.cn/attachments/day_161108/201611081553211978.png]
[7n.w3cschool.cn/attachments/day_161108/201611081553297488.png]
[7n.w3cschool.cn/attachments/day_161108/201611081553416523.png]
[7n.w3cschool.cn/attachments/day_161108/201611081553487231.png]
[7n.w3cschool.cn/attachments/day_161108/201611081555163333.png]
[7n.w3cschool.cn/attachments/day_161108/201611081555042776.png]
[www.w3cschool.cn/bootstrap/bootstrap-v2-nav.html]
[7n.w3cschool.cn/attachments/day_161108/201611081527208349.png]
[www.w3cschool.cn/bootstrap/bootstrap-v2-navbar.html]
[7n.w3cschool.cn/statics/images/course/blockquote-end.gif]
[www.w3cschool.cn/bootstrap/bootstrap-v2-inlinelabels-badges.html]
[www.w3cschool.cn/bootstrap/bootstrap-v2-pagination.html]
[7n.w3cschool.cn/attachments/day_161103/201611031620089467.png]
[7n.w3cschool.cn/attachments/day_161103/201611031651326727.png]
[7n.w3cschool.cn/attachments/day_161103/201611031703336029.png]
[www.w3cschool.cn/bootstrap/bootstrap-v2-alerts-errors.html]
[7n.w3cschool.cn/statics/images/course/pricing-table-screenshot.png]
[7n.w3cschool.cn/statics/images/course/2013/12/list-group-example-screenshot.png]
[www.w3cschool.cn/bootstrap/bootstrap-v2-list-group.html]
[www.w3cschool.cn/bootstrap/bootstrap-v2-less.html]
[7n.w3cschool.cn/attachments/day_161108/201611081541138955.png]
[www.w3cschool.cn/bootstrap/bootstrap-v2-modal-plugin.html]
[www.w3cschool.cn/bootstrap/bootstrap-v2-popover-plugin.html]
[7n.w3cschool.cn/statics/images/course/scrollspy.jpg]
[www.w3cschool.cn/bootstrap/bootstrap-v2-scrollspy-plugin.html]
[www.w3cschool.cn/bootstrap/bootstrap-v2-carousel-plugin.html]
[www.w3cschool.cn/bootstrap/bootstrap-v2-typeahead-plugin.html]
[www.w3cschool.cn/bootstrap/bootstrap-v2-collapse-plugin.html]
[www.w3cschool.cn/bootstrap/bootstrap-b4v222x8.html]
[www.w3cschool.cn/bootstrap/bootstrap-n1hq2064.html]
[www.w3cschool.cn/bootstrap/html-css-bootstrap-grid-system.html]
[www.w3cschool.cn/bootstrap/html-css-bootstrap-grid-column.html]
[www.w3cschool.cn/bootstrap/html-css-bootstrap-dynamic-layout.html]
[www.w3cschool.cn/bootstrap/html-css-bootstrap-grid-utility-class.html]
[www.w3cschool.cn/bootstrap/_.250.delayed]
[7n.w3cschool.cn/attachments/image/20170107/1483755257887200.jpg]
[7n.w3cschool.cn/attachments/image/20170107/1483755477382288.jpg]
[7n.w3cschool.cn/attachments/image/20170107/1483755528277948.jpg]
[7n.w3cschool.cn/attachments/image/20170228/1488265932529722.png]
[7n.w3cschool.cn/attachments/image/20170107/1483755550920806.jpg]
[7n.w3cschool.cn/attachments/image/20170107/1483755590806408.jpg]
[7n.w3cschool.cn/attachments/image/20170107/1483755631824809.jpg]
[7n.w3cschool.cn/attachments/image/20170107/1483755652808997.jpg]
[www.w3cschool.cn/bootstrap/html-css-bootstrap-buttons.html]
[www.w3cschool.cn/bootstrap/html-css-bootstrap-button-dropdown.html]
[www.w3cschool.cn/bootstrap/html-css-bootstrap-button-group.html]
[www.w3cschool.cn/bootstrap/&quot_来自bootstrap教程，w3cschool。_]
[www.w3cschool.cn/bootstrap/html-css-bootstrap-button-methods.html]
[www.w3cschool.cn/bootstrap/html-css-bootstrap-checkbox.html]
[www.w3cschool.cn/bootstrap/html-css-bootstrap-form.html]
[www.w3cschool.cn/bootstrap/html-css-bootstrap-form-addon.html]
[www.w3cschool.cn/bootstrap/html-css-bootstrap-form-control-size.html]
[www.w3cschool.cn/bootstrap/html-css-bootstrap-form-disable-readonly.html]
[www.w3cschool.cn/bootstrap/html-css-bootstrap-form-helper.html]
[www.w3cschool.cn/bootstrap/html-css-bootstrap-form-validation.html]
[www.w3cschool.cn/bootstrap/_ht_来自bootstrap教程，w3cschool。_]
[www.w3cschool.cn/bootstrap/html-css-bootstrap-radiobutton.html]
[www.w3cschool.cn/bootstrap/html-css-bootstrap-accordion.html]
[www.w3cschool.cn/bootstrap/html-css-bootstrap-alert.html]
[www.w3cschool.cn/bootstrap/_/www.w3cschool.cn/statics/plug_来自bootstrap教程，w3cschool。_]
[www.w3cschool.cn/bootstrap/html-css-bootstrap-blockquote.html]
[www.w3cschool.cn/bootstrap/html-css-bootstrap-breadcrumb.html]
[www.w3cschool.cn/bootstrap/html-css-bootstrap-carousel.html]
[www.w3cschool.cn/bootstrap/html-css-bootstrap-collapse.html]
[www.w3cschool.cn/bootstrap/html-css-bootstrap-dialog.html]
[www.w3cschool.cn/bootstrap/_/www.w3cschool.cn/statics/plugins/bootstrapold/c_来自bootstrap教程，w3cschool。_]
[www.w3cschool.cn/bootstrap/html-css-bootstrap-div-layout.html]
[www.w3cschool.cn/bootstrap/html-css-bootstrap-dropdowns-event.html]
[www.w3cschool.cn/bootstrap/html-css-bootstrap-dropdowns.html]
[www.w3cschool.cn/bootstrap/html-css-bootstrap-glyphicons.html]
[www.w3cschool.cn/bootstrap/_https__来自bootstrap教程，w3cschool。_]
[www.w3cschool.cn/bootstrap/html-css-bootstrap-header.html]
[www.w3cschool.cn/bootstrap/_/ww_来自bootstrap教程，w3cschool。_]
[www.w3cschool.cn/bootstrap/html-css-bootstrap-image.html]
[www.w3cschool.cn/bootstrap/html-css-bootstrap-label.html]
[www.w3cschool.cn/bootstrap/html-css-bootstrap-list.html]
[www.w3cschool.cn/bootstrap/_https_/maxcdn.boot_来自bootstrap教程，w3cschool。_]
[www.w3cschool.cn/bootstrap/html-css-bootstrap-list-group.html]
[www.w3cschool.cn/bootstrap/html-css-bootstrap-media-objects.html]
[www.w3cschool.cn/bootstrap/html-css-bootstrap-navbar.html]
[www.w3cschool.cn/bootstrap/html-css-bootstrap-pagination.html]
[www.w3cschool.cn/bootstrap/html-css-bootstrap-panels.html]
[www.w3cschool.cn/bootstrap/html-css-bootstrap-paragraph.html]
[www.w3cschool.cn/bootstrap/html-css-bootstrap-pills.html]
[www.w3cschool.cn/bootstrap/html-css-bootstrap-pinned.html]
[www.w3cschool.cn/bootstrap/html-css-bootstrap-popovers.html]
[www.w3cschool.cn/bootstrap/_/www.w3cschool.cn/style/bootstrap.min_来自bootstrap教程，w3cschool。_]
[www.w3cschool.cn/bootstrap/html-css-bootstrap-pre.html]
[www.w3cschool.cn/bootstrap/html-css-bootstrap-progressbar.html]
[www.w3cschool.cn/bootstrap/html-css-bootstrap-scrollspy.html]
[www.w3cschool.cn/bootstrap/html-css-bootstrap-tab.html]
[www.w3cschool.cn/bootstrap/html-css-bootstrap-table.html]
[www.w3cschool.cn/bootstrap/html-css-bootstrap-text.html]
[www.w3cschool.cn/bootstrap/html-css-bootstrap-thumnails.html]
[www.w3cschool.cn/bootstrap/html-css-bootstrap-tooltip.html]
[www.w3cschool.cn/bootstrap/html-css-bootstrap-typeahead.html]
[www.w3cschool.cn/bootstrap/html-css-bootstrap-utilities.html]
[www.w3cschool.cn/bootstrap/_https_/maxc_来自bootstrap教程，w3cschool。_]
[www.w3cschool.cn/bootstrap/html-css-bootstrap-well.html]
[www.w3cschool.cn/bootstrap/bootstrap-gpzh2062.html]
[www.w3cschool.cn/bootstrap/bootstrap-o38d28im.html]
[www.w3cschool.cn/bootstrap/list2679.html]
[www.w3cschool.cn/bootstrap/bootstrap-eg6822xa.html]
[www.w3cschool.cn/bootstrap/bootstrap-cjfi206m.html]
[www.w3cschool.cn/bootstrap/bootstrap-guel206b.html]
[www.w3cschool.cn/bootstrap/bootstrap-u8pz2069.html]
[www.w3cschool.cn/bootstrap/tz9m1px6.html]
[7n.w3cschool.cn/attachments/image/bs-thumbnails.jpg]
[www.w3cschool.cn/bootstrap/bootstrap-thumbnails.html]
[www.w3cschool.cn/bootstrap/bootstrap-breadcrumbs.html]
[7n.w3cschool.cn/attachments/image/bte.jpg]
[www.w3cschool.cn/bootstrap/bootstrap-typography.html]
[www.w3cschool.cn/bootstrap/bootstrap-grid-system.html]
[7n.w3cschool.cn/attachments/uploads/2014/06/wells_demo.jpg]
[7n.w3cschool.cn/attachments/uploads/2014/06/wellssize_demo.jpg]
[www.w3cschool.cn/bootstrap/bootstrap-wells.html]
[7n.w3cschool.cn/attachments/uploads/2014/06/glyphicon_demo.jpg]
[www.w3cschool.cn/bootstrap/bootstrap-glyphicons.html]
[www.w3cschool.cn/wp-content/uploads/2014/06/basicdropdown_demo.html]
[www.w3cschool.cn/wp-content/uploads/2014/06/dropdownalignright_demo.html]
[www.w3cschool.cn/wp-content/uploads/2014/06/dropdownheader_demo.html]
[www.w3cschool.cn/wp-content/uploads/2014/06/stripedtable_demo.html]
[www.w3cschool.cn/wp-content/uploads/2014/06/boderedtable_demo.html]
[www.w3cschool.cn/wp-content/uploads/2014/06/hovertable_demo.html]
[www.w3cschool.cn/wp-content/uploads/2014/06/condensedtable_demo.html]
[www.w3cschool.cn/wp-content/uploads/2014/06/contextualtable_demo.html]
[www.w3cschool.cn/wp-content/uploads/2014/06/responsive_demo.html]
[www.w3cschool.cn/wp-content/uploads/2014/06/responsive.html]
[www.w3cschool.cn/wp-content/uploads/2014/06/basicform_demo.html]
[www.w3cschool.cn/wp-content/uploads/2014/06/inlineform_demo.html]
[www.w3cschool.cn/wp-content/uploads/2014/06/horizontalform_demo.html]
[www.w3cschool.cn/wp-content/uploads/2014/06/inputs_demo.html]
[www.w3cschool.cn/wp-content/uploads/2014/06/textarea_demo.html]
[www.w3cschool.cn/wp-content/uploads/2014/06/checkbox_demo.html]
[www.w3cschool.cn/wp-content/uploads/2014/06/select_demo.html]
[www.w3cschool.cn/wp-content/uploads/2014/06/staticcontrol_demo.html]
[www.w3cschool.cn/wp-content/uploads/2014/06/formcontrolstate_demo.html]
[www.w3cschool.cn/wp-content/uploads/2014/06/formcontrolsize_demo.html]
[www.w3cschool.cn/wp-content/uploads/2014/06/formhelptext_demo.html]
[www.w3cschool.cn/wp-content/uploads/2014/06/buttonoptions_demo.html]
[www.w3cschool.cn/wp-content/uploads/2014/06/buttonsize_demo.html]
[www.w3cschool.cn/wp-content/uploads/2014/06/buttonactivestate_demo.html]
[www.w3cschool.cn/wp-content/uploads/2014/06/buttondisabledstate_demo.html]
[www.w3cschool.cn/wp-content/uploads/2014/06/buttontags_demo.html]
[www.w3cschool.cn/images/quote.html]
[7n.w3cschool.cn/statics/images/course/image-rounded-corners-screenshot.html]
[7n.w3cschool.cn/statics/images/course/image-with-thumbnail-screenshot.html]
[7n.w3cschool.cn/statics/images/course/image-with-circle-screenshot.html]
[7n.w3cschool.cn/statics/images/course/blockquote-end.html]
[7n.w3cschool.cn/statics/images/course/pricing-table-screenshot.html]
[7n.w3cschool.cn/statics/images/course/2013/12/list-group-example-screenshot.html]
[7n.w3cschool.cn/statics/images/course/scrollspy.html]
[www.w3cschool.cn/bootstrap/_.html]
[www.w3cschool.cn/bootstrap/&quot_来自bootstrap教程，w3cschool。_.html]
[www.w3cschool.cn/bootstrap/_ht_来自bootstrap教程，w3cschool。_.html]
[www.w3cschool.cn/bootstrap/_/www.w3cschool.cn/statics/plug_来自bootstrap教程，w3cschool。_.html]
[www.w3cschool.cn/bootstrap/_/www.w3cschool.cn/statics/plugins/bootstrapold/c_来自bootstrap教程，w3cschool。_.html]
[www.w3cschool.cn/bootstrap/_https__来自bootstrap教程，w3cschool。_.html]
[www.w3cschool.cn/bootstrap/_/ww_来自bootstrap教程，w3cschool。_.html]
[www.w3cschool.cn/bootstrap/_https_/maxcdn.html]
[www.w3cschool.cn/bootstrap/_/www.w3cschool.cn/style/bootstrap.html]
[www.w3cschool.cn/bootstrap/_https_/maxc_来自bootstrap教程，w3cschool。_.html]
[www.w3cschool.cn/wp-content/uploads/2014/06/thumbnail_demo.html]
[7n.w3cschool.cn/attachments/image/bs-thumbnails.html]
[www.w3cschool.cn/wp-content/uploads/2014/06/breadcrumb_demo.html]
[www.w3cschool.cn/wp-content/uploads/2014/06/headings_demo.html]
[www.w3cschool.cn/wp-content/uploads/2014/06/inline_subheadings_demo.html]
[www.w3cschool.cn/wp-content/uploads/2014/06/lead_bodycopy_demo.html]
[7n.w3cschool.cn/attachments/image/bte.html]
[www.w3cschool.cn/wp-content/uploads/2013/10/abbreviation_demo.html]
[www.w3cschool.cn/wp-content/uploads/2013/10/address_demo.html]
[www.w3cschool.cn/wp-content/uploads/2014/06/blockquote_demo.html]
[www.w3cschool.cn/wp-content/uploads/2014/06/list_demo.html]
[www.w3cschool.cn/wp-content/uploads/2014/06/gridsys_offsetcolumns_demo.html]
[www.w3cschool.cn/wp-content/uploads/2014/06/gridsys_nestingcolumns_demo.html]
[www.w3cschool.cn/wp-content/uploads/2014/06/gridsys_columnordering_demo.html]
